Benchmark 1: /Users/wen/Projects/wen.works/dist-newstyle/build/aarch64-osx/ghc-9.12.2/lets-list-all-programs-0.1.0.0/t/lets-list-all-programs/build/lets-list-all-programs/lets-list-all-programs count --system=STRLC --parallel-conjunction-strategy=OF --depth=1 +RTS  -RTS
0
0
0
0
0
0
0
0
0
0
0
0
0
0
0
0
0
0
0
0
0
0
0
  Time (mean ± σ):      16.5 ms ±   0.5 ms    [User: 2.5 ms, System: 2.6 ms]
  Range (min … max):    15.3 ms …  17.2 ms    20 runs
 
Benchmark 2: /Users/wen/Projects/wen.works/dist-newstyle/build/aarch64-osx/ghc-9.12.2/lets-list-all-programs-0.1.0.0/t/lets-list-all-programs/build/lets-list-all-programs/lets-list-all-programs count --system=STRLC --parallel-conjunction-strategy=OF --depth=2 +RTS  -RTS
1
1
1
1
1
1
1
1
1
1
1
1
1
1
1
1
1
1
1
1
1
1
1
  Time (mean ± σ):      16.6 ms ±   0.3 ms    [User: 2.5 ms, System: 2.8 ms]
  Range (min … max):    16.0 ms …  17.2 ms    20 runs
 
Benchmark 3: /Users/wen/Projects/wen.works/dist-newstyle/build/aarch64-osx/ghc-9.12.2/lets-list-all-programs-0.1.0.0/t/lets-list-all-programs/build/lets-list-all-programs/lets-list-all-programs count --system=STRLC --parallel-conjunction-strategy=OF --depth=3 +RTS  -RTS
1
1
1
1
1
1
1
1
1
1
1
1
1
1
1
1
1
1
1
1
1
1
1
  Time (mean ± σ):      16.7 ms ±   0.1 ms    [User: 2.6 ms, System: 2.6 ms]
  Range (min … max):    16.2 ms …  16.9 ms    20 runs
 
Benchmark 4: /Users/wen/Projects/wen.works/dist-newstyle/build/aarch64-osx/ghc-9.12.2/lets-list-all-programs-0.1.0.0/t/lets-list-all-programs/build/lets-list-all-programs/lets-list-all-programs count --system=STRLC --parallel-conjunction-strategy=OF --depth=4 +RTS  -RTS
1
1
1
1
1
1
1
1
1
1
1
1
1
1
1
1
1
1
1
1
1
1
1
  Time (mean ± σ):      16.4 ms ±   0.4 ms    [User: 2.6 ms, System: 2.5 ms]
  Range (min … max):    15.7 ms …  16.8 ms    20 runs
 
Benchmark 5: /Users/wen/Projects/wen.works/dist-newstyle/build/aarch64-osx/ghc-9.12.2/lets-list-all-programs-0.1.0.0/t/lets-list-all-programs/build/lets-list-all-programs/lets-list-all-programs count --system=STRLC --parallel-conjunction-strategy=OF --depth=5 +RTS  -RTS
1
1
1
1
1
1
1
1
1
1
1
1
1
1
1
1
1
1
1
1
1
1
1
  Time (mean ± σ):      16.5 ms ±   0.3 ms    [User: 2.6 ms, System: 2.6 ms]
  Range (min … max):    15.9 ms …  16.8 ms    20 runs
 
Benchmark 6: /Users/wen/Projects/wen.works/dist-newstyle/build/aarch64-osx/ghc-9.12.2/lets-list-all-programs-0.1.0.0/t/lets-list-all-programs/build/lets-list-all-programs/lets-list-all-programs count --system=STRLC --parallel-conjunction-strategy=OF --depth=6 +RTS  -RTS
2
2
2
2
2
2
2
2
2
2
2
2
2
2
2
2
2
2
2
2
2
2
2
  Time (mean ± σ):      16.5 ms ±   0.6 ms    [User: 2.6 ms, System: 2.6 ms]
  Range (min … max):    14.5 ms …  17.3 ms    20 runs
 
Benchmark 7: /Users/wen/Projects/wen.works/dist-newstyle/build/aarch64-osx/ghc-9.12.2/lets-list-all-programs-0.1.0.0/t/lets-list-all-programs/build/lets-list-all-programs/lets-list-all-programs count --system=STRLC --parallel-conjunction-strategy=OF --depth=7 +RTS  -RTS
2
2
2
2
2
2
2
2
2
2
2
2
2
2
2
2
2
2
2
2
2
2
2
  Time (mean ± σ):      16.5 ms ±   0.3 ms    [User: 2.6 ms, System: 2.7 ms]
  Range (min … max):    15.9 ms …  16.9 ms    20 runs
 
Benchmark 8: /Users/wen/Projects/wen.works/dist-newstyle/build/aarch64-osx/ghc-9.12.2/lets-list-all-programs-0.1.0.0/t/lets-list-all-programs/build/lets-list-all-programs/lets-list-all-programs count --system=STRLC --parallel-conjunction-strategy=OF --depth=8 +RTS  -RTS
3
3
3
3
3
3
3
3
3
3
3
3
3
3
3
3
3
3
3
3
3
3
3
  Time (mean ± σ):      16.8 ms ±   0.3 ms    [User: 2.6 ms, System: 2.9 ms]
  Range (min … max):    16.1 ms …  17.5 ms    20 runs
 
Benchmark 9: /Users/wen/Projects/wen.works/dist-newstyle/build/aarch64-osx/ghc-9.12.2/lets-list-all-programs-0.1.0.0/t/lets-list-all-programs/build/lets-list-all-programs/lets-list-all-programs count --system=STRLC --parallel-conjunction-strategy=OF --depth=9 +RTS  -RTS
3
3
3
3
3
3
3
3
3
3
3
3
3
3
3
3
3
3
3
3
3
3
3
  Time (mean ± σ):      16.6 ms ±   0.2 ms    [User: 2.6 ms, System: 2.7 ms]
  Range (min … max):    16.0 ms …  17.1 ms    20 runs
 
Benchmark 10: /Users/wen/Projects/wen.works/dist-newstyle/build/aarch64-osx/ghc-9.12.2/lets-list-all-programs-0.1.0.0/t/lets-list-all-programs/build/lets-list-all-programs/lets-list-all-programs count --system=STRLC --parallel-conjunction-strategy=OF --depth=10 +RTS  -RTS
5
5
5
5
5
5
5
5
5
5
5
5
5
5
5
5
5
5
5
5
5
5
5
  Time (mean ± σ):      16.5 ms ±   0.3 ms    [User: 2.6 ms, System: 2.6 ms]
  Range (min … max):    15.8 ms …  16.8 ms    20 runs
 
Benchmark 11: /Users/wen/Projects/wen.works/dist-newstyle/build/aarch64-osx/ghc-9.12.2/lets-list-all-programs-0.1.0.0/t/lets-list-all-programs/build/lets-list-all-programs/lets-list-all-programs count --system=STRLC --parallel-conjunction-strategy=OF --depth=11 +RTS  -RTS
5
5
5
5
5
5
5
5
5
5
5
5
5
5
5
5
5
5
5
5
5
5
5
  Time (mean ± σ):      16.7 ms ±   0.4 ms    [User: 2.7 ms, System: 2.8 ms]
  Range (min … max):    15.6 ms …  17.5 ms    20 runs
 
Benchmark 12: /Users/wen/Projects/wen.works/dist-newstyle/build/aarch64-osx/ghc-9.12.2/lets-list-all-programs-0.1.0.0/t/lets-list-all-programs/build/lets-list-all-programs/lets-list-all-programs count --system=STRLC --parallel-conjunction-strategy=OF --depth=12 +RTS  -RTS
9
9
9
9
9
9
9
9
9
9
9
9
9
9
9
9
9
9
9
9
9
9
9
  Time (mean ± σ):      16.7 ms ±   0.3 ms    [User: 2.8 ms, System: 2.8 ms]
  Range (min … max):    16.1 ms …  17.3 ms    20 runs
 
Benchmark 13: /Users/wen/Projects/wen.works/dist-newstyle/build/aarch64-osx/ghc-9.12.2/lets-list-all-programs-0.1.0.0/t/lets-list-all-programs/build/lets-list-all-programs/lets-list-all-programs count --system=STRLC --parallel-conjunction-strategy=OF --depth=13 +RTS  -RTS
9
9
9
9
9
9
9
9
9
9
9
9
9
9
9
9
9
9
9
9
9
9
9
  Time (mean ± σ):      16.9 ms ±   0.3 ms    [User: 3.0 ms, System: 3.0 ms]
  Range (min … max):    16.6 ms …  17.6 ms    20 runs
 
Benchmark 14: /Users/wen/Projects/wen.works/dist-newstyle/build/aarch64-osx/ghc-9.12.2/lets-list-all-programs-0.1.0.0/t/lets-list-all-programs/build/lets-list-all-programs/lets-list-all-programs count --system=STRLC --parallel-conjunction-strategy=OF --depth=14 +RTS  -RTS
16
16
16
16
16
16
16
16
16
16
16
16
16
16
16
16
16
16
16
16
16
16
16
  Time (mean ± σ):      16.6 ms ±   0.2 ms    [User: 3.2 ms, System: 2.6 ms]
  Range (min … max):    16.2 ms …  16.9 ms    20 runs
 
Benchmark 15: /Users/wen/Projects/wen.works/dist-newstyle/build/aarch64-osx/ghc-9.12.2/lets-list-all-programs-0.1.0.0/t/lets-list-all-programs/build/lets-list-all-programs/lets-list-all-programs count --system=STRLC --parallel-conjunction-strategy=OF --depth=15 +RTS  -RTS
18
18
18
18
18
18
18
18
18
18
18
18
18
18
18
18
18
18
18
18
18
18
18
  Time (mean ± σ):      16.5 ms ±   0.1 ms    [User: 3.4 ms, System: 2.6 ms]
  Range (min … max):    16.3 ms …  16.7 ms    20 runs
 
Benchmark 16: /Users/wen/Projects/wen.works/dist-newstyle/build/aarch64-osx/ghc-9.12.2/lets-list-all-programs-0.1.0.0/t/lets-list-all-programs/build/lets-list-all-programs/lets-list-all-programs count --system=STRLC --parallel-conjunction-strategy=OF --depth=16 +RTS  -RTS
36
36
36
36
36
36
36
36
36
36
36
36
36
36
36
36
36
36
36
36
36
36
36
  Time (mean ± σ):      16.1 ms ±   0.6 ms    [User: 4.2 ms, System: 2.5 ms]
  Range (min … max):    14.1 ms …  16.6 ms    20 runs
 
Benchmark 17: /Users/wen/Projects/wen.works/dist-newstyle/build/aarch64-osx/ghc-9.12.2/lets-list-all-programs-0.1.0.0/t/lets-list-all-programs/build/lets-list-all-programs/lets-list-all-programs count --system=STRLC --parallel-conjunction-strategy=OF --depth=17 +RTS  -RTS
36
36
36
36
36
36
36
36
36
36
36
36
36
36
36
36
36
36
36
36
36
36
36
  Time (mean ± σ):      16.2 ms ±   0.2 ms    [User: 5.5 ms, System: 2.5 ms]
  Range (min … max):    16.0 ms …  16.6 ms    20 runs
 
Benchmark 18: /Users/wen/Projects/wen.works/dist-newstyle/build/aarch64-osx/ghc-9.12.2/lets-list-all-programs-0.1.0.0/t/lets-list-all-programs/build/lets-list-all-programs/lets-list-all-programs count --system=STRLC --parallel-conjunction-strategy=OF --depth=18 +RTS  -RTS
69
69
69
69
69
69
69
69
69
69
69
69
69
69
69
69
69
69
69
69
69
69
69
  Time (mean ± σ):      15.7 ms ±   0.1 ms    [User: 7.5 ms, System: 2.0 ms]
  Range (min … max):    15.6 ms …  16.0 ms    20 runs
 
Benchmark 19: /Users/wen/Projects/wen.works/dist-newstyle/build/aarch64-osx/ghc-9.12.2/lets-list-all-programs-0.1.0.0/t/lets-list-all-programs/build/lets-list-all-programs/lets-list-all-programs count --system=STRLC --parallel-conjunction-strategy=OF --depth=19 +RTS  -RTS
87
87
87
87
87
87
87
87
87
87
87
87
87
87
87
87
87
87
87
87
87
87
87
  Time (mean ± σ):      15.4 ms ±   0.1 ms    [User: 10.6 ms, System: 1.9 ms]
  Range (min … max):    15.3 ms …  15.7 ms    20 runs
 
Benchmark 20: /Users/wen/Projects/wen.works/dist-newstyle/build/aarch64-osx/ghc-9.12.2/lets-list-all-programs-0.1.0.0/t/lets-list-all-programs/build/lets-list-all-programs/lets-list-all-programs count --system=STRLC --parallel-conjunction-strategy=OF --depth=20 +RTS  -RTS
173
173
173
173
173
173
173
173
173
173
173
173
173
173
173
173
173
173
173
173
173
173
173
  Time (mean ± σ):      28.1 ms ±   0.2 ms    [User: 19.2 ms, System: 2.1 ms]
  Range (min … max):    27.8 ms …  28.6 ms    20 runs
 
Benchmark 21: /Users/wen/Projects/wen.works/dist-newstyle/build/aarch64-osx/ghc-9.12.2/lets-list-all-programs-0.1.0.0/t/lets-list-all-programs/build/lets-list-all-programs/lets-list-all-programs count --system=STRLC --parallel-conjunction-strategy=OF --depth=21 +RTS  -RTS
195
195
195
195
195
195
195
195
195
195
195
195
195
195
195
195
195
195
195
195
195
195
195
  Time (mean ± σ):      43.7 ms ±   5.4 ms    [User: 37.4 ms, System: 2.1 ms]
  Range (min … max):    40.5 ms …  53.4 ms    20 runs
 
Benchmark 22: /Users/wen/Projects/wen.works/dist-newstyle/build/aarch64-osx/ghc-9.12.2/lets-list-all-programs-0.1.0.0/t/lets-list-all-programs/build/lets-list-all-programs/lets-list-all-programs count --system=STRLC --parallel-conjunction-strategy=OF --depth=22 +RTS  -RTS
385
385
385
385
385
385
385
385
385
385
385
385
385
385
385
385
385
385
385
385
385
385
385
  Time (mean ± σ):      78.2 ms ±   0.3 ms    [User: 70.6 ms, System: 2.3 ms]
  Range (min … max):    77.1 ms …  78.5 ms    20 runs
 
Benchmark 23: /Users/wen/Projects/wen.works/dist-newstyle/build/aarch64-osx/ghc-9.12.2/lets-list-all-programs-0.1.0.0/t/lets-list-all-programs/build/lets-list-all-programs/lets-list-all-programs count --system=STRLC --parallel-conjunction-strategy=OF --depth=23 +RTS  -RTS
505
505
505
505
505
505
505
505
505
505
505
505
505
505
505
505
505
505
505
505
505
505
505
  Time (mean ± σ):     140.6 ms ±   0.6 ms    [User: 130.8 ms, System: 2.5 ms]
  Range (min … max):   139.0 ms … 141.0 ms    20 runs
 
Benchmark 24: /Users/wen/Projects/wen.works/dist-newstyle/build/aarch64-osx/ghc-9.12.2/lets-list-all-programs-0.1.0.0/t/lets-list-all-programs/build/lets-list-all-programs/lets-list-all-programs count --system=STRLC --parallel-conjunction-strategy=OF --depth=24 +RTS  -RTS
970
970
970
970
970
970
970
970
970
970
970
970
970
970
  Time (mean ± σ):     270.5 ms ±   5.6 ms    [User: 261.7 ms, System: 2.8 ms]
  Range (min … max):   264.5 ms … 278.2 ms    11 runs
 
Benchmark 25: /Users/wen/Projects/wen.works/dist-newstyle/build/aarch64-osx/ghc-9.12.2/lets-list-all-programs-0.1.0.0/t/lets-list-all-programs/build/lets-list-all-programs/lets-list-all-programs count --system=STRLC --parallel-conjunction-strategy=OF --depth=25 +RTS  -RTS
1299
1299
1299
1299
1299
1299
1299
1299
  Time (mean ± σ):     528.9 ms ±   0.4 ms    [User: 518.7 ms, System: 3.4 ms]
  Range (min … max):   528.7 ms … 529.6 ms    5 runs
 
Benchmark 26: /Users/wen/Projects/wen.works/dist-newstyle/build/aarch64-osx/ghc-9.12.2/lets-list-all-programs-0.1.0.0/t/lets-list-all-programs/build/lets-list-all-programs/lets-list-all-programs count --system=STRLC --parallel-conjunction-strategy=OF --depth=26 +RTS  -RTS
2492
2492
2492
2492
2492
  Time (mean ± σ):      1.041 s ±  0.001 s    [User: 1.028 s, System: 0.008 s]
  Range (min … max):    1.040 s …  1.041 s    2 runs
 
Benchmark 27: /Users/wen/Projects/wen.works/dist-newstyle/build/aarch64-osx/ghc-9.12.2/lets-list-all-programs-0.1.0.0/t/lets-list-all-programs/build/lets-list-all-programs/lets-list-all-programs count --system=STRLC --parallel-conjunction-strategy=OF --depth=27 +RTS  -RTS
3408
3408
3408
3408
  Time (abs ≡):         2.015 s               [User: 2.000 s, System: 0.006 s]
 
Benchmark 28: /Users/wen/Projects/wen.works/dist-newstyle/build/aarch64-osx/ghc-9.12.2/lets-list-all-programs-0.1.0.0/t/lets-list-all-programs/build/lets-list-all-programs/lets-list-all-programs count --system=STRLC --parallel-conjunction-strategy=OF --depth=28 +RTS  -RTS
6518
6518
6518
6518
  Time (abs ≡):         4.017 s               [User: 4.000 s, System: 0.010 s]
 
Benchmark 29: /Users/wen/Projects/wen.works/dist-newstyle/build/aarch64-osx/ghc-9.12.2/lets-list-all-programs-0.1.0.0/t/lets-list-all-programs/build/lets-list-all-programs/lets-list-all-programs count --system=STRLC --parallel-conjunction-strategy=OF --depth=29 +RTS  -RTS
9786
9786
9786
9786
  Time (abs ≡):         7.975 s               [User: 7.957 s, System: 0.017 s]
 
Benchmark 30: /Users/wen/Projects/wen.works/dist-newstyle/build/aarch64-osx/ghc-9.12.2/lets-list-all-programs-0.1.0.0/t/lets-list-all-programs/build/lets-list-all-programs/lets-list-all-programs count --system=STRLC --parallel-conjunction-strategy=OF --depth=30 +RTS  -RTS
17850
17850
17850
17850
  Time (abs ≡):        15.981 s               [User: 15.952 s, System: 0.031 s]
 
Summary
  /Users/wen/Projects/wen.works/dist-newstyle/build/aarch64-osx/ghc-9.12.2/lets-list-all-programs-0.1.0.0/t/lets-list-all-programs/build/lets-list-all-programs/lets-list-all-programs count --system=STRLC --parallel-conjunction-strategy=OF --depth=19 +RTS  -RTS ran
    1.02 ± 0.01 times faster than /Users/wen/Projects/wen.works/dist-newstyle/build/aarch64-osx/ghc-9.12.2/lets-list-all-programs-0.1.0.0/t/lets-list-all-programs/build/lets-list-all-programs/lets-list-all-programs count --system=STRLC --parallel-conjunction-strategy=OF --depth=18 +RTS  -RTS
    1.05 ± 0.04 times faster than /Users/wen/Projects/wen.works/dist-newstyle/build/aarch64-osx/ghc-9.12.2/lets-list-all-programs-0.1.0.0/t/lets-list-all-programs/build/lets-list-all-programs/lets-list-all-programs count --system=STRLC --parallel-conjunction-strategy=OF --depth=16 +RTS  -RTS
    1.05 ± 0.01 times faster than /Users/wen/Projects/wen.works/dist-newstyle/build/aarch64-osx/ghc-9.12.2/lets-list-all-programs-0.1.0.0/t/lets-list-all-programs/build/lets-list-all-programs/lets-list-all-programs count --system=STRLC --parallel-conjunction-strategy=OF --depth=17 +RTS  -RTS
    1.06 ± 0.03 times faster than /Users/wen/Projects/wen.works/dist-newstyle/build/aarch64-osx/ghc-9.12.2/lets-list-all-programs-0.1.0.0/t/lets-list-all-programs/build/lets-list-all-programs/lets-list-all-programs count --system=STRLC --parallel-conjunction-strategy=OF --depth=4 +RTS  -RTS
    1.07 ± 0.04 times faster than /Users/wen/Projects/wen.works/dist-newstyle/build/aarch64-osx/ghc-9.12.2/lets-list-all-programs-0.1.0.0/t/lets-list-all-programs/build/lets-list-all-programs/lets-list-all-programs count --system=STRLC --parallel-conjunction-strategy=OF --depth=6 +RTS  -RTS
    1.07 ± 0.03 times faster than /Users/wen/Projects/wen.works/dist-newstyle/build/aarch64-osx/ghc-9.12.2/lets-list-all-programs-0.1.0.0/t/lets-list-all-programs/build/lets-list-all-programs/lets-list-all-programs count --system=STRLC --parallel-conjunction-strategy=OF --depth=1 +RTS  -RTS
    1.07 ± 0.01 times faster than /Users/wen/Projects/wen.works/dist-newstyle/build/aarch64-osx/ghc-9.12.2/lets-list-all-programs-0.1.0.0/t/lets-list-all-programs/build/lets-list-all-programs/lets-list-all-programs count --system=STRLC --parallel-conjunction-strategy=OF --depth=15 +RTS  -RTS
    1.07 ± 0.02 times faster than /Users/wen/Projects/wen.works/dist-newstyle/build/aarch64-osx/ghc-9.12.2/lets-list-all-programs-0.1.0.0/t/lets-list-all-programs/build/lets-list-all-programs/lets-list-all-programs count --system=STRLC --parallel-conjunction-strategy=OF --depth=7 +RTS  -RTS
    1.07 ± 0.02 times faster than /Users/wen/Projects/wen.works/dist-newstyle/build/aarch64-osx/ghc-9.12.2/lets-list-all-programs-0.1.0.0/t/lets-list-all-programs/build/lets-list-all-programs/lets-list-all-programs count --system=STRLC --parallel-conjunction-strategy=OF --depth=5 +RTS  -RTS
    1.07 ± 0.02 times faster than /Users/wen/Projects/wen.works/dist-newstyle/build/aarch64-osx/ghc-9.12.2/lets-list-all-programs-0.1.0.0/t/lets-list-all-programs/build/lets-list-all-programs/lets-list-all-programs count --system=STRLC --parallel-conjunction-strategy=OF --depth=10 +RTS  -RTS
    1.07 ± 0.01 times faster than /Users/wen/Projects/wen.works/dist-newstyle/build/aarch64-osx/ghc-9.12.2/lets-list-all-programs-0.1.0.0/t/lets-list-all-programs/build/lets-list-all-programs/lets-list-all-programs count --system=STRLC --parallel-conjunction-strategy=OF --depth=14 +RTS  -RTS
    1.07 ± 0.02 times faster than /Users/wen/Projects/wen.works/dist-newstyle/build/aarch64-osx/ghc-9.12.2/lets-list-all-programs-0.1.0.0/t/lets-list-all-programs/build/lets-list-all-programs/lets-list-all-programs count --system=STRLC --parallel-conjunction-strategy=OF --depth=2 +RTS  -RTS
    1.08 ± 0.02 times faster than /Users/wen/Projects/wen.works/dist-newstyle/build/aarch64-osx/ghc-9.12.2/lets-list-all-programs-0.1.0.0/t/lets-list-all-programs/build/lets-list-all-programs/lets-list-all-programs count --system=STRLC --parallel-conjunction-strategy=OF --depth=9 +RTS  -RTS
    1.08 ± 0.01 times faster than /Users/wen/Projects/wen.works/dist-newstyle/build/aarch64-osx/ghc-9.12.2/lets-list-all-programs-0.1.0.0/t/lets-list-all-programs/build/lets-list-all-programs/lets-list-all-programs count --system=STRLC --parallel-conjunction-strategy=OF --depth=3 +RTS  -RTS
    1.08 ± 0.02 times faster than /Users/wen/Projects/wen.works/dist-newstyle/build/aarch64-osx/ghc-9.12.2/lets-list-all-programs-0.1.0.0/t/lets-list-all-programs/build/lets-list-all-programs/lets-list-all-programs count --system=STRLC --parallel-conjunction-strategy=OF --depth=11 +RTS  -RTS
    1.09 ± 0.02 times faster than /Users/wen/Projects/wen.works/dist-newstyle/build/aarch64-osx/ghc-9.12.2/lets-list-all-programs-0.1.0.0/t/lets-list-all-programs/build/lets-list-all-programs/lets-list-all-programs count --system=STRLC --parallel-conjunction-strategy=OF --depth=12 +RTS  -RTS
    1.09 ± 0.02 times faster than /Users/wen/Projects/wen.works/dist-newstyle/build/aarch64-osx/ghc-9.12.2/lets-list-all-programs-0.1.0.0/t/lets-list-all-programs/build/lets-list-all-programs/lets-list-all-programs count --system=STRLC --parallel-conjunction-strategy=OF --depth=8 +RTS  -RTS
    1.10 ± 0.02 times faster than /Users/wen/Projects/wen.works/dist-newstyle/build/aarch64-osx/ghc-9.12.2/lets-list-all-programs-0.1.0.0/t/lets-list-all-programs/build/lets-list-all-programs/lets-list-all-programs count --system=STRLC --parallel-conjunction-strategy=OF --depth=13 +RTS  -RTS
    1.82 ± 0.02 times faster than /Users/wen/Projects/wen.works/dist-newstyle/build/aarch64-osx/ghc-9.12.2/lets-list-all-programs-0.1.0.0/t/lets-list-all-programs/build/lets-list-all-programs/lets-list-all-programs count --system=STRLC --parallel-conjunction-strategy=OF --depth=20 +RTS  -RTS
    2.83 ± 0.35 times faster than /Users/wen/Projects/wen.works/dist-newstyle/build/aarch64-osx/ghc-9.12.2/lets-list-all-programs-0.1.0.0/t/lets-list-all-programs/build/lets-list-all-programs/lets-list-all-programs count --system=STRLC --parallel-conjunction-strategy=OF --depth=21 +RTS  -RTS
    5.07 ± 0.04 times faster than /Users/wen/Projects/wen.works/dist-newstyle/build/aarch64-osx/ghc-9.12.2/lets-list-all-programs-0.1.0.0/t/lets-list-all-programs/build/lets-list-all-programs/lets-list-all-programs count --system=STRLC --parallel-conjunction-strategy=OF --depth=22 +RTS  -RTS
    9.11 ± 0.08 times faster than /Users/wen/Projects/wen.works/dist-newstyle/build/aarch64-osx/ghc-9.12.2/lets-list-all-programs-0.1.0.0/t/lets-list-all-programs/build/lets-list-all-programs/lets-list-all-programs count --system=STRLC --parallel-conjunction-strategy=OF --depth=23 +RTS  -RTS
   17.53 ± 0.38 times faster than /Users/wen/Projects/wen.works/dist-newstyle/build/aarch64-osx/ghc-9.12.2/lets-list-all-programs-0.1.0.0/t/lets-list-all-programs/build/lets-list-all-programs/lets-list-all-programs count --system=STRLC --parallel-conjunction-strategy=OF --depth=24 +RTS  -RTS
   34.28 ± 0.25 times faster than /Users/wen/Projects/wen.works/dist-newstyle/build/aarch64-osx/ghc-9.12.2/lets-list-all-programs-0.1.0.0/t/lets-list-all-programs/build/lets-list-all-programs/lets-list-all-programs count --system=STRLC --parallel-conjunction-strategy=OF --depth=25 +RTS  -RTS
   67.44 ± 0.49 times faster than /Users/wen/Projects/wen.works/dist-newstyle/build/aarch64-osx/ghc-9.12.2/lets-list-all-programs-0.1.0.0/t/lets-list-all-programs/build/lets-list-all-programs/lets-list-all-programs count --system=STRLC --parallel-conjunction-strategy=OF --depth=26 +RTS  -RTS
  130.58 times faster than /Users/wen/Projects/wen.works/dist-newstyle/build/aarch64-osx/ghc-9.12.2/lets-list-all-programs-0.1.0.0/t/lets-list-all-programs/build/lets-list-all-programs/lets-list-all-programs count --system=STRLC --parallel-conjunction-strategy=OF --depth=27 +RTS  -RTS
  260.30 times faster than /Users/wen/Projects/wen.works/dist-newstyle/build/aarch64-osx/ghc-9.12.2/lets-list-all-programs-0.1.0.0/t/lets-list-all-programs/build/lets-list-all-programs/lets-list-all-programs count --system=STRLC --parallel-conjunction-strategy=OF --depth=28 +RTS  -RTS
  516.82 times faster than /Users/wen/Projects/wen.works/dist-newstyle/build/aarch64-osx/ghc-9.12.2/lets-list-all-programs-0.1.0.0/t/lets-list-all-programs/build/lets-list-all-programs/lets-list-all-programs count --system=STRLC --parallel-conjunction-strategy=OF --depth=29 +RTS  -RTS
 1035.67 times faster than /Users/wen/Projects/wen.works/dist-newstyle/build/aarch64-osx/ghc-9.12.2/lets-list-all-programs-0.1.0.0/t/lets-list-all-programs/build/lets-list-all-programs/lets-list-all-programs count --system=STRLC --parallel-conjunction-strategy=OF --depth=30 +RTS  -RTS
