Benchmark 1: /Users/wen/Projects/wen.works/dist-newstyle/build/aarch64-osx/ghc-9.12.2/lets-list-all-programs-0.1.0.0/t/lets-list-all-programs/build/lets-list-all-programs/lets-list-all-programs count --system=STRLC --parallel-conjunction-strategy=OSF --depth=1 +RTS  -RTS
0
0
0
0
0
0
0
0
0
0
0
0
0
0
0
0
0
0
0
0
0
0
0
  Time (mean ± σ):      16.5 ms ±   0.3 ms    [User: 2.4 ms, System: 2.5 ms]
  Range (min … max):    15.7 ms …  16.8 ms    20 runs
 
Benchmark 2: /Users/wen/Projects/wen.works/dist-newstyle/build/aarch64-osx/ghc-9.12.2/lets-list-all-programs-0.1.0.0/t/lets-list-all-programs/build/lets-list-all-programs/lets-list-all-programs count --system=STRLC --parallel-conjunction-strategy=OSF --depth=2 +RTS  -RTS
1
1
1
1
1
1
1
1
1
1
1
1
1
1
1
1
1
1
1
1
1
1
1
  Time (mean ± σ):      16.8 ms ±   0.2 ms    [User: 2.6 ms, System: 2.8 ms]
  Range (min … max):    16.5 ms …  17.0 ms    20 runs
 
Benchmark 3: /Users/wen/Projects/wen.works/dist-newstyle/build/aarch64-osx/ghc-9.12.2/lets-list-all-programs-0.1.0.0/t/lets-list-all-programs/build/lets-list-all-programs/lets-list-all-programs count --system=STRLC --parallel-conjunction-strategy=OSF --depth=3 +RTS  -RTS
1
1
1
1
1
1
1
1
1
1
1
1
1
1
1
1
1
1
1
1
1
1
1
  Time (mean ± σ):      16.7 ms ±   0.2 ms    [User: 2.7 ms, System: 2.6 ms]
  Range (min … max):    16.1 ms …  17.1 ms    20 runs
 
Benchmark 4: /Users/wen/Projects/wen.works/dist-newstyle/build/aarch64-osx/ghc-9.12.2/lets-list-all-programs-0.1.0.0/t/lets-list-all-programs/build/lets-list-all-programs/lets-list-all-programs count --system=STRLC --parallel-conjunction-strategy=OSF --depth=4 +RTS  -RTS
1
1
1
1
1
1
1
1
1
1
1
1
1
1
1
1
1
1
1
1
1
1
1
  Time (mean ± σ):      16.6 ms ±   0.2 ms    [User: 2.5 ms, System: 2.7 ms]
  Range (min … max):    16.2 ms …  16.9 ms    20 runs
 
Benchmark 5: /Users/wen/Projects/wen.works/dist-newstyle/build/aarch64-osx/ghc-9.12.2/lets-list-all-programs-0.1.0.0/t/lets-list-all-programs/build/lets-list-all-programs/lets-list-all-programs count --system=STRLC --parallel-conjunction-strategy=OSF --depth=5 +RTS  -RTS
1
1
1
1
1
1
1
1
1
1
1
1
1
1
1
1
1
1
1
1
1
1
1
  Time (mean ± σ):      16.6 ms ±   0.2 ms    [User: 2.5 ms, System: 2.8 ms]
  Range (min … max):    16.0 ms …  16.8 ms    20 runs
 
Benchmark 6: /Users/wen/Projects/wen.works/dist-newstyle/build/aarch64-osx/ghc-9.12.2/lets-list-all-programs-0.1.0.0/t/lets-list-all-programs/build/lets-list-all-programs/lets-list-all-programs count --system=STRLC --parallel-conjunction-strategy=OSF --depth=6 +RTS  -RTS
2
2
2
2
2
2
2
2
2
2
2
2
2
2
2
2
2
2
2
2
2
2
2
  Time (mean ± σ):      16.6 ms ±   0.3 ms    [User: 2.6 ms, System: 2.8 ms]
  Range (min … max):    15.9 ms …  17.2 ms    20 runs
 
Benchmark 7: /Users/wen/Projects/wen.works/dist-newstyle/build/aarch64-osx/ghc-9.12.2/lets-list-all-programs-0.1.0.0/t/lets-list-all-programs/build/lets-list-all-programs/lets-list-all-programs count --system=STRLC --parallel-conjunction-strategy=OSF --depth=7 +RTS  -RTS
2
2
2
2
2
2
2
2
2
2
2
2
2
2
2
2
2
2
2
2
2
2
2
  Time (mean ± σ):      16.6 ms ±   0.3 ms    [User: 2.6 ms, System: 2.7 ms]
  Range (min … max):    15.9 ms …  17.1 ms    20 runs
 
Benchmark 8: /Users/wen/Projects/wen.works/dist-newstyle/build/aarch64-osx/ghc-9.12.2/lets-list-all-programs-0.1.0.0/t/lets-list-all-programs/build/lets-list-all-programs/lets-list-all-programs count --system=STRLC --parallel-conjunction-strategy=OSF --depth=8 +RTS  -RTS
3
3
3
3
3
3
3
3
3
3
3
3
3
3
3
3
3
3
3
3
3
3
3
  Time (mean ± σ):      16.6 ms ±   0.5 ms    [User: 2.6 ms, System: 2.8 ms]
  Range (min … max):    15.0 ms …  17.2 ms    20 runs
 
Benchmark 9: /Users/wen/Projects/wen.works/dist-newstyle/build/aarch64-osx/ghc-9.12.2/lets-list-all-programs-0.1.0.0/t/lets-list-all-programs/build/lets-list-all-programs/lets-list-all-programs count --system=STRLC --parallel-conjunction-strategy=OSF --depth=9 +RTS  -RTS
3
3
3
3
3
3
3
3
3
3
3
3
3
3
3
3
3
3
3
3
3
3
3
  Time (mean ± σ):      16.6 ms ±   0.3 ms    [User: 2.6 ms, System: 2.7 ms]
  Range (min … max):    16.0 ms …  17.3 ms    20 runs
 
Benchmark 10: /Users/wen/Projects/wen.works/dist-newstyle/build/aarch64-osx/ghc-9.12.2/lets-list-all-programs-0.1.0.0/t/lets-list-all-programs/build/lets-list-all-programs/lets-list-all-programs count --system=STRLC --parallel-conjunction-strategy=OSF --depth=10 +RTS  -RTS
5
5
5
5
5
5
5
5
5
5
5
5
5
5
5
5
5
5
5
5
5
5
5
  Time (mean ± σ):      16.6 ms ±   0.2 ms    [User: 2.6 ms, System: 2.8 ms]
  Range (min … max):    15.9 ms …  16.8 ms    20 runs
 
Benchmark 11: /Users/wen/Projects/wen.works/dist-newstyle/build/aarch64-osx/ghc-9.12.2/lets-list-all-programs-0.1.0.0/t/lets-list-all-programs/build/lets-list-all-programs/lets-list-all-programs count --system=STRLC --parallel-conjunction-strategy=OSF --depth=11 +RTS  -RTS
5
5
5
5
5
5
5
5
5
5
5
5
5
5
5
5
5
5
5
5
5
5
5
  Time (mean ± σ):      16.9 ms ±   0.2 ms    [User: 2.8 ms, System: 2.9 ms]
  Range (min … max):    16.7 ms …  17.7 ms    20 runs
 
Benchmark 12: /Users/wen/Projects/wen.works/dist-newstyle/build/aarch64-osx/ghc-9.12.2/lets-list-all-programs-0.1.0.0/t/lets-list-all-programs/build/lets-list-all-programs/lets-list-all-programs count --system=STRLC --parallel-conjunction-strategy=OSF --depth=12 +RTS  -RTS
9
9
9
9
9
9
9
9
9
9
9
9
9
9
9
9
9
9
9
9
9
9
9
  Time (mean ± σ):      16.7 ms ±   0.2 ms    [User: 2.8 ms, System: 2.8 ms]
  Range (min … max):    16.2 ms …  17.1 ms    20 runs
 
Benchmark 13: /Users/wen/Projects/wen.works/dist-newstyle/build/aarch64-osx/ghc-9.12.2/lets-list-all-programs-0.1.0.0/t/lets-list-all-programs/build/lets-list-all-programs/lets-list-all-programs count --system=STRLC --parallel-conjunction-strategy=OSF --depth=13 +RTS  -RTS
9
9
9
9
9
9
9
9
9
9
9
9
9
9
9
9
9
9
9
9
9
9
9
  Time (mean ± σ):      16.7 ms ±   0.2 ms    [User: 3.1 ms, System: 2.6 ms]
  Range (min … max):    16.3 ms …  17.1 ms    20 runs
 
Benchmark 14: /Users/wen/Projects/wen.works/dist-newstyle/build/aarch64-osx/ghc-9.12.2/lets-list-all-programs-0.1.0.0/t/lets-list-all-programs/build/lets-list-all-programs/lets-list-all-programs count --system=STRLC --parallel-conjunction-strategy=OSF --depth=14 +RTS  -RTS
16
16
16
16
16
16
16
16
16
16
16
16
16
16
16
16
16
16
16
16
16
16
16
  Time (mean ± σ):      16.6 ms ±   0.1 ms    [User: 3.4 ms, System: 2.7 ms]
  Range (min … max):    16.5 ms …  16.7 ms    20 runs
 
Benchmark 15: /Users/wen/Projects/wen.works/dist-newstyle/build/aarch64-osx/ghc-9.12.2/lets-list-all-programs-0.1.0.0/t/lets-list-all-programs/build/lets-list-all-programs/lets-list-all-programs count --system=STRLC --parallel-conjunction-strategy=OSF --depth=15 +RTS  -RTS
18
18
18
18
18
18
18
18
18
18
18
18
18
18
18
18
18
18
18
18
18
18
18
  Time (mean ± σ):      16.3 ms ±   0.5 ms    [User: 3.9 ms, System: 2.5 ms]
  Range (min … max):    14.1 ms …  16.6 ms    20 runs
 
Benchmark 16: /Users/wen/Projects/wen.works/dist-newstyle/build/aarch64-osx/ghc-9.12.2/lets-list-all-programs-0.1.0.0/t/lets-list-all-programs/build/lets-list-all-programs/lets-list-all-programs count --system=STRLC --parallel-conjunction-strategy=OSF --depth=16 +RTS  -RTS
36
36
36
36
36
36
36
36
36
36
36
36
36
36
36
36
36
36
36
36
36
36
36
  Time (mean ± σ):      16.0 ms ±   0.8 ms    [User: 4.8 ms, System: 2.5 ms]
  Range (min … max):    13.6 ms …  16.5 ms    20 runs
 
Benchmark 17: /Users/wen/Projects/wen.works/dist-newstyle/build/aarch64-osx/ghc-9.12.2/lets-list-all-programs-0.1.0.0/t/lets-list-all-programs/build/lets-list-all-programs/lets-list-all-programs count --system=STRLC --parallel-conjunction-strategy=OSF --depth=17 +RTS  -RTS
36
36
36
36
36
36
36
36
36
36
36
36
36
36
36
36
36
36
36
36
36
36
36
  Time (mean ± σ):      15.8 ms ±   0.1 ms    [User: 6.7 ms, System: 2.1 ms]
  Range (min … max):    15.5 ms …  16.0 ms    20 runs
 
Benchmark 18: /Users/wen/Projects/wen.works/dist-newstyle/build/aarch64-osx/ghc-9.12.2/lets-list-all-programs-0.1.0.0/t/lets-list-all-programs/build/lets-list-all-programs/lets-list-all-programs count --system=STRLC --parallel-conjunction-strategy=OSF --depth=18 +RTS  -RTS
69
69
69
69
69
69
69
69
69
69
69
69
69
69
69
69
69
69
69
69
69
69
69
  Time (mean ± σ):      15.4 ms ±   0.2 ms    [User: 9.7 ms, System: 1.9 ms]
  Range (min … max):    14.7 ms …  15.8 ms    20 runs
 
Benchmark 19: /Users/wen/Projects/wen.works/dist-newstyle/build/aarch64-osx/ghc-9.12.2/lets-list-all-programs-0.1.0.0/t/lets-list-all-programs/build/lets-list-all-programs/lets-list-all-programs count --system=STRLC --parallel-conjunction-strategy=OSF --depth=19 +RTS  -RTS
87
87
87
87
87
87
87
87
87
87
87
87
87
87
87
87
87
87
87
87
87
87
87
  Time (mean ± σ):      28.2 ms ±   0.1 ms    [User: 16.7 ms, System: 2.0 ms]
  Range (min … max):    28.1 ms …  28.4 ms    20 runs
 
Benchmark 20: /Users/wen/Projects/wen.works/dist-newstyle/build/aarch64-osx/ghc-9.12.2/lets-list-all-programs-0.1.0.0/t/lets-list-all-programs/build/lets-list-all-programs/lets-list-all-programs count --system=STRLC --parallel-conjunction-strategy=OSF --depth=20 +RTS  -RTS
173
173
173
173
173
173
173
173
173
173
173
173
173
173
173
173
173
173
173
173
173
173
173
  Time (mean ± σ):      40.1 ms ±   1.0 ms    [User: 31.8 ms, System: 2.1 ms]
  Range (min … max):    37.4 ms …  40.8 ms    20 runs
 
Benchmark 21: /Users/wen/Projects/wen.works/dist-newstyle/build/aarch64-osx/ghc-9.12.2/lets-list-all-programs-0.1.0.0/t/lets-list-all-programs/build/lets-list-all-programs/lets-list-all-programs count --system=STRLC --parallel-conjunction-strategy=OSF --depth=21 +RTS  -RTS
195
195
195
195
195
195
195
195
195
195
195
195
195
195
195
195
195
195
195
195
195
195
195
  Time (mean ± σ):      78.1 ms ±   0.4 ms    [User: 65.0 ms, System: 2.3 ms]
  Range (min … max):    76.4 ms …  78.4 ms    20 runs
 
Benchmark 22: /Users/wen/Projects/wen.works/dist-newstyle/build/aarch64-osx/ghc-9.12.2/lets-list-all-programs-0.1.0.0/t/lets-list-all-programs/build/lets-list-all-programs/lets-list-all-programs count --system=STRLC --parallel-conjunction-strategy=OSF --depth=22 +RTS  -RTS
385
385
385
385
385
385
385
385
385
385
385
385
385
385
385
385
385
385
385
385
385
385
385
  Time (mean ± σ):     140.9 ms ±   0.6 ms    [User: 126.5 ms, System: 2.6 ms]
  Range (min … max):   138.9 ms … 141.2 ms    20 runs
 
Benchmark 23: /Users/wen/Projects/wen.works/dist-newstyle/build/aarch64-osx/ghc-9.12.2/lets-list-all-programs-0.1.0.0/t/lets-list-all-programs/build/lets-list-all-programs/lets-list-all-programs count --system=STRLC --parallel-conjunction-strategy=OSF --depth=23 +RTS  -RTS
505
505
505
505
505
505
505
505
505
505
505
505
505
505
  Time (mean ± σ):     265.6 ms ±   0.9 ms    [User: 252.2 ms, System: 2.8 ms]
  Range (min … max):   263.8 ms … 266.1 ms    11 runs
 
Benchmark 24: /Users/wen/Projects/wen.works/dist-newstyle/build/aarch64-osx/ghc-9.12.2/lets-list-all-programs-0.1.0.0/t/lets-list-all-programs/build/lets-list-all-programs/lets-list-all-programs count --system=STRLC --parallel-conjunction-strategy=OSF --depth=24 +RTS  -RTS
970
970
970
970
970
970
970
970
  Time (mean ± σ):     550.7 ms ±   5.3 ms    [User: 540.0 ms, System: 3.2 ms]
  Range (min … max):   541.3 ms … 553.7 ms    5 runs
 
Benchmark 25: /Users/wen/Projects/wen.works/dist-newstyle/build/aarch64-osx/ghc-9.12.2/lets-list-all-programs-0.1.0.0/t/lets-list-all-programs/build/lets-list-all-programs/lets-list-all-programs count --system=STRLC --parallel-conjunction-strategy=OSF --depth=25 +RTS  -RTS
1299
1299
1299
1299
1299
  Time (mean ± σ):      1.134 s ±  0.011 s    [User: 1.124 s, System: 0.004 s]
  Range (min … max):    1.126 s …  1.142 s    2 runs
 
Benchmark 26: /Users/wen/Projects/wen.works/dist-newstyle/build/aarch64-osx/ghc-9.12.2/lets-list-all-programs-0.1.0.0/t/lets-list-all-programs/build/lets-list-all-programs/lets-list-all-programs count --system=STRLC --parallel-conjunction-strategy=OSF --depth=26 +RTS  -RTS
2492
2492
2492
2492
  Time (abs ≡):         2.317 s               [User: 2.308 s, System: 0.006 s]
 
Benchmark 27: /Users/wen/Projects/wen.works/dist-newstyle/build/aarch64-osx/ghc-9.12.2/lets-list-all-programs-0.1.0.0/t/lets-list-all-programs/build/lets-list-all-programs/lets-list-all-programs count --system=STRLC --parallel-conjunction-strategy=OSF --depth=27 +RTS  -RTS
3408
3408
3408
3408
  Time (abs ≡):         4.954 s               [User: 4.936 s, System: 0.012 s]
 
Benchmark 28: /Users/wen/Projects/wen.works/dist-newstyle/build/aarch64-osx/ghc-9.12.2/lets-list-all-programs-0.1.0.0/t/lets-list-all-programs/build/lets-list-all-programs/lets-list-all-programs count --system=STRLC --parallel-conjunction-strategy=OSF --depth=28 +RTS  -RTS
6518
6518
6518
6518
  Time (abs ≡):        10.750 s               [User: 10.720 s, System: 0.023 s]
 
Benchmark 29: /Users/wen/Projects/wen.works/dist-newstyle/build/aarch64-osx/ghc-9.12.2/lets-list-all-programs-0.1.0.0/t/lets-list-all-programs/build/lets-list-all-programs/lets-list-all-programs count --system=STRLC --parallel-conjunction-strategy=OSF --depth=29 +RTS  -RTS
9786
9786
9786
9786
  Time (abs ≡):        22.821 s               [User: 22.773 s, System: 0.049 s]
 
Benchmark 30: /Users/wen/Projects/wen.works/dist-newstyle/build/aarch64-osx/ghc-9.12.2/lets-list-all-programs-0.1.0.0/t/lets-list-all-programs/build/lets-list-all-programs/lets-list-all-programs count --system=STRLC --parallel-conjunction-strategy=OSF --depth=30 +RTS  -RTS
17850
17850
17850
17850
  Time (abs ≡):        49.713 s               [User: 49.617 s, System: 0.098 s]
 
Summary
  /Users/wen/Projects/wen.works/dist-newstyle/build/aarch64-osx/ghc-9.12.2/lets-list-all-programs-0.1.0.0/t/lets-list-all-programs/build/lets-list-all-programs/lets-list-all-programs count --system=STRLC --parallel-conjunction-strategy=OSF --depth=18 +RTS  -RTS ran
    1.02 ± 0.02 times faster than /Users/wen/Projects/wen.works/dist-newstyle/build/aarch64-osx/ghc-9.12.2/lets-list-all-programs-0.1.0.0/t/lets-list-all-programs/build/lets-list-all-programs/lets-list-all-programs count --system=STRLC --parallel-conjunction-strategy=OSF --depth=17 +RTS  -RTS
    1.04 ± 0.05 times faster than /Users/wen/Projects/wen.works/dist-newstyle/build/aarch64-osx/ghc-9.12.2/lets-list-all-programs-0.1.0.0/t/lets-list-all-programs/build/lets-list-all-programs/lets-list-all-programs count --system=STRLC --parallel-conjunction-strategy=OSF --depth=16 +RTS  -RTS
    1.05 ± 0.04 times faster than /Users/wen/Projects/wen.works/dist-newstyle/build/aarch64-osx/ghc-9.12.2/lets-list-all-programs-0.1.0.0/t/lets-list-all-programs/build/lets-list-all-programs/lets-list-all-programs count --system=STRLC --parallel-conjunction-strategy=OSF --depth=15 +RTS  -RTS
    1.07 ± 0.03 times faster than /Users/wen/Projects/wen.works/dist-newstyle/build/aarch64-osx/ghc-9.12.2/lets-list-all-programs-0.1.0.0/t/lets-list-all-programs/build/lets-list-all-programs/lets-list-all-programs count --system=STRLC --parallel-conjunction-strategy=OSF --depth=1 +RTS  -RTS
    1.07 ± 0.02 times faster than /Users/wen/Projects/wen.works/dist-newstyle/build/aarch64-osx/ghc-9.12.2/lets-list-all-programs-0.1.0.0/t/lets-list-all-programs/build/lets-list-all-programs/lets-list-all-programs count --system=STRLC --parallel-conjunction-strategy=OSF --depth=14 +RTS  -RTS
    1.07 ± 0.02 times faster than /Users/wen/Projects/wen.works/dist-newstyle/build/aarch64-osx/ghc-9.12.2/lets-list-all-programs-0.1.0.0/t/lets-list-all-programs/build/lets-list-all-programs/lets-list-all-programs count --system=STRLC --parallel-conjunction-strategy=OSF --depth=9 +RTS  -RTS
    1.08 ± 0.02 times faster than /Users/wen/Projects/wen.works/dist-newstyle/build/aarch64-osx/ghc-9.12.2/lets-list-all-programs-0.1.0.0/t/lets-list-all-programs/build/lets-list-all-programs/lets-list-all-programs count --system=STRLC --parallel-conjunction-strategy=OSF --depth=5 +RTS  -RTS
    1.08 ± 0.02 times faster than /Users/wen/Projects/wen.works/dist-newstyle/build/aarch64-osx/ghc-9.12.2/lets-list-all-programs-0.1.0.0/t/lets-list-all-programs/build/lets-list-all-programs/lets-list-all-programs count --system=STRLC --parallel-conjunction-strategy=OSF --depth=7 +RTS  -RTS
    1.08 ± 0.02 times faster than /Users/wen/Projects/wen.works/dist-newstyle/build/aarch64-osx/ghc-9.12.2/lets-list-all-programs-0.1.0.0/t/lets-list-all-programs/build/lets-list-all-programs/lets-list-all-programs count --system=STRLC --parallel-conjunction-strategy=OSF --depth=10 +RTS  -RTS
    1.08 ± 0.03 times faster than /Users/wen/Projects/wen.works/dist-newstyle/build/aarch64-osx/ghc-9.12.2/lets-list-all-programs-0.1.0.0/t/lets-list-all-programs/build/lets-list-all-programs/lets-list-all-programs count --system=STRLC --parallel-conjunction-strategy=OSF --depth=6 +RTS  -RTS
    1.08 ± 0.02 times faster than /Users/wen/Projects/wen.works/dist-newstyle/build/aarch64-osx/ghc-9.12.2/lets-list-all-programs-0.1.0.0/t/lets-list-all-programs/build/lets-list-all-programs/lets-list-all-programs count --system=STRLC --parallel-conjunction-strategy=OSF --depth=4 +RTS  -RTS
    1.08 ± 0.03 times faster than /Users/wen/Projects/wen.works/dist-newstyle/build/aarch64-osx/ghc-9.12.2/lets-list-all-programs-0.1.0.0/t/lets-list-all-programs/build/lets-list-all-programs/lets-list-all-programs count --system=STRLC --parallel-conjunction-strategy=OSF --depth=8 +RTS  -RTS
    1.08 ± 0.02 times faster than /Users/wen/Projects/wen.works/dist-newstyle/build/aarch64-osx/ghc-9.12.2/lets-list-all-programs-0.1.0.0/t/lets-list-all-programs/build/lets-list-all-programs/lets-list-all-programs count --system=STRLC --parallel-conjunction-strategy=OSF --depth=13 +RTS  -RTS
    1.08 ± 0.02 times faster than /Users/wen/Projects/wen.works/dist-newstyle/build/aarch64-osx/ghc-9.12.2/lets-list-all-programs-0.1.0.0/t/lets-list-all-programs/build/lets-list-all-programs/lets-list-all-programs count --system=STRLC --parallel-conjunction-strategy=OSF --depth=12 +RTS  -RTS
    1.08 ± 0.02 times faster than /Users/wen/Projects/wen.works/dist-newstyle/build/aarch64-osx/ghc-9.12.2/lets-list-all-programs-0.1.0.0/t/lets-list-all-programs/build/lets-list-all-programs/lets-list-all-programs count --system=STRLC --parallel-conjunction-strategy=OSF --depth=3 +RTS  -RTS
    1.09 ± 0.02 times faster than /Users/wen/Projects/wen.works/dist-newstyle/build/aarch64-osx/ghc-9.12.2/lets-list-all-programs-0.1.0.0/t/lets-list-all-programs/build/lets-list-all-programs/lets-list-all-programs count --system=STRLC --parallel-conjunction-strategy=OSF --depth=2 +RTS  -RTS
    1.09 ± 0.02 times faster than /Users/wen/Projects/wen.works/dist-newstyle/build/aarch64-osx/ghc-9.12.2/lets-list-all-programs-0.1.0.0/t/lets-list-all-programs/build/lets-list-all-programs/lets-list-all-programs count --system=STRLC --parallel-conjunction-strategy=OSF --depth=11 +RTS  -RTS
    1.82 ± 0.03 times faster than /Users/wen/Projects/wen.works/dist-newstyle/build/aarch64-osx/ghc-9.12.2/lets-list-all-programs-0.1.0.0/t/lets-list-all-programs/build/lets-list-all-programs/lets-list-all-programs count --system=STRLC --parallel-conjunction-strategy=OSF --depth=19 +RTS  -RTS
    2.60 ± 0.08 times faster than /Users/wen/Projects/wen.works/dist-newstyle/build/aarch64-osx/ghc-9.12.2/lets-list-all-programs-0.1.0.0/t/lets-list-all-programs/build/lets-list-all-programs/lets-list-all-programs count --system=STRLC --parallel-conjunction-strategy=OSF --depth=20 +RTS  -RTS
    5.06 ± 0.08 times faster than /Users/wen/Projects/wen.works/dist-newstyle/build/aarch64-osx/ghc-9.12.2/lets-list-all-programs-0.1.0.0/t/lets-list-all-programs/build/lets-list-all-programs/lets-list-all-programs count --system=STRLC --parallel-conjunction-strategy=OSF --depth=21 +RTS  -RTS
    9.12 ± 0.14 times faster than /Users/wen/Projects/wen.works/dist-newstyle/build/aarch64-osx/ghc-9.12.2/lets-list-all-programs-0.1.0.0/t/lets-list-all-programs/build/lets-list-all-programs/lets-list-all-programs count --system=STRLC --parallel-conjunction-strategy=OSF --depth=22 +RTS  -RTS
   17.20 ± 0.26 times faster than /Users/wen/Projects/wen.works/dist-newstyle/build/aarch64-osx/ghc-9.12.2/lets-list-all-programs-0.1.0.0/t/lets-list-all-programs/build/lets-list-all-programs/lets-list-all-programs count --system=STRLC --parallel-conjunction-strategy=OSF --depth=23 +RTS  -RTS
   35.66 ± 0.63 times faster than /Users/wen/Projects/wen.works/dist-newstyle/build/aarch64-osx/ghc-9.12.2/lets-list-all-programs-0.1.0.0/t/lets-list-all-programs/build/lets-list-all-programs/lets-list-all-programs count --system=STRLC --parallel-conjunction-strategy=OSF --depth=24 +RTS  -RTS
   73.43 ± 1.29 times faster than /Users/wen/Projects/wen.works/dist-newstyle/build/aarch64-osx/ghc-9.12.2/lets-list-all-programs-0.1.0.0/t/lets-list-all-programs/build/lets-list-all-programs/lets-list-all-programs count --system=STRLC --parallel-conjunction-strategy=OSF --depth=25 +RTS  -RTS
  150.07 times faster than /Users/wen/Projects/wen.works/dist-newstyle/build/aarch64-osx/ghc-9.12.2/lets-list-all-programs-0.1.0.0/t/lets-list-all-programs/build/lets-list-all-programs/lets-list-all-programs count --system=STRLC --parallel-conjunction-strategy=OSF --depth=26 +RTS  -RTS
  320.78 times faster than /Users/wen/Projects/wen.works/dist-newstyle/build/aarch64-osx/ghc-9.12.2/lets-list-all-programs-0.1.0.0/t/lets-list-all-programs/build/lets-list-all-programs/lets-list-all-programs count --system=STRLC --parallel-conjunction-strategy=OSF --depth=27 +RTS  -RTS
  696.15 times faster than /Users/wen/Projects/wen.works/dist-newstyle/build/aarch64-osx/ghc-9.12.2/lets-list-all-programs-0.1.0.0/t/lets-list-all-programs/build/lets-list-all-programs/lets-list-all-programs count --system=STRLC --parallel-conjunction-strategy=OSF --depth=28 +RTS  -RTS
 1477.85 times faster than /Users/wen/Projects/wen.works/dist-newstyle/build/aarch64-osx/ghc-9.12.2/lets-list-all-programs-0.1.0.0/t/lets-list-all-programs/build/lets-list-all-programs/lets-list-all-programs count --system=STRLC --parallel-conjunction-strategy=OSF --depth=29 +RTS  -RTS
 3219.29 times faster than /Users/wen/Projects/wen.works/dist-newstyle/build/aarch64-osx/ghc-9.12.2/lets-list-all-programs-0.1.0.0/t/lets-list-all-programs/build/lets-list-all-programs/lets-list-all-programs count --system=STRLC --parallel-conjunction-strategy=OSF --depth=30 +RTS  -RTS
