Benchmark 1: /Users/wen/Projects/wen.works/dist-newstyle/build/aarch64-osx/ghc-9.12.2/lets-list-all-programs-0.1.0.0/t/lets-list-all-programs/build/lets-list-all-programs/lets-list-all-programs count --system=STRLC --parallel-conjunction-strategy=O --depth=1 +RTS  -RTS
0
0
0
0
0
0
0
0
0
0
0
0
0
0
0
0
0
0
0
0
0
0
0
  Time (mean ± σ):      16.4 ms ±   0.4 ms    [User: 2.5 ms, System: 2.5 ms]
  Range (min … max):    15.0 ms …  17.3 ms    20 runs
 
Benchmark 2: /Users/wen/Projects/wen.works/dist-newstyle/build/aarch64-osx/ghc-9.12.2/lets-list-all-programs-0.1.0.0/t/lets-list-all-programs/build/lets-list-all-programs/lets-list-all-programs count --system=STRLC --parallel-conjunction-strategy=O --depth=2 +RTS  -RTS
1
1
1
1
1
1
1
1
1
1
1
1
1
1
1
1
1
1
1
1
1
1
1
  Time (mean ± σ):      16.7 ms ±   0.4 ms    [User: 2.6 ms, System: 2.9 ms]
  Range (min … max):    15.4 ms …  17.3 ms    20 runs
 
Benchmark 3: /Users/wen/Projects/wen.works/dist-newstyle/build/aarch64-osx/ghc-9.12.2/lets-list-all-programs-0.1.0.0/t/lets-list-all-programs/build/lets-list-all-programs/lets-list-all-programs count --system=STRLC --parallel-conjunction-strategy=O --depth=3 +RTS  -RTS
1
1
1
1
1
1
1
1
1
1
1
1
1
1
1
1
1
1
1
1
1
1
1
  Time (mean ± σ):      16.5 ms ±   0.5 ms    [User: 2.6 ms, System: 2.8 ms]
  Range (min … max):    15.0 ms …  16.9 ms    20 runs
 
Benchmark 4: /Users/wen/Projects/wen.works/dist-newstyle/build/aarch64-osx/ghc-9.12.2/lets-list-all-programs-0.1.0.0/t/lets-list-all-programs/build/lets-list-all-programs/lets-list-all-programs count --system=STRLC --parallel-conjunction-strategy=O --depth=4 +RTS  -RTS
1
1
1
1
1
1
1
1
1
1
1
1
1
1
1
1
1
1
1
1
1
1
1
  Time (mean ± σ):      16.7 ms ±   0.2 ms    [User: 2.6 ms, System: 2.8 ms]
  Range (min … max):    16.0 ms …  17.0 ms    20 runs
 
Benchmark 5: /Users/wen/Projects/wen.works/dist-newstyle/build/aarch64-osx/ghc-9.12.2/lets-list-all-programs-0.1.0.0/t/lets-list-all-programs/build/lets-list-all-programs/lets-list-all-programs count --system=STRLC --parallel-conjunction-strategy=O --depth=5 +RTS  -RTS
1
1
1
1
1
1
1
1
1
1
1
1
1
1
1
1
1
1
1
1
1
1
1
  Time (mean ± σ):      16.6 ms ±   0.2 ms    [User: 2.6 ms, System: 2.7 ms]
  Range (min … max):    16.0 ms …  16.8 ms    20 runs
 
Benchmark 6: /Users/wen/Projects/wen.works/dist-newstyle/build/aarch64-osx/ghc-9.12.2/lets-list-all-programs-0.1.0.0/t/lets-list-all-programs/build/lets-list-all-programs/lets-list-all-programs count --system=STRLC --parallel-conjunction-strategy=O --depth=6 +RTS  -RTS
2
2
2
2
2
2
2
2
2
2
2
2
2
2
2
2
2
2
2
2
2
2
2
  Time (mean ± σ):      16.6 ms ±   0.2 ms    [User: 2.6 ms, System: 2.8 ms]
  Range (min … max):    16.0 ms …  16.8 ms    20 runs
 
Benchmark 7: /Users/wen/Projects/wen.works/dist-newstyle/build/aarch64-osx/ghc-9.12.2/lets-list-all-programs-0.1.0.0/t/lets-list-all-programs/build/lets-list-all-programs/lets-list-all-programs count --system=STRLC --parallel-conjunction-strategy=O --depth=7 +RTS  -RTS
2
2
2
2
2
2
2
2
2
2
2
2
2
2
2
2
2
2
2
2
2
2
2
  Time (mean ± σ):      16.6 ms ±   0.3 ms    [User: 2.6 ms, System: 2.8 ms]
  Range (min … max):    15.7 ms …  16.9 ms    20 runs
 
Benchmark 8: /Users/wen/Projects/wen.works/dist-newstyle/build/aarch64-osx/ghc-9.12.2/lets-list-all-programs-0.1.0.0/t/lets-list-all-programs/build/lets-list-all-programs/lets-list-all-programs count --system=STRLC --parallel-conjunction-strategy=O --depth=8 +RTS  -RTS
3
3
3
3
3
3
3
3
3
3
3
3
3
3
3
3
3
3
3
3
3
3
3
  Time (mean ± σ):      16.6 ms ±   0.3 ms    [User: 2.6 ms, System: 2.8 ms]
  Range (min … max):    15.5 ms …  16.9 ms    20 runs
 
Benchmark 9: /Users/wen/Projects/wen.works/dist-newstyle/build/aarch64-osx/ghc-9.12.2/lets-list-all-programs-0.1.0.0/t/lets-list-all-programs/build/lets-list-all-programs/lets-list-all-programs count --system=STRLC --parallel-conjunction-strategy=O --depth=9 +RTS  -RTS
3
3
3
3
3
3
3
3
3
3
3
3
3
3
3
3
3
3
3
3
3
3
3
  Time (mean ± σ):      16.6 ms ±   0.5 ms    [User: 2.7 ms, System: 2.9 ms]
  Range (min … max):    15.0 ms …  17.2 ms    20 runs
 
Benchmark 10: /Users/wen/Projects/wen.works/dist-newstyle/build/aarch64-osx/ghc-9.12.2/lets-list-all-programs-0.1.0.0/t/lets-list-all-programs/build/lets-list-all-programs/lets-list-all-programs count --system=STRLC --parallel-conjunction-strategy=O --depth=10 +RTS  -RTS
5
5
5
5
5
5
5
5
5
5
5
5
5
5
5
5
5
5
5
5
5
5
5
  Time (mean ± σ):      16.7 ms ±   0.2 ms    [User: 2.7 ms, System: 2.8 ms]
  Range (min … max):    16.1 ms …  17.0 ms    20 runs
 
Benchmark 11: /Users/wen/Projects/wen.works/dist-newstyle/build/aarch64-osx/ghc-9.12.2/lets-list-all-programs-0.1.0.0/t/lets-list-all-programs/build/lets-list-all-programs/lets-list-all-programs count --system=STRLC --parallel-conjunction-strategy=O --depth=11 +RTS  -RTS
5
5
5
5
5
5
5
5
5
5
5
5
5
5
5
5
5
5
5
5
5
5
5
  Time (mean ± σ):      16.6 ms ±   0.4 ms    [User: 2.8 ms, System: 2.8 ms]
  Range (min … max):    15.4 ms …  17.0 ms    20 runs
 
Benchmark 12: /Users/wen/Projects/wen.works/dist-newstyle/build/aarch64-osx/ghc-9.12.2/lets-list-all-programs-0.1.0.0/t/lets-list-all-programs/build/lets-list-all-programs/lets-list-all-programs count --system=STRLC --parallel-conjunction-strategy=O --depth=12 +RTS  -RTS
9
9
9
9
9
9
9
9
9
9
9
9
9
9
9
9
9
9
9
9
9
9
9
  Time (mean ± σ):      16.7 ms ±   0.2 ms    [User: 2.8 ms, System: 2.8 ms]
  Range (min … max):    16.5 ms …  17.1 ms    20 runs
 
Benchmark 13: /Users/wen/Projects/wen.works/dist-newstyle/build/aarch64-osx/ghc-9.12.2/lets-list-all-programs-0.1.0.0/t/lets-list-all-programs/build/lets-list-all-programs/lets-list-all-programs count --system=STRLC --parallel-conjunction-strategy=O --depth=13 +RTS  -RTS
9
9
9
9
9
9
9
9
9
9
9
9
9
9
9
9
9
9
9
9
9
9
9
  Time (mean ± σ):      16.6 ms ±   0.1 ms    [User: 3.0 ms, System: 2.8 ms]
  Range (min … max):    16.3 ms …  16.9 ms    20 runs
 
Benchmark 14: /Users/wen/Projects/wen.works/dist-newstyle/build/aarch64-osx/ghc-9.12.2/lets-list-all-programs-0.1.0.0/t/lets-list-all-programs/build/lets-list-all-programs/lets-list-all-programs count --system=STRLC --parallel-conjunction-strategy=O --depth=14 +RTS  -RTS
16
16
16
16
16
16
16
16
16
16
16
16
16
16
16
16
16
16
16
16
16
16
16
  Time (mean ± σ):      16.5 ms ±   0.1 ms    [User: 3.5 ms, System: 2.7 ms]
  Range (min … max):    16.4 ms …  16.7 ms    20 runs
 
Benchmark 15: /Users/wen/Projects/wen.works/dist-newstyle/build/aarch64-osx/ghc-9.12.2/lets-list-all-programs-0.1.0.0/t/lets-list-all-programs/build/lets-list-all-programs/lets-list-all-programs count --system=STRLC --parallel-conjunction-strategy=O --depth=15 +RTS  -RTS
18
18
18
18
18
18
18
18
18
18
18
18
18
18
18
18
18
18
18
18
18
18
18
  Time (mean ± σ):      16.4 ms ±   0.2 ms    [User: 4.8 ms, System: 2.7 ms]
  Range (min … max):    16.1 ms …  16.8 ms    20 runs
 
Benchmark 16: /Users/wen/Projects/wen.works/dist-newstyle/build/aarch64-osx/ghc-9.12.2/lets-list-all-programs-0.1.0.0/t/lets-list-all-programs/build/lets-list-all-programs/lets-list-all-programs count --system=STRLC --parallel-conjunction-strategy=O --depth=16 +RTS  -RTS
36
36
36
36
36
36
36
36
36
36
36
36
36
36
36
36
36
36
36
36
36
36
36
  Time (mean ± σ):      15.8 ms ±   0.3 ms    [User: 7.1 ms, System: 2.2 ms]
  Range (min … max):    15.4 ms …  16.5 ms    20 runs
 
Benchmark 17: /Users/wen/Projects/wen.works/dist-newstyle/build/aarch64-osx/ghc-9.12.2/lets-list-all-programs-0.1.0.0/t/lets-list-all-programs/build/lets-list-all-programs/lets-list-all-programs count --system=STRLC --parallel-conjunction-strategy=O --depth=17 +RTS  -RTS
36
36
36
36
36
36
36
36
36
36
36
36
36
36
36
36
36
36
36
36
36
36
36
  Time (mean ± σ):      27.5 ms ±   0.9 ms    [User: 13.7 ms, System: 2.1 ms]
  Range (min … max):    26.4 ms …  28.3 ms    20 runs
 
Benchmark 18: /Users/wen/Projects/wen.works/dist-newstyle/build/aarch64-osx/ghc-9.12.2/lets-list-all-programs-0.1.0.0/t/lets-list-all-programs/build/lets-list-all-programs/lets-list-all-programs count --system=STRLC --parallel-conjunction-strategy=O --depth=18 +RTS  -RTS
69
69
69
69
69
69
69
69
69
69
69
69
69
69
69
69
69
69
69
69
69
69
69
  Time (mean ± σ):      40.6 ms ±   0.3 ms    [User: 32.3 ms, System: 2.2 ms]
  Range (min … max):    39.5 ms …  40.9 ms    20 runs
 
Benchmark 19: /Users/wen/Projects/wen.works/dist-newstyle/build/aarch64-osx/ghc-9.12.2/lets-list-all-programs-0.1.0.0/t/lets-list-all-programs/build/lets-list-all-programs/lets-list-all-programs count --system=STRLC --parallel-conjunction-strategy=O --depth=19 +RTS  -RTS
87
87
87
87
87
87
87
87
87
87
87
87
87
87
87
87
87
87
87
87
87
87
87
  Time (mean ± σ):      90.7 ms ±   0.5 ms    [User: 84.6 ms, System: 2.4 ms]
  Range (min … max):    88.5 ms …  90.9 ms    20 runs
 
Benchmark 20: /Users/wen/Projects/wen.works/dist-newstyle/build/aarch64-osx/ghc-9.12.2/lets-list-all-programs-0.1.0.0/t/lets-list-all-programs/build/lets-list-all-programs/lets-list-all-programs count --system=STRLC --parallel-conjunction-strategy=O --depth=20 +RTS  -RTS
173
173
173
173
173
173
173
173
173
173
173
173
173
173
173
  Time (mean ± σ):     229.3 ms ±   3.7 ms    [User: 222.9 ms, System: 2.7 ms]
  Range (min … max):   226.8 ms … 240.9 ms    12 runs
 
Benchmark 21: /Users/wen/Projects/wen.works/dist-newstyle/build/aarch64-osx/ghc-9.12.2/lets-list-all-programs-0.1.0.0/t/lets-list-all-programs/build/lets-list-all-programs/lets-list-all-programs count --system=STRLC --parallel-conjunction-strategy=O --depth=21 +RTS  -RTS
195
195
195
195
195
195
195
  Time (mean ± σ):     640.3 ms ±   1.5 ms    [User: 628.0 ms, System: 3.4 ms]
  Range (min … max):   638.2 ms … 641.4 ms    4 runs
 
Benchmark 22: /Users/wen/Projects/wen.works/dist-newstyle/build/aarch64-osx/ghc-9.12.2/lets-list-all-programs-0.1.0.0/t/lets-list-all-programs/build/lets-list-all-programs/lets-list-all-programs count --system=STRLC --parallel-conjunction-strategy=O --depth=22 +RTS  -RTS
385
385
385
385
  Time (abs ≡):         1.830 s               [User: 1.821 s, System: 0.006 s]
 
Benchmark 23: /Users/wen/Projects/wen.works/dist-newstyle/build/aarch64-osx/ghc-9.12.2/lets-list-all-programs-0.1.0.0/t/lets-list-all-programs/build/lets-list-all-programs/lets-list-all-programs count --system=STRLC --parallel-conjunction-strategy=O --depth=23 +RTS  -RTS
505
505
505
505
  Time (abs ≡):         5.369 s               [User: 5.352 s, System: 0.017 s]
 
Benchmark 24: /Users/wen/Projects/wen.works/dist-newstyle/build/aarch64-osx/ghc-9.12.2/lets-list-all-programs-0.1.0.0/t/lets-list-all-programs/build/lets-list-all-programs/lets-list-all-programs count --system=STRLC --parallel-conjunction-strategy=O --depth=24 +RTS  -RTS
970
970
970
970
  Time (abs ≡):        15.844 s               [User: 15.808 s, System: 0.037 s]
 
Benchmark 25: /Users/wen/Projects/wen.works/dist-newstyle/build/aarch64-osx/ghc-9.12.2/lets-list-all-programs-0.1.0.0/t/lets-list-all-programs/build/lets-list-all-programs/lets-list-all-programs count --system=STRLC --parallel-conjunction-strategy=O --depth=25 +RTS  -RTS
1299
1299
1299
1299
  Time (abs ≡):        47.982 s               [User: 47.886 s, System: 0.098 s]
 
Benchmark 26: /Users/wen/Projects/wen.works/dist-newstyle/build/aarch64-osx/ghc-9.12.2/lets-list-all-programs-0.1.0.0/t/lets-list-all-programs/build/lets-list-all-programs/lets-list-all-programs count --system=STRLC --parallel-conjunction-strategy=O --depth=26 +RTS  -RTS
2492
2492
2492
2492
  Time (abs ≡):        149.617 s               [User: 149.342 s, System: 0.305 s]
 
Benchmark 27: /Users/wen/Projects/wen.works/dist-newstyle/build/aarch64-osx/ghc-9.12.2/lets-list-all-programs-0.1.0.0/t/lets-list-all-programs/build/lets-list-all-programs/lets-list-all-programs count --system=STRLC --parallel-conjunction-strategy=O --depth=27 +RTS  -RTS
3408
3408
3408
3408
  Time (abs ≡):        468.179 s               [User: 467.374 s, System: 0.922 s]
 
Benchmark 28: /Users/wen/Projects/wen.works/dist-newstyle/build/aarch64-osx/ghc-9.12.2/lets-list-all-programs-0.1.0.0/t/lets-list-all-programs/build/lets-list-all-programs/lets-list-all-programs count --system=STRLC --parallel-conjunction-strategy=O --depth=28 +RTS  -RTS
6518
6518
6518
6518
  Time (abs ≡):        1503.429 s               [User: 1500.851 s, System: 2.966 s]
 
Benchmark 29: /Users/wen/Projects/wen.works/dist-newstyle/build/aarch64-osx/ghc-9.12.2/lets-list-all-programs-0.1.0.0/t/lets-list-all-programs/build/lets-list-all-programs/lets-list-all-programs count --system=STRLC --parallel-conjunction-strategy=O --depth=29 +RTS  -RTS
9786
9786
9786
9786
  Time (abs ≡):        4905.070 s               [User: 4896.392 s, System: 9.970 s]
 
Benchmark 30: /Users/wen/Projects/wen.works/dist-newstyle/build/aarch64-osx/ghc-9.12.2/lets-list-all-programs-0.1.0.0/t/lets-list-all-programs/build/lets-list-all-programs/lets-list-all-programs count --system=STRLC --parallel-conjunction-strategy=O --depth=30 +RTS  -RTS
17850
17850
17850
17850
  Time (abs ≡):        16367.599 s               [User: 16338.913 s, System: 33.018 s]
 
Summary
  /Users/wen/Projects/wen.works/dist-newstyle/build/aarch64-osx/ghc-9.12.2/lets-list-all-programs-0.1.0.0/t/lets-list-all-programs/build/lets-list-all-programs/lets-list-all-programs count --system=STRLC --parallel-conjunction-strategy=O --depth=16 +RTS  -RTS ran
    1.04 ± 0.02 times faster than /Users/wen/Projects/wen.works/dist-newstyle/build/aarch64-osx/ghc-9.12.2/lets-list-all-programs-0.1.0.0/t/lets-list-all-programs/build/lets-list-all-programs/lets-list-all-programs count --system=STRLC --parallel-conjunction-strategy=O --depth=15 +RTS  -RTS
    1.04 ± 0.03 times faster than /Users/wen/Projects/wen.works/dist-newstyle/build/aarch64-osx/ghc-9.12.2/lets-list-all-programs-0.1.0.0/t/lets-list-all-programs/build/lets-list-all-programs/lets-list-all-programs count --system=STRLC --parallel-conjunction-strategy=O --depth=1 +RTS  -RTS
    1.05 ± 0.03 times faster than /Users/wen/Projects/wen.works/dist-newstyle/build/aarch64-osx/ghc-9.12.2/lets-list-all-programs-0.1.0.0/t/lets-list-all-programs/build/lets-list-all-programs/lets-list-all-programs count --system=STRLC --parallel-conjunction-strategy=O --depth=3 +RTS  -RTS
    1.05 ± 0.02 times faster than /Users/wen/Projects/wen.works/dist-newstyle/build/aarch64-osx/ghc-9.12.2/lets-list-all-programs-0.1.0.0/t/lets-list-all-programs/build/lets-list-all-programs/lets-list-all-programs count --system=STRLC --parallel-conjunction-strategy=O --depth=14 +RTS  -RTS
    1.05 ± 0.03 times faster than /Users/wen/Projects/wen.works/dist-newstyle/build/aarch64-osx/ghc-9.12.2/lets-list-all-programs-0.1.0.0/t/lets-list-all-programs/build/lets-list-all-programs/lets-list-all-programs count --system=STRLC --parallel-conjunction-strategy=O --depth=11 +RTS  -RTS
    1.05 ± 0.02 times faster than /Users/wen/Projects/wen.works/dist-newstyle/build/aarch64-osx/ghc-9.12.2/lets-list-all-programs-0.1.0.0/t/lets-list-all-programs/build/lets-list-all-programs/lets-list-all-programs count --system=STRLC --parallel-conjunction-strategy=O --depth=5 +RTS  -RTS
    1.05 ± 0.03 times faster than /Users/wen/Projects/wen.works/dist-newstyle/build/aarch64-osx/ghc-9.12.2/lets-list-all-programs-0.1.0.0/t/lets-list-all-programs/build/lets-list-all-programs/lets-list-all-programs count --system=STRLC --parallel-conjunction-strategy=O --depth=8 +RTS  -RTS
    1.05 ± 0.02 times faster than /Users/wen/Projects/wen.works/dist-newstyle/build/aarch64-osx/ghc-9.12.2/lets-list-all-programs-0.1.0.0/t/lets-list-all-programs/build/lets-list-all-programs/lets-list-all-programs count --system=STRLC --parallel-conjunction-strategy=O --depth=13 +RTS  -RTS
    1.05 ± 0.03 times faster than /Users/wen/Projects/wen.works/dist-newstyle/build/aarch64-osx/ghc-9.12.2/lets-list-all-programs-0.1.0.0/t/lets-list-all-programs/build/lets-list-all-programs/lets-list-all-programs count --system=STRLC --parallel-conjunction-strategy=O --depth=7 +RTS  -RTS
    1.06 ± 0.04 times faster than /Users/wen/Projects/wen.works/dist-newstyle/build/aarch64-osx/ghc-9.12.2/lets-list-all-programs-0.1.0.0/t/lets-list-all-programs/build/lets-list-all-programs/lets-list-all-programs count --system=STRLC --parallel-conjunction-strategy=O --depth=9 +RTS  -RTS
    1.06 ± 0.02 times faster than /Users/wen/Projects/wen.works/dist-newstyle/build/aarch64-osx/ghc-9.12.2/lets-list-all-programs-0.1.0.0/t/lets-list-all-programs/build/lets-list-all-programs/lets-list-all-programs count --system=STRLC --parallel-conjunction-strategy=O --depth=6 +RTS  -RTS
    1.06 ± 0.02 times faster than /Users/wen/Projects/wen.works/dist-newstyle/build/aarch64-osx/ghc-9.12.2/lets-list-all-programs-0.1.0.0/t/lets-list-all-programs/build/lets-list-all-programs/lets-list-all-programs count --system=STRLC --parallel-conjunction-strategy=O --depth=10 +RTS  -RTS
    1.06 ± 0.02 times faster than /Users/wen/Projects/wen.works/dist-newstyle/build/aarch64-osx/ghc-9.12.2/lets-list-all-programs-0.1.0.0/t/lets-list-all-programs/build/lets-list-all-programs/lets-list-all-programs count --system=STRLC --parallel-conjunction-strategy=O --depth=4 +RTS  -RTS
    1.06 ± 0.03 times faster than /Users/wen/Projects/wen.works/dist-newstyle/build/aarch64-osx/ghc-9.12.2/lets-list-all-programs-0.1.0.0/t/lets-list-all-programs/build/lets-list-all-programs/lets-list-all-programs count --system=STRLC --parallel-conjunction-strategy=O --depth=2 +RTS  -RTS
    1.06 ± 0.02 times faster than /Users/wen/Projects/wen.works/dist-newstyle/build/aarch64-osx/ghc-9.12.2/lets-list-all-programs-0.1.0.0/t/lets-list-all-programs/build/lets-list-all-programs/lets-list-all-programs count --system=STRLC --parallel-conjunction-strategy=O --depth=12 +RTS  -RTS
    1.74 ± 0.06 times faster than /Users/wen/Projects/wen.works/dist-newstyle/build/aarch64-osx/ghc-9.12.2/lets-list-all-programs-0.1.0.0/t/lets-list-all-programs/build/lets-list-all-programs/lets-list-all-programs count --system=STRLC --parallel-conjunction-strategy=O --depth=17 +RTS  -RTS
    2.58 ± 0.05 times faster than /Users/wen/Projects/wen.works/dist-newstyle/build/aarch64-osx/ghc-9.12.2/lets-list-all-programs-0.1.0.0/t/lets-list-all-programs/build/lets-list-all-programs/lets-list-all-programs count --system=STRLC --parallel-conjunction-strategy=O --depth=18 +RTS  -RTS
    5.75 ± 0.10 times faster than /Users/wen/Projects/wen.works/dist-newstyle/build/aarch64-osx/ghc-9.12.2/lets-list-all-programs-0.1.0.0/t/lets-list-all-programs/build/lets-list-all-programs/lets-list-all-programs count --system=STRLC --parallel-conjunction-strategy=O --depth=19 +RTS  -RTS
   14.55 ± 0.34 times faster than /Users/wen/Projects/wen.works/dist-newstyle/build/aarch64-osx/ghc-9.12.2/lets-list-all-programs-0.1.0.0/t/lets-list-all-programs/build/lets-list-all-programs/lets-list-all-programs count --system=STRLC --parallel-conjunction-strategy=O --depth=20 +RTS  -RTS
   40.64 ± 0.71 times faster than /Users/wen/Projects/wen.works/dist-newstyle/build/aarch64-osx/ghc-9.12.2/lets-list-all-programs-0.1.0.0/t/lets-list-all-programs/build/lets-list-all-programs/lets-list-all-programs count --system=STRLC --parallel-conjunction-strategy=O --depth=21 +RTS  -RTS
  116.14 times faster than /Users/wen/Projects/wen.works/dist-newstyle/build/aarch64-osx/ghc-9.12.2/lets-list-all-programs-0.1.0.0/t/lets-list-all-programs/build/lets-list-all-programs/lets-list-all-programs count --system=STRLC --parallel-conjunction-strategy=O --depth=22 +RTS  -RTS
  340.80 times faster than /Users/wen/Projects/wen.works/dist-newstyle/build/aarch64-osx/ghc-9.12.2/lets-list-all-programs-0.1.0.0/t/lets-list-all-programs/build/lets-list-all-programs/lets-list-all-programs count --system=STRLC --parallel-conjunction-strategy=O --depth=23 +RTS  -RTS
 1005.62 times faster than /Users/wen/Projects/wen.works/dist-newstyle/build/aarch64-osx/ghc-9.12.2/lets-list-all-programs-0.1.0.0/t/lets-list-all-programs/build/lets-list-all-programs/lets-list-all-programs count --system=STRLC --parallel-conjunction-strategy=O --depth=24 +RTS  -RTS
 3045.48 times faster than /Users/wen/Projects/wen.works/dist-newstyle/build/aarch64-osx/ghc-9.12.2/lets-list-all-programs-0.1.0.0/t/lets-list-all-programs/build/lets-list-all-programs/lets-list-all-programs count --system=STRLC --parallel-conjunction-strategy=O --depth=25 +RTS  -RTS
 9496.33 times faster than /Users/wen/Projects/wen.works/dist-newstyle/build/aarch64-osx/ghc-9.12.2/lets-list-all-programs-0.1.0.0/t/lets-list-all-programs/build/lets-list-all-programs/lets-list-all-programs count --system=STRLC --parallel-conjunction-strategy=O --depth=26 +RTS  -RTS
29715.70 times faster than /Users/wen/Projects/wen.works/dist-newstyle/build/aarch64-osx/ghc-9.12.2/lets-list-all-programs-0.1.0.0/t/lets-list-all-programs/build/lets-list-all-programs/lets-list-all-programs count --system=STRLC --parallel-conjunction-strategy=O --depth=27 +RTS  -RTS
95423.95 times faster than /Users/wen/Projects/wen.works/dist-newstyle/build/aarch64-osx/ghc-9.12.2/lets-list-all-programs-0.1.0.0/t/lets-list-all-programs/build/lets-list-all-programs/lets-list-all-programs count --system=STRLC --parallel-conjunction-strategy=O --depth=28 +RTS  -RTS
311329.05 times faster than /Users/wen/Projects/wen.works/dist-newstyle/build/aarch64-osx/ghc-9.12.2/lets-list-all-programs-0.1.0.0/t/lets-list-all-programs/build/lets-list-all-programs/lets-list-all-programs count --system=STRLC --parallel-conjunction-strategy=O --depth=29 +RTS  -RTS
1038865.83 times faster than /Users/wen/Projects/wen.works/dist-newstyle/build/aarch64-osx/ghc-9.12.2/lets-list-all-programs-0.1.0.0/t/lets-list-all-programs/build/lets-list-all-programs/lets-list-all-programs count --system=STRLC --parallel-conjunction-strategy=O --depth=30 +RTS  -RTS
