Benchmark 1: /Users/wen/Projects/wen.works/dist-newstyle/build/aarch64-osx/ghc-9.12.2/lets-list-all-programs-0.1.0.0/t/lets-list-all-programs/build/lets-list-all-programs/lets-list-all-programs count --system=STLC --parallel-conjunction-strategy=O --depth=1 +RTS  -RTS
0
0
0
0
0
0
0
0
0
0
0
0
0
0
0
0
0
0
0
0
0
0
0
  Time (mean ± σ):      16.5 ms ±   0.5 ms    [User: 2.4 ms, System: 2.6 ms]
  Range (min … max):    14.7 ms …  16.9 ms    20 runs
 
Benchmark 2: /Users/wen/Projects/wen.works/dist-newstyle/build/aarch64-osx/ghc-9.12.2/lets-list-all-programs-0.1.0.0/t/lets-list-all-programs/build/lets-list-all-programs/lets-list-all-programs count --system=STLC --parallel-conjunction-strategy=O --depth=2 +RTS  -RTS
1
1
1
1
1
1
1
1
1
1
1
1
1
1
1
1
1
1
1
1
1
1
1
  Time (mean ± σ):      16.8 ms ±   0.3 ms    [User: 2.6 ms, System: 2.8 ms]
  Range (min … max):    16.0 ms …  17.2 ms    20 runs
 
Benchmark 3: /Users/wen/Projects/wen.works/dist-newstyle/build/aarch64-osx/ghc-9.12.2/lets-list-all-programs-0.1.0.0/t/lets-list-all-programs/build/lets-list-all-programs/lets-list-all-programs count --system=STLC --parallel-conjunction-strategy=O --depth=3 +RTS  -RTS
1
1
1
1
1
1
1
1
1
1
1
1
1
1
1
1
1
1
1
1
1
1
1
  Time (mean ± σ):      16.7 ms ±   0.3 ms    [User: 2.6 ms, System: 2.8 ms]
  Range (min … max):    16.1 ms …  17.3 ms    20 runs
 
Benchmark 4: /Users/wen/Projects/wen.works/dist-newstyle/build/aarch64-osx/ghc-9.12.2/lets-list-all-programs-0.1.0.0/t/lets-list-all-programs/build/lets-list-all-programs/lets-list-all-programs count --system=STLC --parallel-conjunction-strategy=O --depth=4 +RTS  -RTS
1
1
1
1
1
1
1
1
1
1
1
1
1
1
1
1
1
1
1
1
1
1
1
  Time (mean ± σ):      16.7 ms ±   0.2 ms    [User: 2.6 ms, System: 2.8 ms]
  Range (min … max):    16.1 ms …  16.9 ms    20 runs
 
Benchmark 5: /Users/wen/Projects/wen.works/dist-newstyle/build/aarch64-osx/ghc-9.12.2/lets-list-all-programs-0.1.0.0/t/lets-list-all-programs/build/lets-list-all-programs/lets-list-all-programs count --system=STLC --parallel-conjunction-strategy=O --depth=5 +RTS  -RTS
1
1
1
1
1
1
1
1
1
1
1
1
1
1
1
1
1
1
1
1
1
1
1
  Time (mean ± σ):      16.6 ms ±   0.2 ms    [User: 2.5 ms, System: 2.8 ms]
  Range (min … max):    16.1 ms …  16.8 ms    20 runs
 
Benchmark 6: /Users/wen/Projects/wen.works/dist-newstyle/build/aarch64-osx/ghc-9.12.2/lets-list-all-programs-0.1.0.0/t/lets-list-all-programs/build/lets-list-all-programs/lets-list-all-programs count --system=STLC --parallel-conjunction-strategy=O --depth=6 +RTS  -RTS
3
3
3
3
3
3
3
3
3
3
3
3
3
3
3
3
3
3
3
3
3
3
3
  Time (mean ± σ):      16.6 ms ±   0.2 ms    [User: 2.5 ms, System: 2.8 ms]
  Range (min … max):    15.9 ms …  16.8 ms    20 runs
 
Benchmark 7: /Users/wen/Projects/wen.works/dist-newstyle/build/aarch64-osx/ghc-9.12.2/lets-list-all-programs-0.1.0.0/t/lets-list-all-programs/build/lets-list-all-programs/lets-list-all-programs count --system=STLC --parallel-conjunction-strategy=O --depth=7 +RTS  -RTS
3
3
3
3
3
3
3
3
3
3
3
3
3
3
3
3
3
3
3
3
3
3
3
  Time (mean ± σ):      16.8 ms ±   0.2 ms    [User: 2.6 ms, System: 2.8 ms]
  Range (min … max):    16.6 ms …  17.2 ms    20 runs
 
Benchmark 8: /Users/wen/Projects/wen.works/dist-newstyle/build/aarch64-osx/ghc-9.12.2/lets-list-all-programs-0.1.0.0/t/lets-list-all-programs/build/lets-list-all-programs/lets-list-all-programs count --system=STLC --parallel-conjunction-strategy=O --depth=8 +RTS  -RTS
4
4
4
4
4
4
4
4
4
4
4
4
4
4
4
4
4
4
4
4
4
4
4
  Time (mean ± σ):      16.9 ms ±   0.3 ms    [User: 2.7 ms, System: 2.9 ms]
  Range (min … max):    16.3 ms …  17.4 ms    20 runs
 
Benchmark 9: /Users/wen/Projects/wen.works/dist-newstyle/build/aarch64-osx/ghc-9.12.2/lets-list-all-programs-0.1.0.0/t/lets-list-all-programs/build/lets-list-all-programs/lets-list-all-programs count --system=STLC --parallel-conjunction-strategy=O --depth=9 +RTS  -RTS
7
7
7
7
7
7
7
7
7
7
7
7
7
7
7
7
7
7
7
7
7
7
7
  Time (mean ± σ):      16.6 ms ±   0.3 ms    [User: 2.6 ms, System: 2.9 ms]
  Range (min … max):    16.1 ms …  17.2 ms    20 runs
 
Benchmark 10: /Users/wen/Projects/wen.works/dist-newstyle/build/aarch64-osx/ghc-9.12.2/lets-list-all-programs-0.1.0.0/t/lets-list-all-programs/build/lets-list-all-programs/lets-list-all-programs count --system=STLC --parallel-conjunction-strategy=O --depth=10 +RTS  -RTS
20
20
20
20
20
20
20
20
20
20
20
20
20
20
20
20
20
20
20
20
20
20
20
  Time (mean ± σ):      16.6 ms ±   0.4 ms    [User: 2.7 ms, System: 2.7 ms]
  Range (min … max):    15.9 ms …  17.3 ms    20 runs
 
Benchmark 11: /Users/wen/Projects/wen.works/dist-newstyle/build/aarch64-osx/ghc-9.12.2/lets-list-all-programs-0.1.0.0/t/lets-list-all-programs/build/lets-list-all-programs/lets-list-all-programs count --system=STLC --parallel-conjunction-strategy=O --depth=11 +RTS  -RTS
20
20
20
20
20
20
20
20
20
20
20
20
20
20
20
20
20
20
20
20
20
20
20
  Time (mean ± σ):      16.7 ms ±   0.2 ms    [User: 2.7 ms, System: 2.8 ms]
  Range (min … max):    16.1 ms …  17.2 ms    20 runs
 
Benchmark 12: /Users/wen/Projects/wen.works/dist-newstyle/build/aarch64-osx/ghc-9.12.2/lets-list-all-programs-0.1.0.0/t/lets-list-all-programs/build/lets-list-all-programs/lets-list-all-programs count --system=STLC --parallel-conjunction-strategy=O --depth=12 +RTS  -RTS
32
32
32
32
32
32
32
32
32
32
32
32
32
32
32
32
32
32
32
32
32
32
32
  Time (mean ± σ):      16.8 ms ±   0.3 ms    [User: 2.9 ms, System: 2.8 ms]
  Range (min … max):    16.3 ms …  17.4 ms    20 runs
 
Benchmark 13: /Users/wen/Projects/wen.works/dist-newstyle/build/aarch64-osx/ghc-9.12.2/lets-list-all-programs-0.1.0.0/t/lets-list-all-programs/build/lets-list-all-programs/lets-list-all-programs count --system=STLC --parallel-conjunction-strategy=O --depth=13 +RTS  -RTS
69
69
69
69
69
69
69
69
69
69
69
69
69
69
69
69
69
69
69
69
69
69
69
  Time (mean ± σ):      16.7 ms ±   0.1 ms    [User: 2.8 ms, System: 2.8 ms]
  Range (min … max):    16.5 ms …  16.8 ms    20 runs
 
Benchmark 14: /Users/wen/Projects/wen.works/dist-newstyle/build/aarch64-osx/ghc-9.12.2/lets-list-all-programs-0.1.0.0/t/lets-list-all-programs/build/lets-list-all-programs/lets-list-all-programs count --system=STLC --parallel-conjunction-strategy=O --depth=14 +RTS  -RTS
205
205
205
205
205
205
205
205
205
205
205
205
205
205
205
205
205
205
205
205
205
205
205
  Time (mean ± σ):      16.6 ms ±   0.1 ms    [User: 3.1 ms, System: 2.8 ms]
  Range (min … max):    16.4 ms …  16.9 ms    20 runs
 
Benchmark 15: /Users/wen/Projects/wen.works/dist-newstyle/build/aarch64-osx/ghc-9.12.2/lets-list-all-programs-0.1.0.0/t/lets-list-all-programs/build/lets-list-all-programs/lets-list-all-programs count --system=STLC --parallel-conjunction-strategy=O --depth=15 +RTS  -RTS
229
229
229
229
229
229
229
229
229
229
229
229
229
229
229
229
229
229
229
229
229
229
229
  Time (mean ± σ):      16.6 ms ±   0.1 ms    [User: 3.6 ms, System: 2.7 ms]
  Range (min … max):    16.4 ms …  17.1 ms    20 runs
 
Benchmark 16: /Users/wen/Projects/wen.works/dist-newstyle/build/aarch64-osx/ghc-9.12.2/lets-list-all-programs-0.1.0.0/t/lets-list-all-programs/build/lets-list-all-programs/lets-list-all-programs count --system=STLC --parallel-conjunction-strategy=O --depth=16 +RTS  -RTS
422
422
422
422
422
422
422
422
422
422
422
422
422
422
422
422
422
422
422
422
422
422
422
  Time (mean ± σ):      16.5 ms ±   0.2 ms    [User: 4.4 ms, System: 2.7 ms]
  Range (min … max):    16.3 ms …  17.1 ms    20 runs
 
Benchmark 17: /Users/wen/Projects/wen.works/dist-newstyle/build/aarch64-osx/ghc-9.12.2/lets-list-all-programs-0.1.0.0/t/lets-list-all-programs/build/lets-list-all-programs/lets-list-all-programs count --system=STLC --parallel-conjunction-strategy=O --depth=17 +RTS  -RTS
982
982
982
982
982
982
982
982
982
982
982
982
982
982
982
982
982
982
982
982
982
982
982
  Time (mean ± σ):      15.8 ms ±   0.6 ms    [User: 5.7 ms, System: 2.3 ms]
  Range (min … max):    14.2 ms …  16.5 ms    20 runs
 
Benchmark 18: /Users/wen/Projects/wen.works/dist-newstyle/build/aarch64-osx/ghc-9.12.2/lets-list-all-programs-0.1.0.0/t/lets-list-all-programs/build/lets-list-all-programs/lets-list-all-programs count --system=STLC --parallel-conjunction-strategy=O --depth=18 +RTS  -RTS
2890
2890
2890
2890
2890
2890
2890
2890
2890
2890
2890
2890
2890
2890
2890
2890
2890
2890
2890
2890
2890
2890
2890
  Time (mean ± σ):      15.5 ms ±   0.2 ms    [User: 9.0 ms, System: 2.0 ms]
  Range (min … max):    15.3 ms …  15.8 ms    20 runs
 
Benchmark 19: /Users/wen/Projects/wen.works/dist-newstyle/build/aarch64-osx/ghc-9.12.2/lets-list-all-programs-0.1.0.0/t/lets-list-all-programs/build/lets-list-all-programs/lets-list-all-programs count --system=STLC --parallel-conjunction-strategy=O --depth=19 +RTS  -RTS
3487
3487
3487
3487
3487
3487
3487
3487
3487
3487
3487
3487
3487
3487
3487
3487
3487
3487
3487
3487
3487
3487
3487
  Time (mean ± σ):      28.2 ms ±   0.0 ms    [User: 15.9 ms, System: 2.1 ms]
  Range (min … max):    28.1 ms …  28.3 ms    20 runs
 
Benchmark 20: /Users/wen/Projects/wen.works/dist-newstyle/build/aarch64-osx/ghc-9.12.2/lets-list-all-programs-0.1.0.0/t/lets-list-all-programs/build/lets-list-all-programs/lets-list-all-programs count --system=STLC --parallel-conjunction-strategy=O --depth=20 +RTS  -RTS
7072
7072
7072
7072
7072
7072
7072
7072
7072
7072
7072
7072
7072
7072
7072
7072
7072
7072
7072
7072
7072
7072
7072
  Time (mean ± σ):      40.6 ms ±   0.4 ms    [User: 28.5 ms, System: 2.2 ms]
  Range (min … max):    39.0 ms …  40.9 ms    20 runs
 
Benchmark 21: /Users/wen/Projects/wen.works/dist-newstyle/build/aarch64-osx/ghc-9.12.2/lets-list-all-programs-0.1.0.0/t/lets-list-all-programs/build/lets-list-all-programs/lets-list-all-programs count --system=STLC --parallel-conjunction-strategy=O --depth=21 +RTS  -RTS
17325
17325
17325
17325
17325
17325
17325
17325
17325
17325
17325
17325
17325
17325
17325
17325
17325
17325
17325
17325
17325
17325
17325
  Time (mean ± σ):      65.5 ms ±   0.5 ms    [User: 57.8 ms, System: 2.3 ms]
  Range (min … max):    63.5 ms …  65.8 ms    20 runs
 
Benchmark 22: /Users/wen/Projects/wen.works/dist-newstyle/build/aarch64-osx/ghc-9.12.2/lets-list-all-programs-0.1.0.0/t/lets-list-all-programs/build/lets-list-all-programs/lets-list-all-programs count --system=STLC --parallel-conjunction-strategy=O --depth=22 +RTS  -RTS
51176
51176
51176
51176
51176
51176
51176
51176
51176
51176
51176
51176
51176
51176
51176
51176
51176
51176
51176
51176
51176
51176
  Time (mean ± σ):     151.8 ms ±   4.0 ms    [User: 138.6 ms, System: 2.5 ms]
  Range (min … max):   140.8 ms … 153.5 ms    19 runs
 
Benchmark 23: /Users/wen/Projects/wen.works/dist-newstyle/build/aarch64-osx/ghc-9.12.2/lets-list-all-programs-0.1.0.0/t/lets-list-all-programs/build/lets-list-all-programs/lets-list-all-programs count --system=STLC --parallel-conjunction-strategy=O --depth=23 +RTS  -RTS
66071
66071
66071
66071
66071
66071
66071
66071
66071
66071
66071
66071
66071
  Time (mean ± σ):     282.1 ms ±   5.9 ms    [User: 274.0 ms, System: 2.8 ms]
  Range (min … max):   278.4 ms … 291.0 ms    10 runs
 
Benchmark 24: /Users/wen/Projects/wen.works/dist-newstyle/build/aarch64-osx/ghc-9.12.2/lets-list-all-programs-0.1.0.0/t/lets-list-all-programs/build/lets-list-all-programs/lets-list-all-programs count --system=STLC --parallel-conjunction-strategy=O --depth=24 +RTS  -RTS
142508
142508
142508
142508
142508
142508
142508
142508
  Time (mean ± σ):     550.2 ms ±   9.0 ms    [User: 538.7 ms, System: 3.4 ms]
  Range (min … max):   541.4 ms … 562.7 ms    5 runs
 
Benchmark 25: /Users/wen/Projects/wen.works/dist-newstyle/build/aarch64-osx/ghc-9.12.2/lets-list-all-programs-0.1.0.0/t/lets-list-all-programs/build/lets-list-all-programs/lets-list-all-programs count --system=STLC --parallel-conjunction-strategy=O --depth=25 +RTS  -RTS
362981
362981
362981
362981
362981
  Time (mean ± σ):      1.191 s ±  0.001 s    [User: 1.185 s, System: 0.005 s]
  Range (min … max):    1.190 s …  1.192 s    2 runs
 
Benchmark 26: /Users/wen/Projects/wen.works/dist-newstyle/build/aarch64-osx/ghc-9.12.2/lets-list-all-programs-0.1.0.0/t/lets-list-all-programs/build/lets-list-all-programs/lets-list-all-programs count --system=STLC --parallel-conjunction-strategy=O --depth=26 +RTS  -RTS
1086700
1086700
1086700
1086700
  Time (abs ≡):         3.068 s               [User: 3.048 s, System: 0.008 s]
 
Benchmark 27: /Users/wen/Projects/wen.works/dist-newstyle/build/aarch64-osx/ghc-9.12.2/lets-list-all-programs-0.1.0.0/t/lets-list-all-programs/build/lets-list-all-programs/lets-list-all-programs count --system=STLC --parallel-conjunction-strategy=O --depth=27 +RTS  -RTS
1484328
1484328
1484328
1484328
  Time (abs ≡):         6.170 s               [User: 6.150 s, System: 0.015 s]
 
Benchmark 28: /Users/wen/Projects/wen.works/dist-newstyle/build/aarch64-osx/ghc-9.12.2/lets-list-all-programs-0.1.0.0/t/lets-list-all-programs/build/lets-list-all-programs/lets-list-all-programs count --system=STLC --parallel-conjunction-strategy=O --depth=28 +RTS  -RTS
3353864
3353864
3353864
3353864
  Time (abs ≡):        12.470 s               [User: 12.439 s, System: 0.032 s]
 
Benchmark 29: /Users/wen/Projects/wen.works/dist-newstyle/build/aarch64-osx/ghc-9.12.2/lets-list-all-programs-0.1.0.0/t/lets-list-all-programs/build/lets-list-all-programs/lets-list-all-programs count --system=STLC --parallel-conjunction-strategy=O --depth=29 +RTS  -RTS
8847484
8847484
8847484
8847484
  Time (abs ≡):        28.984 s               [User: 28.926 s, System: 0.061 s]
 
Benchmark 30: /Users/wen/Projects/wen.works/dist-newstyle/build/aarch64-osx/ghc-9.12.2/lets-list-all-programs-0.1.0.0/t/lets-list-all-programs/build/lets-list-all-programs/lets-list-all-programs count --system=STLC --parallel-conjunction-strategy=O --depth=30 +RTS  -RTS
26982292
26982292
26982292
26982292
  Time (abs ≡):        77.839 s               [User: 77.694 s, System: 0.158 s]
 
Summary
  /Users/wen/Projects/wen.works/dist-newstyle/build/aarch64-osx/ghc-9.12.2/lets-list-all-programs-0.1.0.0/t/lets-list-all-programs/build/lets-list-all-programs/lets-list-all-programs count --system=STLC --parallel-conjunction-strategy=O --depth=18 +RTS  -RTS ran
    1.02 ± 0.04 times faster than /Users/wen/Projects/wen.works/dist-newstyle/build/aarch64-osx/ghc-9.12.2/lets-list-all-programs-0.1.0.0/t/lets-list-all-programs/build/lets-list-all-programs/lets-list-all-programs count --system=STLC --parallel-conjunction-strategy=O --depth=17 +RTS  -RTS
    1.06 ± 0.04 times faster than /Users/wen/Projects/wen.works/dist-newstyle/build/aarch64-osx/ghc-9.12.2/lets-list-all-programs-0.1.0.0/t/lets-list-all-programs/build/lets-list-all-programs/lets-list-all-programs count --system=STLC --parallel-conjunction-strategy=O --depth=1 +RTS  -RTS
    1.07 ± 0.02 times faster than /Users/wen/Projects/wen.works/dist-newstyle/build/aarch64-osx/ghc-9.12.2/lets-list-all-programs-0.1.0.0/t/lets-list-all-programs/build/lets-list-all-programs/lets-list-all-programs count --system=STLC --parallel-conjunction-strategy=O --depth=16 +RTS  -RTS
    1.07 ± 0.02 times faster than /Users/wen/Projects/wen.works/dist-newstyle/build/aarch64-osx/ghc-9.12.2/lets-list-all-programs-0.1.0.0/t/lets-list-all-programs/build/lets-list-all-programs/lets-list-all-programs count --system=STLC --parallel-conjunction-strategy=O --depth=5 +RTS  -RTS
    1.07 ± 0.02 times faster than /Users/wen/Projects/wen.works/dist-newstyle/build/aarch64-osx/ghc-9.12.2/lets-list-all-programs-0.1.0.0/t/lets-list-all-programs/build/lets-list-all-programs/lets-list-all-programs count --system=STLC --parallel-conjunction-strategy=O --depth=6 +RTS  -RTS
    1.07 ± 0.01 times faster than /Users/wen/Projects/wen.works/dist-newstyle/build/aarch64-osx/ghc-9.12.2/lets-list-all-programs-0.1.0.0/t/lets-list-all-programs/build/lets-list-all-programs/lets-list-all-programs count --system=STLC --parallel-conjunction-strategy=O --depth=15 +RTS  -RTS
    1.07 ± 0.01 times faster than /Users/wen/Projects/wen.works/dist-newstyle/build/aarch64-osx/ghc-9.12.2/lets-list-all-programs-0.1.0.0/t/lets-list-all-programs/build/lets-list-all-programs/lets-list-all-programs count --system=STLC --parallel-conjunction-strategy=O --depth=14 +RTS  -RTS
    1.07 ± 0.03 times faster than /Users/wen/Projects/wen.works/dist-newstyle/build/aarch64-osx/ghc-9.12.2/lets-list-all-programs-0.1.0.0/t/lets-list-all-programs/build/lets-list-all-programs/lets-list-all-programs count --system=STLC --parallel-conjunction-strategy=O --depth=10 +RTS  -RTS
    1.07 ± 0.02 times faster than /Users/wen/Projects/wen.works/dist-newstyle/build/aarch64-osx/ghc-9.12.2/lets-list-all-programs-0.1.0.0/t/lets-list-all-programs/build/lets-list-all-programs/lets-list-all-programs count --system=STLC --parallel-conjunction-strategy=O --depth=9 +RTS  -RTS
    1.08 ± 0.01 times faster than /Users/wen/Projects/wen.works/dist-newstyle/build/aarch64-osx/ghc-9.12.2/lets-list-all-programs-0.1.0.0/t/lets-list-all-programs/build/lets-list-all-programs/lets-list-all-programs count --system=STLC --parallel-conjunction-strategy=O --depth=13 +RTS  -RTS
    1.08 ± 0.02 times faster than /Users/wen/Projects/wen.works/dist-newstyle/build/aarch64-osx/ghc-9.12.2/lets-list-all-programs-0.1.0.0/t/lets-list-all-programs/build/lets-list-all-programs/lets-list-all-programs count --system=STLC --parallel-conjunction-strategy=O --depth=11 +RTS  -RTS
    1.08 ± 0.02 times faster than /Users/wen/Projects/wen.works/dist-newstyle/build/aarch64-osx/ghc-9.12.2/lets-list-all-programs-0.1.0.0/t/lets-list-all-programs/build/lets-list-all-programs/lets-list-all-programs count --system=STLC --parallel-conjunction-strategy=O --depth=3 +RTS  -RTS
    1.08 ± 0.02 times faster than /Users/wen/Projects/wen.works/dist-newstyle/build/aarch64-osx/ghc-9.12.2/lets-list-all-programs-0.1.0.0/t/lets-list-all-programs/build/lets-list-all-programs/lets-list-all-programs count --system=STLC --parallel-conjunction-strategy=O --depth=4 +RTS  -RTS
    1.08 ± 0.02 times faster than /Users/wen/Projects/wen.works/dist-newstyle/build/aarch64-osx/ghc-9.12.2/lets-list-all-programs-0.1.0.0/t/lets-list-all-programs/build/lets-list-all-programs/lets-list-all-programs count --system=STLC --parallel-conjunction-strategy=O --depth=2 +RTS  -RTS
    1.08 ± 0.02 times faster than /Users/wen/Projects/wen.works/dist-newstyle/build/aarch64-osx/ghc-9.12.2/lets-list-all-programs-0.1.0.0/t/lets-list-all-programs/build/lets-list-all-programs/lets-list-all-programs count --system=STLC --parallel-conjunction-strategy=O --depth=7 +RTS  -RTS
    1.09 ± 0.02 times faster than /Users/wen/Projects/wen.works/dist-newstyle/build/aarch64-osx/ghc-9.12.2/lets-list-all-programs-0.1.0.0/t/lets-list-all-programs/build/lets-list-all-programs/lets-list-all-programs count --system=STLC --parallel-conjunction-strategy=O --depth=12 +RTS  -RTS
    1.09 ± 0.02 times faster than /Users/wen/Projects/wen.works/dist-newstyle/build/aarch64-osx/ghc-9.12.2/lets-list-all-programs-0.1.0.0/t/lets-list-all-programs/build/lets-list-all-programs/lets-list-all-programs count --system=STLC --parallel-conjunction-strategy=O --depth=8 +RTS  -RTS
    1.82 ± 0.02 times faster than /Users/wen/Projects/wen.works/dist-newstyle/build/aarch64-osx/ghc-9.12.2/lets-list-all-programs-0.1.0.0/t/lets-list-all-programs/build/lets-list-all-programs/lets-list-all-programs count --system=STLC --parallel-conjunction-strategy=O --depth=19 +RTS  -RTS
    2.62 ± 0.04 times faster than /Users/wen/Projects/wen.works/dist-newstyle/build/aarch64-osx/ghc-9.12.2/lets-list-all-programs-0.1.0.0/t/lets-list-all-programs/build/lets-list-all-programs/lets-list-all-programs count --system=STLC --parallel-conjunction-strategy=O --depth=20 +RTS  -RTS
    4.23 ± 0.05 times faster than /Users/wen/Projects/wen.works/dist-newstyle/build/aarch64-osx/ghc-9.12.2/lets-list-all-programs-0.1.0.0/t/lets-list-all-programs/build/lets-list-all-programs/lets-list-all-programs count --system=STLC --parallel-conjunction-strategy=O --depth=21 +RTS  -RTS
    9.80 ± 0.27 times faster than /Users/wen/Projects/wen.works/dist-newstyle/build/aarch64-osx/ghc-9.12.2/lets-list-all-programs-0.1.0.0/t/lets-list-all-programs/build/lets-list-all-programs/lets-list-all-programs count --system=STLC --parallel-conjunction-strategy=O --depth=22 +RTS  -RTS
   18.22 ± 0.42 times faster than /Users/wen/Projects/wen.works/dist-newstyle/build/aarch64-osx/ghc-9.12.2/lets-list-all-programs-0.1.0.0/t/lets-list-all-programs/build/lets-list-all-programs/lets-list-all-programs count --system=STLC --parallel-conjunction-strategy=O --depth=23 +RTS  -RTS
   35.54 ± 0.68 times faster than /Users/wen/Projects/wen.works/dist-newstyle/build/aarch64-osx/ghc-9.12.2/lets-list-all-programs-0.1.0.0/t/lets-list-all-programs/build/lets-list-all-programs/lets-list-all-programs count --system=STLC --parallel-conjunction-strategy=O --depth=24 +RTS  -RTS
   76.94 ± 0.75 times faster than /Users/wen/Projects/wen.works/dist-newstyle/build/aarch64-osx/ghc-9.12.2/lets-list-all-programs-0.1.0.0/t/lets-list-all-programs/build/lets-list-all-programs/lets-list-all-programs count --system=STLC --parallel-conjunction-strategy=O --depth=25 +RTS  -RTS
  198.17 times faster than /Users/wen/Projects/wen.works/dist-newstyle/build/aarch64-osx/ghc-9.12.2/lets-list-all-programs-0.1.0.0/t/lets-list-all-programs/build/lets-list-all-programs/lets-list-all-programs count --system=STLC --parallel-conjunction-strategy=O --depth=26 +RTS  -RTS
  398.53 times faster than /Users/wen/Projects/wen.works/dist-newstyle/build/aarch64-osx/ghc-9.12.2/lets-list-all-programs-0.1.0.0/t/lets-list-all-programs/build/lets-list-all-programs/lets-list-all-programs count --system=STLC --parallel-conjunction-strategy=O --depth=27 +RTS  -RTS
  805.48 times faster than /Users/wen/Projects/wen.works/dist-newstyle/build/aarch64-osx/ghc-9.12.2/lets-list-all-programs-0.1.0.0/t/lets-list-all-programs/build/lets-list-all-programs/lets-list-all-programs count --system=STLC --parallel-conjunction-strategy=O --depth=28 +RTS  -RTS
 1872.22 times faster than /Users/wen/Projects/wen.works/dist-newstyle/build/aarch64-osx/ghc-9.12.2/lets-list-all-programs-0.1.0.0/t/lets-list-all-programs/build/lets-list-all-programs/lets-list-all-programs count --system=STLC --parallel-conjunction-strategy=O --depth=29 +RTS  -RTS
 5027.92 times faster than /Users/wen/Projects/wen.works/dist-newstyle/build/aarch64-osx/ghc-9.12.2/lets-list-all-programs-0.1.0.0/t/lets-list-all-programs/build/lets-list-all-programs/lets-list-all-programs count --system=STLC --parallel-conjunction-strategy=O --depth=30 +RTS  -RTS
