Benchmark 1: /Users/wen/Projects/wen.works/dist-newstyle/build/aarch64-osx/ghc-9.12.2/lets-list-all-programs-0.1.0.0/t/lets-list-all-programs/build/lets-list-all-programs/lets-list-all-programs count --system=STLLC --parallel-conjunction-strategy=OF --depth=1 +RTS -N -RTS
0
0
0
0
0
0
0
0
0
0
0
0
0
0
0
0
0
0
0
0
0
0
0
  Time (mean ± σ):      16.5 ms ±   0.4 ms    [User: 2.5 ms, System: 6.8 ms]
  Range (min … max):    15.0 ms …  17.0 ms    20 runs
 
Benchmark 2: /Users/wen/Projects/wen.works/dist-newstyle/build/aarch64-osx/ghc-9.12.2/lets-list-all-programs-0.1.0.0/t/lets-list-all-programs/build/lets-list-all-programs/lets-list-all-programs count --system=STLLC --parallel-conjunction-strategy=OF --depth=2 +RTS -N -RTS
1
1
1
1
1
1
1
1
1
1
1
1
1
1
1
1
1
1
1
1
1
1
1
  Time (mean ± σ):      16.5 ms ±   0.2 ms    [User: 2.5 ms, System: 6.8 ms]
  Range (min … max):    16.3 ms …  16.9 ms    20 runs
 
Benchmark 3: /Users/wen/Projects/wen.works/dist-newstyle/build/aarch64-osx/ghc-9.12.2/lets-list-all-programs-0.1.0.0/t/lets-list-all-programs/build/lets-list-all-programs/lets-list-all-programs count --system=STLLC --parallel-conjunction-strategy=OF --depth=3 +RTS -N -RTS
1
1
1
1
1
1
1
1
1
1
1
1
1
1
1
1
1
1
1
1
1
1
1
  Time (mean ± σ):      16.6 ms ±   0.2 ms    [User: 2.6 ms, System: 6.9 ms]
  Range (min … max):    16.0 ms …  16.9 ms    20 runs
 
Benchmark 4: /Users/wen/Projects/wen.works/dist-newstyle/build/aarch64-osx/ghc-9.12.2/lets-list-all-programs-0.1.0.0/t/lets-list-all-programs/build/lets-list-all-programs/lets-list-all-programs count --system=STLLC --parallel-conjunction-strategy=OF --depth=4 +RTS -N -RTS
1
1
1
1
1
1
1
1
1
1
1
1
1
1
1
1
1
1
1
1
1
1
1
  Time (mean ± σ):      16.5 ms ±   0.2 ms    [User: 2.5 ms, System: 7.0 ms]
  Range (min … max):    16.2 ms …  16.8 ms    20 runs
 
Benchmark 5: /Users/wen/Projects/wen.works/dist-newstyle/build/aarch64-osx/ghc-9.12.2/lets-list-all-programs-0.1.0.0/t/lets-list-all-programs/build/lets-list-all-programs/lets-list-all-programs count --system=STLLC --parallel-conjunction-strategy=OF --depth=5 +RTS -N -RTS
1
1
1
1
1
1
1
1
1
1
1
1
1
1
1
1
1
1
1
1
1
1
1
  Time (mean ± σ):      16.5 ms ±   0.2 ms    [User: 2.5 ms, System: 6.8 ms]
  Range (min … max):    16.2 ms …  16.7 ms    20 runs
 
Benchmark 6: /Users/wen/Projects/wen.works/dist-newstyle/build/aarch64-osx/ghc-9.12.2/lets-list-all-programs-0.1.0.0/t/lets-list-all-programs/build/lets-list-all-programs/lets-list-all-programs count --system=STLLC --parallel-conjunction-strategy=OF --depth=6 +RTS -N -RTS
2
2
2
2
2
2
2
2
2
2
2
2
2
2
2
2
2
2
2
2
2
2
2
  Time (mean ± σ):      16.4 ms ±   0.4 ms    [User: 2.5 ms, System: 6.9 ms]
  Range (min … max):    15.0 ms …  16.7 ms    20 runs
 
Benchmark 7: /Users/wen/Projects/wen.works/dist-newstyle/build/aarch64-osx/ghc-9.12.2/lets-list-all-programs-0.1.0.0/t/lets-list-all-programs/build/lets-list-all-programs/lets-list-all-programs count --system=STLLC --parallel-conjunction-strategy=OF --depth=7 +RTS -N -RTS
2
2
2
2
2
2
2
2
2
2
2
2
2
2
2
2
2
2
2
2
2
2
2
  Time (mean ± σ):      16.4 ms ±   0.4 ms    [User: 2.5 ms, System: 7.0 ms]
  Range (min … max):    14.9 ms …  16.8 ms    20 runs
 
Benchmark 8: /Users/wen/Projects/wen.works/dist-newstyle/build/aarch64-osx/ghc-9.12.2/lets-list-all-programs-0.1.0.0/t/lets-list-all-programs/build/lets-list-all-programs/lets-list-all-programs count --system=STLLC --parallel-conjunction-strategy=OF --depth=8 +RTS -N -RTS
3
3
3
3
3
3
3
3
3
3
3
3
3
3
3
3
3
3
3
3
3
3
3
  Time (mean ± σ):      16.4 ms ±   0.2 ms    [User: 2.5 ms, System: 6.7 ms]
  Range (min … max):    16.2 ms …  16.7 ms    20 runs
 
Benchmark 9: /Users/wen/Projects/wen.works/dist-newstyle/build/aarch64-osx/ghc-9.12.2/lets-list-all-programs-0.1.0.0/t/lets-list-all-programs/build/lets-list-all-programs/lets-list-all-programs count --system=STLLC --parallel-conjunction-strategy=OF --depth=9 +RTS -N -RTS
3
3
3
3
3
3
3
3
3
3
3
3
3
3
3
3
3
3
3
3
3
3
3
  Time (mean ± σ):      16.5 ms ±   0.2 ms    [User: 2.6 ms, System: 6.8 ms]
  Range (min … max):    16.2 ms …  16.9 ms    20 runs
 
Benchmark 10: /Users/wen/Projects/wen.works/dist-newstyle/build/aarch64-osx/ghc-9.12.2/lets-list-all-programs-0.1.0.0/t/lets-list-all-programs/build/lets-list-all-programs/lets-list-all-programs count --system=STLLC --parallel-conjunction-strategy=OF --depth=10 +RTS -N -RTS
5
5
5
5
5
5
5
5
5
5
5
5
5
5
5
5
5
5
5
5
5
5
5
  Time (mean ± σ):      16.3 ms ±   0.5 ms    [User: 2.6 ms, System: 6.5 ms]
  Range (min … max):    14.6 ms …  16.8 ms    20 runs
 
Benchmark 11: /Users/wen/Projects/wen.works/dist-newstyle/build/aarch64-osx/ghc-9.12.2/lets-list-all-programs-0.1.0.0/t/lets-list-all-programs/build/lets-list-all-programs/lets-list-all-programs count --system=STLLC --parallel-conjunction-strategy=OF --depth=11 +RTS -N -RTS
5
5
5
5
5
5
5
5
5
5
5
5
5
5
5
5
5
5
5
5
5
5
5
  Time (mean ± σ):      16.6 ms ±   0.1 ms    [User: 2.7 ms, System: 7.2 ms]
  Range (min … max):    16.4 ms …  17.0 ms    20 runs
 
Benchmark 12: /Users/wen/Projects/wen.works/dist-newstyle/build/aarch64-osx/ghc-9.12.2/lets-list-all-programs-0.1.0.0/t/lets-list-all-programs/build/lets-list-all-programs/lets-list-all-programs count --system=STLLC --parallel-conjunction-strategy=OF --depth=12 +RTS -N -RTS
9
9
9
9
9
9
9
9
9
9
9
9
9
9
9
9
9
9
9
9
9
9
9
  Time (mean ± σ):      16.5 ms ±   0.2 ms    [User: 2.7 ms, System: 6.8 ms]
  Range (min … max):    16.3 ms …  16.8 ms    20 runs
 
Benchmark 13: /Users/wen/Projects/wen.works/dist-newstyle/build/aarch64-osx/ghc-9.12.2/lets-list-all-programs-0.1.0.0/t/lets-list-all-programs/build/lets-list-all-programs/lets-list-all-programs count --system=STLLC --parallel-conjunction-strategy=OF --depth=13 +RTS -N -RTS
9
9
9
9
9
9
9
9
9
9
9
9
9
9
9
9
9
9
9
9
9
9
9
  Time (mean ± σ):      16.5 ms ±   0.2 ms    [User: 2.9 ms, System: 6.5 ms]
  Range (min … max):    16.2 ms …  16.7 ms    20 runs
 
Benchmark 14: /Users/wen/Projects/wen.works/dist-newstyle/build/aarch64-osx/ghc-9.12.2/lets-list-all-programs-0.1.0.0/t/lets-list-all-programs/build/lets-list-all-programs/lets-list-all-programs count --system=STLLC --parallel-conjunction-strategy=OF --depth=14 +RTS -N -RTS
16
16
16
16
16
16
16
16
16
16
16
16
16
16
16
16
16
16
16
16
16
16
16
  Time (mean ± σ):      16.2 ms ±   0.2 ms    [User: 3.5 ms, System: 6.8 ms]
  Range (min … max):    15.4 ms …  16.5 ms    20 runs
 
Benchmark 15: /Users/wen/Projects/wen.works/dist-newstyle/build/aarch64-osx/ghc-9.12.2/lets-list-all-programs-0.1.0.0/t/lets-list-all-programs/build/lets-list-all-programs/lets-list-all-programs count --system=STLLC --parallel-conjunction-strategy=OF --depth=15 +RTS -N -RTS
16
16
16
16
16
16
16
16
16
16
16
16
16
16
16
16
16
16
16
16
16
16
16
  Time (mean ± σ):      16.3 ms ±   0.1 ms    [User: 3.9 ms, System: 6.3 ms]
  Range (min … max):    16.1 ms …  16.4 ms    20 runs
 
Benchmark 16: /Users/wen/Projects/wen.works/dist-newstyle/build/aarch64-osx/ghc-9.12.2/lets-list-all-programs-0.1.0.0/t/lets-list-all-programs/build/lets-list-all-programs/lets-list-all-programs count --system=STLLC --parallel-conjunction-strategy=OF --depth=16 +RTS -N -RTS
34
34
34
34
34
34
34
34
34
34
34
34
34
34
34
34
34
34
34
34
34
34
34
  Time (mean ± σ):      16.0 ms ±   0.1 ms    [User: 5.2 ms, System: 10.3 ms]
  Range (min … max):    15.9 ms …  16.2 ms    20 runs
 
Benchmark 17: /Users/wen/Projects/wen.works/dist-newstyle/build/aarch64-osx/ghc-9.12.2/lets-list-all-programs-0.1.0.0/t/lets-list-all-programs/build/lets-list-all-programs/lets-list-all-programs count --system=STLLC --parallel-conjunction-strategy=OF --depth=17 +RTS -N -RTS
34
34
34
34
34
34
34
34
34
34
34
34
34
34
34
34
34
34
34
34
34
34
34
  Time (mean ± σ):      15.7 ms ±   2.7 ms    [User: 7.8 ms, System: 14.9 ms]
  Range (min … max):    13.3 ms …  26.1 ms    20 runs
 
Benchmark 18: /Users/wen/Projects/wen.works/dist-newstyle/build/aarch64-osx/ghc-9.12.2/lets-list-all-programs-0.1.0.0/t/lets-list-all-programs/build/lets-list-all-programs/lets-list-all-programs count --system=STLLC --parallel-conjunction-strategy=OF --depth=18 +RTS -N -RTS
65
65
65
65
65
65
65
65
65
65
65
65
65
65
65
65
65
65
65
65
65
65
65
  Time (mean ± σ):      27.4 ms ±   0.7 ms    [User: 13.1 ms, System: 20.5 ms]
  Range (min … max):    26.3 ms …  28.7 ms    20 runs
 
Benchmark 19: /Users/wen/Projects/wen.works/dist-newstyle/build/aarch64-osx/ghc-9.12.2/lets-list-all-programs-0.1.0.0/t/lets-list-all-programs/build/lets-list-all-programs/lets-list-all-programs count --system=STLLC --parallel-conjunction-strategy=OF --depth=19 +RTS -N -RTS
65
65
65
65
65
65
65
65
65
65
65
65
65
65
65
65
65
65
65
65
65
65
65
  Time (mean ± σ):      36.2 ms ±   4.6 ms    [User: 20.1 ms, System: 31.7 ms]
  Range (min … max):    27.0 ms …  40.3 ms    20 runs
 
Benchmark 20: /Users/wen/Projects/wen.works/dist-newstyle/build/aarch64-osx/ghc-9.12.2/lets-list-all-programs-0.1.0.0/t/lets-list-all-programs/build/lets-list-all-programs/lets-list-all-programs count --system=STLLC --parallel-conjunction-strategy=OF --depth=20 +RTS -N -RTS
151
151
151
151
151
151
151
151
151
151
151
151
151
151
151
151
151
151
151
151
151
151
151
  Time (mean ± σ):      51.6 ms ±   2.1 ms    [User: 36.9 ms, System: 52.1 ms]
  Range (min … max):    49.2 ms …  58.5 ms    20 runs
 
Benchmark 21: /Users/wen/Projects/wen.works/dist-newstyle/build/aarch64-osx/ghc-9.12.2/lets-list-all-programs-0.1.0.0/t/lets-list-all-programs/build/lets-list-all-programs/lets-list-all-programs count --system=STLLC --parallel-conjunction-strategy=OF --depth=21 +RTS -N -RTS
151
151
151
151
151
151
151
151
151
151
151
151
151
151
151
151
151
151
151
151
151
151
151
  Time (mean ± σ):      95.5 ms ±   2.3 ms    [User: 73.4 ms, System: 104.2 ms]
  Range (min … max):    91.8 ms …  99.8 ms    20 runs
 
Benchmark 22: /Users/wen/Projects/wen.works/dist-newstyle/build/aarch64-osx/ghc-9.12.2/lets-list-all-programs-0.1.0.0/t/lets-list-all-programs/build/lets-list-all-programs/lets-list-all-programs count --system=STLLC --parallel-conjunction-strategy=OF --depth=22 +RTS -N -RTS
315
315
315
315
315
315
315
315
315
315
315
315
315
315
315
315
315
315
315
  Time (mean ± σ):     183.8 ms ±   5.0 ms    [User: 153.4 ms, System: 214.6 ms]
  Range (min … max):   176.0 ms … 189.6 ms    16 runs
 
Benchmark 23: /Users/wen/Projects/wen.works/dist-newstyle/build/aarch64-osx/ghc-9.12.2/lets-list-all-programs-0.1.0.0/t/lets-list-all-programs/build/lets-list-all-programs/lets-list-all-programs count --system=STLLC --parallel-conjunction-strategy=OF --depth=23 +RTS -N -RTS
315
315
315
315
315
315
315
315
315
315
315
315
  Time (mean ± σ):     318.1 ms ±   4.1 ms    [User: 274.1 ms, System: 389.2 ms]
  Range (min … max):   311.4 ms … 325.7 ms    9 runs
 
Benchmark 24: /Users/wen/Projects/wen.works/dist-newstyle/build/aarch64-osx/ghc-9.12.2/lets-list-all-programs-0.1.0.0/t/lets-list-all-programs/build/lets-list-all-programs/lets-list-all-programs count --system=STLLC --parallel-conjunction-strategy=OF --depth=24 +RTS -N -RTS
738
738
738
738
738
738
738
  Time (mean ± σ):     628.9 ms ±   1.6 ms    [User: 549.6 ms, System: 777.7 ms]
  Range (min … max):   627.5 ms … 630.6 ms    4 runs
 
Benchmark 25: /Users/wen/Projects/wen.works/dist-newstyle/build/aarch64-osx/ghc-9.12.2/lets-list-all-programs-0.1.0.0/t/lets-list-all-programs/build/lets-list-all-programs/lets-list-all-programs count --system=STLLC --parallel-conjunction-strategy=OF --depth=25 +RTS -N -RTS
738
738
738
738
738
  Time (mean ± σ):      1.307 s ±  0.003 s    [User: 1.151 s, System: 1.644 s]
  Range (min … max):    1.305 s …  1.309 s    2 runs
 
Benchmark 26: /Users/wen/Projects/wen.works/dist-newstyle/build/aarch64-osx/ghc-9.12.2/lets-list-all-programs-0.1.0.0/t/lets-list-all-programs/build/lets-list-all-programs/lets-list-all-programs count --system=STLLC --parallel-conjunction-strategy=OF --depth=26 +RTS -N -RTS
1708
1708
1708
1708
  Time (abs ≡):         2.934 s               [User: 2.601 s, System: 3.780 s]
 
Benchmark 27: /Users/wen/Projects/wen.works/dist-newstyle/build/aarch64-osx/ghc-9.12.2/lets-list-all-programs-0.1.0.0/t/lets-list-all-programs/build/lets-list-all-programs/lets-list-all-programs count --system=STLLC --parallel-conjunction-strategy=OF --depth=27 +RTS -N -RTS
1708
1708
1708
1708
  Time (abs ≡):         5.325 s               [User: 4.713 s, System: 6.910 s]
 
Benchmark 28: /Users/wen/Projects/wen.works/dist-newstyle/build/aarch64-osx/ghc-9.12.2/lets-list-all-programs-0.1.0.0/t/lets-list-all-programs/build/lets-list-all-programs/lets-list-all-programs count --system=STLLC --parallel-conjunction-strategy=OF --depth=28 +RTS -N -RTS
3969
3969
3969
3969
  Time (abs ≡):        10.915 s               [User: 9.713 s, System: 14.072 s]
 
Benchmark 29: /Users/wen/Projects/wen.works/dist-newstyle/build/aarch64-osx/ghc-9.12.2/lets-list-all-programs-0.1.0.0/t/lets-list-all-programs/build/lets-list-all-programs/lets-list-all-programs count --system=STLLC --parallel-conjunction-strategy=OF --depth=29 +RTS -N -RTS
3969
3969
3969
3969
  Time (abs ≡):        23.640 s               [User: 20.968 s, System: 30.821 s]
 
Benchmark 30: /Users/wen/Projects/wen.works/dist-newstyle/build/aarch64-osx/ghc-9.12.2/lets-list-all-programs-0.1.0.0/t/lets-list-all-programs/build/lets-list-all-programs/lets-list-all-programs count --system=STLLC --parallel-conjunction-strategy=OF --depth=30 +RTS -N -RTS
9790
9790
9790
9790
  Time (abs ≡):        56.954 s               [User: 50.500 s, System: 75.304 s]
 
Summary
  /Users/wen/Projects/wen.works/dist-newstyle/build/aarch64-osx/ghc-9.12.2/lets-list-all-programs-0.1.0.0/t/lets-list-all-programs/build/lets-list-all-programs/lets-list-all-programs count --system=STLLC --parallel-conjunction-strategy=OF --depth=17 +RTS -N -RTS ran
    1.02 ± 0.17 times faster than /Users/wen/Projects/wen.works/dist-newstyle/build/aarch64-osx/ghc-9.12.2/lets-list-all-programs-0.1.0.0/t/lets-list-all-programs/build/lets-list-all-programs/lets-list-all-programs count --system=STLLC --parallel-conjunction-strategy=OF --depth=16 +RTS -N -RTS
    1.03 ± 0.17 times faster than /Users/wen/Projects/wen.works/dist-newstyle/build/aarch64-osx/ghc-9.12.2/lets-list-all-programs-0.1.0.0/t/lets-list-all-programs/build/lets-list-all-programs/lets-list-all-programs count --system=STLLC --parallel-conjunction-strategy=OF --depth=14 +RTS -N -RTS
    1.03 ± 0.17 times faster than /Users/wen/Projects/wen.works/dist-newstyle/build/aarch64-osx/ghc-9.12.2/lets-list-all-programs-0.1.0.0/t/lets-list-all-programs/build/lets-list-all-programs/lets-list-all-programs count --system=STLLC --parallel-conjunction-strategy=OF --depth=15 +RTS -N -RTS
    1.03 ± 0.18 times faster than /Users/wen/Projects/wen.works/dist-newstyle/build/aarch64-osx/ghc-9.12.2/lets-list-all-programs-0.1.0.0/t/lets-list-all-programs/build/lets-list-all-programs/lets-list-all-programs count --system=STLLC --parallel-conjunction-strategy=OF --depth=10 +RTS -N -RTS
    1.04 ± 0.18 times faster than /Users/wen/Projects/wen.works/dist-newstyle/build/aarch64-osx/ghc-9.12.2/lets-list-all-programs-0.1.0.0/t/lets-list-all-programs/build/lets-list-all-programs/lets-list-all-programs count --system=STLLC --parallel-conjunction-strategy=OF --depth=6 +RTS -N -RTS
    1.04 ± 0.18 times faster than /Users/wen/Projects/wen.works/dist-newstyle/build/aarch64-osx/ghc-9.12.2/lets-list-all-programs-0.1.0.0/t/lets-list-all-programs/build/lets-list-all-programs/lets-list-all-programs count --system=STLLC --parallel-conjunction-strategy=OF --depth=7 +RTS -N -RTS
    1.04 ± 0.18 times faster than /Users/wen/Projects/wen.works/dist-newstyle/build/aarch64-osx/ghc-9.12.2/lets-list-all-programs-0.1.0.0/t/lets-list-all-programs/build/lets-list-all-programs/lets-list-all-programs count --system=STLLC --parallel-conjunction-strategy=OF --depth=8 +RTS -N -RTS
    1.04 ± 0.18 times faster than /Users/wen/Projects/wen.works/dist-newstyle/build/aarch64-osx/ghc-9.12.2/lets-list-all-programs-0.1.0.0/t/lets-list-all-programs/build/lets-list-all-programs/lets-list-all-programs count --system=STLLC --parallel-conjunction-strategy=OF --depth=5 +RTS -N -RTS
    1.05 ± 0.18 times faster than /Users/wen/Projects/wen.works/dist-newstyle/build/aarch64-osx/ghc-9.12.2/lets-list-all-programs-0.1.0.0/t/lets-list-all-programs/build/lets-list-all-programs/lets-list-all-programs count --system=STLLC --parallel-conjunction-strategy=OF --depth=1 +RTS -N -RTS
    1.05 ± 0.18 times faster than /Users/wen/Projects/wen.works/dist-newstyle/build/aarch64-osx/ghc-9.12.2/lets-list-all-programs-0.1.0.0/t/lets-list-all-programs/build/lets-list-all-programs/lets-list-all-programs count --system=STLLC --parallel-conjunction-strategy=OF --depth=13 +RTS -N -RTS
    1.05 ± 0.18 times faster than /Users/wen/Projects/wen.works/dist-newstyle/build/aarch64-osx/ghc-9.12.2/lets-list-all-programs-0.1.0.0/t/lets-list-all-programs/build/lets-list-all-programs/lets-list-all-programs count --system=STLLC --parallel-conjunction-strategy=OF --depth=4 +RTS -N -RTS
    1.05 ± 0.18 times faster than /Users/wen/Projects/wen.works/dist-newstyle/build/aarch64-osx/ghc-9.12.2/lets-list-all-programs-0.1.0.0/t/lets-list-all-programs/build/lets-list-all-programs/lets-list-all-programs count --system=STLLC --parallel-conjunction-strategy=OF --depth=9 +RTS -N -RTS
    1.05 ± 0.18 times faster than /Users/wen/Projects/wen.works/dist-newstyle/build/aarch64-osx/ghc-9.12.2/lets-list-all-programs-0.1.0.0/t/lets-list-all-programs/build/lets-list-all-programs/lets-list-all-programs count --system=STLLC --parallel-conjunction-strategy=OF --depth=2 +RTS -N -RTS
    1.05 ± 0.18 times faster than /Users/wen/Projects/wen.works/dist-newstyle/build/aarch64-osx/ghc-9.12.2/lets-list-all-programs-0.1.0.0/t/lets-list-all-programs/build/lets-list-all-programs/lets-list-all-programs count --system=STLLC --parallel-conjunction-strategy=OF --depth=12 +RTS -N -RTS
    1.05 ± 0.18 times faster than /Users/wen/Projects/wen.works/dist-newstyle/build/aarch64-osx/ghc-9.12.2/lets-list-all-programs-0.1.0.0/t/lets-list-all-programs/build/lets-list-all-programs/lets-list-all-programs count --system=STLLC --parallel-conjunction-strategy=OF --depth=3 +RTS -N -RTS
    1.06 ± 0.18 times faster than /Users/wen/Projects/wen.works/dist-newstyle/build/aarch64-osx/ghc-9.12.2/lets-list-all-programs-0.1.0.0/t/lets-list-all-programs/build/lets-list-all-programs/lets-list-all-programs count --system=STLLC --parallel-conjunction-strategy=OF --depth=11 +RTS -N -RTS
    1.74 ± 0.30 times faster than /Users/wen/Projects/wen.works/dist-newstyle/build/aarch64-osx/ghc-9.12.2/lets-list-all-programs-0.1.0.0/t/lets-list-all-programs/build/lets-list-all-programs/lets-list-all-programs count --system=STLLC --parallel-conjunction-strategy=OF --depth=18 +RTS -N -RTS
    2.30 ± 0.48 times faster than /Users/wen/Projects/wen.works/dist-newstyle/build/aarch64-osx/ghc-9.12.2/lets-list-all-programs-0.1.0.0/t/lets-list-all-programs/build/lets-list-all-programs/lets-list-all-programs count --system=STLLC --parallel-conjunction-strategy=OF --depth=19 +RTS -N -RTS
    3.28 ± 0.57 times faster than /Users/wen/Projects/wen.works/dist-newstyle/build/aarch64-osx/ghc-9.12.2/lets-list-all-programs-0.1.0.0/t/lets-list-all-programs/build/lets-list-all-programs/lets-list-all-programs count --system=STLLC --parallel-conjunction-strategy=OF --depth=20 +RTS -N -RTS
    6.07 ± 1.03 times faster than /Users/wen/Projects/wen.works/dist-newstyle/build/aarch64-osx/ghc-9.12.2/lets-list-all-programs-0.1.0.0/t/lets-list-all-programs/build/lets-list-all-programs/lets-list-all-programs count --system=STLLC --parallel-conjunction-strategy=OF --depth=21 +RTS -N -RTS
   11.67 ± 1.99 times faster than /Users/wen/Projects/wen.works/dist-newstyle/build/aarch64-osx/ghc-9.12.2/lets-list-all-programs-0.1.0.0/t/lets-list-all-programs/build/lets-list-all-programs/lets-list-all-programs count --system=STLLC --parallel-conjunction-strategy=OF --depth=22 +RTS -N -RTS
   20.20 ± 3.41 times faster than /Users/wen/Projects/wen.works/dist-newstyle/build/aarch64-osx/ghc-9.12.2/lets-list-all-programs-0.1.0.0/t/lets-list-all-programs/build/lets-list-all-programs/lets-list-all-programs count --system=STLLC --parallel-conjunction-strategy=OF --depth=23 +RTS -N -RTS
   39.93 ± 6.72 times faster than /Users/wen/Projects/wen.works/dist-newstyle/build/aarch64-osx/ghc-9.12.2/lets-list-all-programs-0.1.0.0/t/lets-list-all-programs/build/lets-list-all-programs/lets-list-all-programs count --system=STLLC --parallel-conjunction-strategy=OF --depth=24 +RTS -N -RTS
   82.96 ± 13.97 times faster than /Users/wen/Projects/wen.works/dist-newstyle/build/aarch64-osx/ghc-9.12.2/lets-list-all-programs-0.1.0.0/t/lets-list-all-programs/build/lets-list-all-programs/lets-list-all-programs count --system=STLLC --parallel-conjunction-strategy=OF --depth=25 +RTS -N -RTS
  186.29 times faster than /Users/wen/Projects/wen.works/dist-newstyle/build/aarch64-osx/ghc-9.12.2/lets-list-all-programs-0.1.0.0/t/lets-list-all-programs/build/lets-list-all-programs/lets-list-all-programs count --system=STLLC --parallel-conjunction-strategy=OF --depth=26 +RTS -N -RTS
  338.09 times faster than /Users/wen/Projects/wen.works/dist-newstyle/build/aarch64-osx/ghc-9.12.2/lets-list-all-programs-0.1.0.0/t/lets-list-all-programs/build/lets-list-all-programs/lets-list-all-programs count --system=STLLC --parallel-conjunction-strategy=OF --depth=27 +RTS -N -RTS
  693.05 times faster than /Users/wen/Projects/wen.works/dist-newstyle/build/aarch64-osx/ghc-9.12.2/lets-list-all-programs-0.1.0.0/t/lets-list-all-programs/build/lets-list-all-programs/lets-list-all-programs count --system=STLLC --parallel-conjunction-strategy=OF --depth=28 +RTS -N -RTS
 1500.98 times faster than /Users/wen/Projects/wen.works/dist-newstyle/build/aarch64-osx/ghc-9.12.2/lets-list-all-programs-0.1.0.0/t/lets-list-all-programs/build/lets-list-all-programs/lets-list-all-programs count --system=STLLC --parallel-conjunction-strategy=OF --depth=29 +RTS -N -RTS
 3616.24 times faster than /Users/wen/Projects/wen.works/dist-newstyle/build/aarch64-osx/ghc-9.12.2/lets-list-all-programs-0.1.0.0/t/lets-list-all-programs/build/lets-list-all-programs/lets-list-all-programs count --system=STLLC --parallel-conjunction-strategy=OF --depth=30 +RTS -N -RTS
