Benchmark 1: /Users/wen/Projects/wen.works/dist-newstyle/build/aarch64-osx/ghc-9.12.2/lets-list-all-programs-0.1.0.0/t/lets-list-all-programs/build/lets-list-all-programs/lets-list-all-programs count --system=STLC --parallel-conjunction-strategy=OF --depth=1 +RTS  -RTS
0
0
0
0
0
0
0
0
0
0
0
0
0
0
0
0
0
0
0
0
0
0
0
  Time (mean ± σ):      16.5 ms ±   0.5 ms    [User: 2.4 ms, System: 2.6 ms]
  Range (min … max):    14.9 ms …  17.2 ms    20 runs
 
Benchmark 2: /Users/wen/Projects/wen.works/dist-newstyle/build/aarch64-osx/ghc-9.12.2/lets-list-all-programs-0.1.0.0/t/lets-list-all-programs/build/lets-list-all-programs/lets-list-all-programs count --system=STLC --parallel-conjunction-strategy=OF --depth=2 +RTS  -RTS
1
1
1
1
1
1
1
1
1
1
1
1
1
1
1
1
1
1
1
1
1
1
1
  Time (mean ± σ):      16.5 ms ±   0.4 ms    [User: 2.6 ms, System: 2.6 ms]
  Range (min … max):    15.8 ms …  17.0 ms    20 runs
 
Benchmark 3: /Users/wen/Projects/wen.works/dist-newstyle/build/aarch64-osx/ghc-9.12.2/lets-list-all-programs-0.1.0.0/t/lets-list-all-programs/build/lets-list-all-programs/lets-list-all-programs count --system=STLC --parallel-conjunction-strategy=OF --depth=3 +RTS  -RTS
1
1
1
1
1
1
1
1
1
1
1
1
1
1
1
1
1
1
1
1
1
1
1
  Time (mean ± σ):      16.7 ms ±   0.2 ms    [User: 2.6 ms, System: 2.7 ms]
  Range (min … max):    16.2 ms …  16.9 ms    20 runs
 
Benchmark 4: /Users/wen/Projects/wen.works/dist-newstyle/build/aarch64-osx/ghc-9.12.2/lets-list-all-programs-0.1.0.0/t/lets-list-all-programs/build/lets-list-all-programs/lets-list-all-programs count --system=STLC --parallel-conjunction-strategy=OF --depth=4 +RTS  -RTS
1
1
1
1
1
1
1
1
1
1
1
1
1
1
1
1
1
1
1
1
1
1
1
  Time (mean ± σ):      16.7 ms ±   0.2 ms    [User: 2.6 ms, System: 2.8 ms]
  Range (min … max):    16.2 ms …  16.9 ms    20 runs
 
Benchmark 5: /Users/wen/Projects/wen.works/dist-newstyle/build/aarch64-osx/ghc-9.12.2/lets-list-all-programs-0.1.0.0/t/lets-list-all-programs/build/lets-list-all-programs/lets-list-all-programs count --system=STLC --parallel-conjunction-strategy=OF --depth=5 +RTS  -RTS
1
1
1
1
1
1
1
1
1
1
1
1
1
1
1
1
1
1
1
1
1
1
1
  Time (mean ± σ):      16.7 ms ±   0.3 ms    [User: 2.6 ms, System: 2.6 ms]
  Range (min … max):    16.0 ms …  17.3 ms    20 runs
 
Benchmark 6: /Users/wen/Projects/wen.works/dist-newstyle/build/aarch64-osx/ghc-9.12.2/lets-list-all-programs-0.1.0.0/t/lets-list-all-programs/build/lets-list-all-programs/lets-list-all-programs count --system=STLC --parallel-conjunction-strategy=OF --depth=6 +RTS  -RTS
3
3
3
3
3
3
3
3
3
3
3
3
3
3
3
3
3
3
3
3
3
3
3
  Time (mean ± σ):      16.5 ms ±   0.4 ms    [User: 2.6 ms, System: 2.7 ms]
  Range (min … max):    15.8 ms …  17.3 ms    20 runs
 
Benchmark 7: /Users/wen/Projects/wen.works/dist-newstyle/build/aarch64-osx/ghc-9.12.2/lets-list-all-programs-0.1.0.0/t/lets-list-all-programs/build/lets-list-all-programs/lets-list-all-programs count --system=STLC --parallel-conjunction-strategy=OF --depth=7 +RTS  -RTS
3
3
3
3
3
3
3
3
3
3
3
3
3
3
3
3
3
3
3
3
3
3
3
  Time (mean ± σ):      16.4 ms ±   0.3 ms    [User: 2.6 ms, System: 2.6 ms]
  Range (min … max):    15.9 ms …  16.7 ms    20 runs
 
Benchmark 8: /Users/wen/Projects/wen.works/dist-newstyle/build/aarch64-osx/ghc-9.12.2/lets-list-all-programs-0.1.0.0/t/lets-list-all-programs/build/lets-list-all-programs/lets-list-all-programs count --system=STLC --parallel-conjunction-strategy=OF --depth=8 +RTS  -RTS
4
4
4
4
4
4
4
4
4
4
4
4
4
4
4
4
4
4
4
4
4
4
4
  Time (mean ± σ):      16.6 ms ±   0.2 ms    [User: 2.6 ms, System: 2.7 ms]
  Range (min … max):    16.1 ms …  16.8 ms    20 runs
 
Benchmark 9: /Users/wen/Projects/wen.works/dist-newstyle/build/aarch64-osx/ghc-9.12.2/lets-list-all-programs-0.1.0.0/t/lets-list-all-programs/build/lets-list-all-programs/lets-list-all-programs count --system=STLC --parallel-conjunction-strategy=OF --depth=9 +RTS  -RTS
7
7
7
7
7
7
7
7
7
7
7
7
7
7
7
7
7
7
7
7
7
7
7
  Time (mean ± σ):      16.5 ms ±   0.3 ms    [User: 2.6 ms, System: 2.7 ms]
  Range (min … max):    15.8 ms …  16.9 ms    20 runs
 
Benchmark 10: /Users/wen/Projects/wen.works/dist-newstyle/build/aarch64-osx/ghc-9.12.2/lets-list-all-programs-0.1.0.0/t/lets-list-all-programs/build/lets-list-all-programs/lets-list-all-programs count --system=STLC --parallel-conjunction-strategy=OF --depth=10 +RTS  -RTS
20
20
20
20
20
20
20
20
20
20
20
20
20
20
20
20
20
20
20
20
20
20
20
  Time (mean ± σ):      16.5 ms ±   0.2 ms    [User: 2.6 ms, System: 2.5 ms]
  Range (min … max):    16.0 ms …  16.6 ms    20 runs
 
Benchmark 11: /Users/wen/Projects/wen.works/dist-newstyle/build/aarch64-osx/ghc-9.12.2/lets-list-all-programs-0.1.0.0/t/lets-list-all-programs/build/lets-list-all-programs/lets-list-all-programs count --system=STLC --parallel-conjunction-strategy=OF --depth=11 +RTS  -RTS
20
20
20
20
20
20
20
20
20
20
20
20
20
20
20
20
20
20
20
20
20
20
20
  Time (mean ± σ):      16.7 ms ±   0.2 ms    [User: 2.7 ms, System: 2.8 ms]
  Range (min … max):    16.3 ms …  17.3 ms    20 runs
 
Benchmark 12: /Users/wen/Projects/wen.works/dist-newstyle/build/aarch64-osx/ghc-9.12.2/lets-list-all-programs-0.1.0.0/t/lets-list-all-programs/build/lets-list-all-programs/lets-list-all-programs count --system=STLC --parallel-conjunction-strategy=OF --depth=12 +RTS  -RTS
32
32
32
32
32
32
32
32
32
32
32
32
32
32
32
32
32
32
32
32
32
32
32
  Time (mean ± σ):      16.6 ms ±   0.2 ms    [User: 2.7 ms, System: 2.7 ms]
  Range (min … max):    16.1 ms …  16.9 ms    20 runs
 
Benchmark 13: /Users/wen/Projects/wen.works/dist-newstyle/build/aarch64-osx/ghc-9.12.2/lets-list-all-programs-0.1.0.0/t/lets-list-all-programs/build/lets-list-all-programs/lets-list-all-programs count --system=STLC --parallel-conjunction-strategy=OF --depth=13 +RTS  -RTS
69
69
69
69
69
69
69
69
69
69
69
69
69
69
69
69
69
69
69
69
69
69
69
  Time (mean ± σ):      16.7 ms ±   0.2 ms    [User: 2.9 ms, System: 2.7 ms]
  Range (min … max):    16.3 ms …  16.9 ms    20 runs
 
Benchmark 14: /Users/wen/Projects/wen.works/dist-newstyle/build/aarch64-osx/ghc-9.12.2/lets-list-all-programs-0.1.0.0/t/lets-list-all-programs/build/lets-list-all-programs/lets-list-all-programs count --system=STLC --parallel-conjunction-strategy=OF --depth=14 +RTS  -RTS
205
205
205
205
205
205
205
205
205
205
205
205
205
205
205
205
205
205
205
205
205
205
205
  Time (mean ± σ):      16.6 ms ±   0.1 ms    [User: 3.1 ms, System: 2.7 ms]
  Range (min … max):    16.5 ms …  16.9 ms    20 runs
 
Benchmark 15: /Users/wen/Projects/wen.works/dist-newstyle/build/aarch64-osx/ghc-9.12.2/lets-list-all-programs-0.1.0.0/t/lets-list-all-programs/build/lets-list-all-programs/lets-list-all-programs count --system=STLC --parallel-conjunction-strategy=OF --depth=15 +RTS  -RTS
229
229
229
229
229
229
229
229
229
229
229
229
229
229
229
229
229
229
229
229
229
229
229
  Time (mean ± σ):      16.6 ms ±   0.2 ms    [User: 3.6 ms, System: 2.6 ms]
  Range (min … max):    16.3 ms …  17.1 ms    20 runs
 
Benchmark 16: /Users/wen/Projects/wen.works/dist-newstyle/build/aarch64-osx/ghc-9.12.2/lets-list-all-programs-0.1.0.0/t/lets-list-all-programs/build/lets-list-all-programs/lets-list-all-programs count --system=STLC --parallel-conjunction-strategy=OF --depth=16 +RTS  -RTS
422
422
422
422
422
422
422
422
422
422
422
422
422
422
422
422
422
422
422
422
422
422
422
  Time (mean ± σ):      16.3 ms ±   0.1 ms    [User: 4.4 ms, System: 2.5 ms]
  Range (min … max):    16.1 ms …  16.8 ms    20 runs
 
Benchmark 17: /Users/wen/Projects/wen.works/dist-newstyle/build/aarch64-osx/ghc-9.12.2/lets-list-all-programs-0.1.0.0/t/lets-list-all-programs/build/lets-list-all-programs/lets-list-all-programs count --system=STLC --parallel-conjunction-strategy=OF --depth=17 +RTS  -RTS
982
982
982
982
982
982
982
982
982
982
982
982
982
982
982
982
982
982
982
982
982
982
982
  Time (mean ± σ):      16.1 ms ±   0.2 ms    [User: 5.8 ms, System: 2.4 ms]
  Range (min … max):    15.9 ms …  16.5 ms    20 runs
 
Benchmark 18: /Users/wen/Projects/wen.works/dist-newstyle/build/aarch64-osx/ghc-9.12.2/lets-list-all-programs-0.1.0.0/t/lets-list-all-programs/build/lets-list-all-programs/lets-list-all-programs count --system=STLC --parallel-conjunction-strategy=OF --depth=18 +RTS  -RTS
2890
2890
2890
2890
2890
2890
2890
2890
2890
2890
2890
2890
2890
2890
2890
2890
2890
2890
2890
2890
2890
2890
2890
  Time (mean ± σ):      15.5 ms ±   0.1 ms    [User: 8.7 ms, System: 1.9 ms]
  Range (min … max):    15.3 ms …  15.7 ms    20 runs
 
Benchmark 19: /Users/wen/Projects/wen.works/dist-newstyle/build/aarch64-osx/ghc-9.12.2/lets-list-all-programs-0.1.0.0/t/lets-list-all-programs/build/lets-list-all-programs/lets-list-all-programs count --system=STLC --parallel-conjunction-strategy=OF --depth=19 +RTS  -RTS
3487
3487
3487
3487
3487
3487
3487
3487
3487
3487
3487
3487
3487
3487
3487
3487
3487
3487
3487
3487
3487
3487
3487
  Time (mean ± σ):      28.2 ms ±   0.1 ms    [User: 15.8 ms, System: 2.0 ms]
  Range (min … max):    28.0 ms …  28.3 ms    20 runs
 
Benchmark 20: /Users/wen/Projects/wen.works/dist-newstyle/build/aarch64-osx/ghc-9.12.2/lets-list-all-programs-0.1.0.0/t/lets-list-all-programs/build/lets-list-all-programs/lets-list-all-programs count --system=STLC --parallel-conjunction-strategy=OF --depth=20 +RTS  -RTS
7072
7072
7072
7072
7072
7072
7072
7072
7072
7072
7072
7072
7072
7072
7072
7072
7072
7072
7072
7072
7072
7072
7072
  Time (mean ± σ):      40.6 ms ±   0.6 ms    [User: 27.3 ms, System: 2.2 ms]
  Range (min … max):    38.8 ms …  40.8 ms    20 runs
 
Benchmark 21: /Users/wen/Projects/wen.works/dist-newstyle/build/aarch64-osx/ghc-9.12.2/lets-list-all-programs-0.1.0.0/t/lets-list-all-programs/build/lets-list-all-programs/lets-list-all-programs count --system=STLC --parallel-conjunction-strategy=OF --depth=21 +RTS  -RTS
17325
17325
17325
17325
17325
17325
17325
17325
17325
17325
17325
17325
17325
17325
17325
17325
17325
17325
17325
17325
17325
17325
17325
  Time (mean ± σ):      65.5 ms ±   0.4 ms    [User: 56.7 ms, System: 2.2 ms]
  Range (min … max):    63.8 ms …  65.7 ms    20 runs
 
Benchmark 22: /Users/wen/Projects/wen.works/dist-newstyle/build/aarch64-osx/ghc-9.12.2/lets-list-all-programs-0.1.0.0/t/lets-list-all-programs/build/lets-list-all-programs/lets-list-all-programs count --system=STLC --parallel-conjunction-strategy=OF --depth=22 +RTS  -RTS
51176
51176
51176
51176
51176
51176
51176
51176
51176
51176
51176
51176
51176
51176
51176
51176
51176
51176
51176
51176
51176
51176
51176
  Time (mean ± σ):     142.0 ms ±   3.6 ms    [User: 136.0 ms, System: 2.4 ms]
  Range (min … max):   140.7 ms … 153.4 ms    20 runs
 
Benchmark 23: /Users/wen/Projects/wen.works/dist-newstyle/build/aarch64-osx/ghc-9.12.2/lets-list-all-programs-0.1.0.0/t/lets-list-all-programs/build/lets-list-all-programs/lets-list-all-programs count --system=STLC --parallel-conjunction-strategy=OF --depth=23 +RTS  -RTS
66071
66071
66071
66071
66071
66071
66071
66071
66071
66071
66071
66071
66071
  Time (mean ± σ):     278.2 ms ±   0.6 ms    [User: 268.1 ms, System: 2.7 ms]
  Range (min … max):   276.6 ms … 278.4 ms    10 runs
 
Benchmark 24: /Users/wen/Projects/wen.works/dist-newstyle/build/aarch64-osx/ghc-9.12.2/lets-list-all-programs-0.1.0.0/t/lets-list-all-programs/build/lets-list-all-programs/lets-list-all-programs count --system=STLC --parallel-conjunction-strategy=OF --depth=24 +RTS  -RTS
142508
142508
142508
142508
142508
142508
142508
142508
  Time (mean ± σ):     541.3 ms ±   0.0 ms    [User: 530.3 ms, System: 3.3 ms]
  Range (min … max):   541.2 ms … 541.3 ms    5 runs
 
Benchmark 25: /Users/wen/Projects/wen.works/dist-newstyle/build/aarch64-osx/ghc-9.12.2/lets-list-all-programs-0.1.0.0/t/lets-list-all-programs/build/lets-list-all-programs/lets-list-all-programs count --system=STLC --parallel-conjunction-strategy=OF --depth=25 +RTS  -RTS
362981
362981
362981
362981
362981
  Time (mean ± σ):      1.204 s ±  0.000 s    [User: 1.191 s, System: 0.005 s]
  Range (min … max):    1.204 s …  1.204 s    2 runs
 
Benchmark 26: /Users/wen/Projects/wen.works/dist-newstyle/build/aarch64-osx/ghc-9.12.2/lets-list-all-programs-0.1.0.0/t/lets-list-all-programs/build/lets-list-all-programs/lets-list-all-programs count --system=STLC --parallel-conjunction-strategy=OF --depth=26 +RTS  -RTS
1086700
1086700
1086700
1086700
  Time (abs ≡):         3.106 s               [User: 3.087 s, System: 0.008 s]
 
Benchmark 27: /Users/wen/Projects/wen.works/dist-newstyle/build/aarch64-osx/ghc-9.12.2/lets-list-all-programs-0.1.0.0/t/lets-list-all-programs/build/lets-list-all-programs/lets-list-all-programs count --system=STLC --parallel-conjunction-strategy=OF --depth=27 +RTS  -RTS
1484328
1484328
1484328
1484328
  Time (abs ≡):         6.144 s               [User: 6.131 s, System: 0.014 s]
 
Benchmark 28: /Users/wen/Projects/wen.works/dist-newstyle/build/aarch64-osx/ghc-9.12.2/lets-list-all-programs-0.1.0.0/t/lets-list-all-programs/build/lets-list-all-programs/lets-list-all-programs count --system=STLC --parallel-conjunction-strategy=OF --depth=28 +RTS  -RTS
3353864
3353864
3353864
3353864
  Time (abs ≡):        12.585 s               [User: 12.553 s, System: 0.025 s]
 
Benchmark 29: /Users/wen/Projects/wen.works/dist-newstyle/build/aarch64-osx/ghc-9.12.2/lets-list-all-programs-0.1.0.0/t/lets-list-all-programs/build/lets-list-all-programs/lets-list-all-programs count --system=STLC --parallel-conjunction-strategy=OF --depth=29 +RTS  -RTS
8847484
8847484
8847484
8847484
  Time (abs ≡):        29.728 s               [User: 29.670 s, System: 0.064 s]
 
Benchmark 30: /Users/wen/Projects/wen.works/dist-newstyle/build/aarch64-osx/ghc-9.12.2/lets-list-all-programs-0.1.0.0/t/lets-list-all-programs/build/lets-list-all-programs/lets-list-all-programs count --system=STLC --parallel-conjunction-strategy=OF --depth=30 +RTS  -RTS
26982292
26982292
26982292
26982292
  Time (abs ≡):        79.280 s               [User: 79.127 s, System: 0.167 s]
 
Summary
  /Users/wen/Projects/wen.works/dist-newstyle/build/aarch64-osx/ghc-9.12.2/lets-list-all-programs-0.1.0.0/t/lets-list-all-programs/build/lets-list-all-programs/lets-list-all-programs count --system=STLC --parallel-conjunction-strategy=OF --depth=18 +RTS  -RTS ran
    1.03 ± 0.01 times faster than /Users/wen/Projects/wen.works/dist-newstyle/build/aarch64-osx/ghc-9.12.2/lets-list-all-programs-0.1.0.0/t/lets-list-all-programs/build/lets-list-all-programs/lets-list-all-programs count --system=STLC --parallel-conjunction-strategy=OF --depth=17 +RTS  -RTS
    1.05 ± 0.01 times faster than /Users/wen/Projects/wen.works/dist-newstyle/build/aarch64-osx/ghc-9.12.2/lets-list-all-programs-0.1.0.0/t/lets-list-all-programs/build/lets-list-all-programs/lets-list-all-programs count --system=STLC --parallel-conjunction-strategy=OF --depth=16 +RTS  -RTS
    1.06 ± 0.02 times faster than /Users/wen/Projects/wen.works/dist-newstyle/build/aarch64-osx/ghc-9.12.2/lets-list-all-programs-0.1.0.0/t/lets-list-all-programs/build/lets-list-all-programs/lets-list-all-programs count --system=STLC --parallel-conjunction-strategy=OF --depth=7 +RTS  -RTS
    1.06 ± 0.02 times faster than /Users/wen/Projects/wen.works/dist-newstyle/build/aarch64-osx/ghc-9.12.2/lets-list-all-programs-0.1.0.0/t/lets-list-all-programs/build/lets-list-all-programs/lets-list-all-programs count --system=STLC --parallel-conjunction-strategy=OF --depth=10 +RTS  -RTS
    1.06 ± 0.04 times faster than /Users/wen/Projects/wen.works/dist-newstyle/build/aarch64-osx/ghc-9.12.2/lets-list-all-programs-0.1.0.0/t/lets-list-all-programs/build/lets-list-all-programs/lets-list-all-programs count --system=STLC --parallel-conjunction-strategy=OF --depth=1 +RTS  -RTS
    1.06 ± 0.02 times faster than /Users/wen/Projects/wen.works/dist-newstyle/build/aarch64-osx/ghc-9.12.2/lets-list-all-programs-0.1.0.0/t/lets-list-all-programs/build/lets-list-all-programs/lets-list-all-programs count --system=STLC --parallel-conjunction-strategy=OF --depth=9 +RTS  -RTS
    1.06 ± 0.03 times faster than /Users/wen/Projects/wen.works/dist-newstyle/build/aarch64-osx/ghc-9.12.2/lets-list-all-programs-0.1.0.0/t/lets-list-all-programs/build/lets-list-all-programs/lets-list-all-programs count --system=STLC --parallel-conjunction-strategy=OF --depth=2 +RTS  -RTS
    1.07 ± 0.03 times faster than /Users/wen/Projects/wen.works/dist-newstyle/build/aarch64-osx/ghc-9.12.2/lets-list-all-programs-0.1.0.0/t/lets-list-all-programs/build/lets-list-all-programs/lets-list-all-programs count --system=STLC --parallel-conjunction-strategy=OF --depth=6 +RTS  -RTS
    1.07 ± 0.01 times faster than /Users/wen/Projects/wen.works/dist-newstyle/build/aarch64-osx/ghc-9.12.2/lets-list-all-programs-0.1.0.0/t/lets-list-all-programs/build/lets-list-all-programs/lets-list-all-programs count --system=STLC --parallel-conjunction-strategy=OF --depth=15 +RTS  -RTS
    1.07 ± 0.02 times faster than /Users/wen/Projects/wen.works/dist-newstyle/build/aarch64-osx/ghc-9.12.2/lets-list-all-programs-0.1.0.0/t/lets-list-all-programs/build/lets-list-all-programs/lets-list-all-programs count --system=STLC --parallel-conjunction-strategy=OF --depth=12 +RTS  -RTS
    1.07 ± 0.01 times faster than /Users/wen/Projects/wen.works/dist-newstyle/build/aarch64-osx/ghc-9.12.2/lets-list-all-programs-0.1.0.0/t/lets-list-all-programs/build/lets-list-all-programs/lets-list-all-programs count --system=STLC --parallel-conjunction-strategy=OF --depth=8 +RTS  -RTS
    1.07 ± 0.01 times faster than /Users/wen/Projects/wen.works/dist-newstyle/build/aarch64-osx/ghc-9.12.2/lets-list-all-programs-0.1.0.0/t/lets-list-all-programs/build/lets-list-all-programs/lets-list-all-programs count --system=STLC --parallel-conjunction-strategy=OF --depth=14 +RTS  -RTS
    1.07 ± 0.02 times faster than /Users/wen/Projects/wen.works/dist-newstyle/build/aarch64-osx/ghc-9.12.2/lets-list-all-programs-0.1.0.0/t/lets-list-all-programs/build/lets-list-all-programs/lets-list-all-programs count --system=STLC --parallel-conjunction-strategy=OF --depth=5 +RTS  -RTS
    1.07 ± 0.01 times faster than /Users/wen/Projects/wen.works/dist-newstyle/build/aarch64-osx/ghc-9.12.2/lets-list-all-programs-0.1.0.0/t/lets-list-all-programs/build/lets-list-all-programs/lets-list-all-programs count --system=STLC --parallel-conjunction-strategy=OF --depth=13 +RTS  -RTS
    1.07 ± 0.01 times faster than /Users/wen/Projects/wen.works/dist-newstyle/build/aarch64-osx/ghc-9.12.2/lets-list-all-programs-0.1.0.0/t/lets-list-all-programs/build/lets-list-all-programs/lets-list-all-programs count --system=STLC --parallel-conjunction-strategy=OF --depth=3 +RTS  -RTS
    1.07 ± 0.01 times faster than /Users/wen/Projects/wen.works/dist-newstyle/build/aarch64-osx/ghc-9.12.2/lets-list-all-programs-0.1.0.0/t/lets-list-all-programs/build/lets-list-all-programs/lets-list-all-programs count --system=STLC --parallel-conjunction-strategy=OF --depth=4 +RTS  -RTS
    1.08 ± 0.02 times faster than /Users/wen/Projects/wen.works/dist-newstyle/build/aarch64-osx/ghc-9.12.2/lets-list-all-programs-0.1.0.0/t/lets-list-all-programs/build/lets-list-all-programs/lets-list-all-programs count --system=STLC --parallel-conjunction-strategy=OF --depth=11 +RTS  -RTS
    1.81 ± 0.02 times faster than /Users/wen/Projects/wen.works/dist-newstyle/build/aarch64-osx/ghc-9.12.2/lets-list-all-programs-0.1.0.0/t/lets-list-all-programs/build/lets-list-all-programs/lets-list-all-programs count --system=STLC --parallel-conjunction-strategy=OF --depth=19 +RTS  -RTS
    2.61 ± 0.04 times faster than /Users/wen/Projects/wen.works/dist-newstyle/build/aarch64-osx/ghc-9.12.2/lets-list-all-programs-0.1.0.0/t/lets-list-all-programs/build/lets-list-all-programs/lets-list-all-programs count --system=STLC --parallel-conjunction-strategy=OF --depth=20 +RTS  -RTS
    4.22 ± 0.05 times faster than /Users/wen/Projects/wen.works/dist-newstyle/build/aarch64-osx/ghc-9.12.2/lets-list-all-programs-0.1.0.0/t/lets-list-all-programs/build/lets-list-all-programs/lets-list-all-programs count --system=STLC --parallel-conjunction-strategy=OF --depth=21 +RTS  -RTS
    9.14 ± 0.24 times faster than /Users/wen/Projects/wen.works/dist-newstyle/build/aarch64-osx/ghc-9.12.2/lets-list-all-programs-0.1.0.0/t/lets-list-all-programs/build/lets-list-all-programs/lets-list-all-programs count --system=STLC --parallel-conjunction-strategy=OF --depth=22 +RTS  -RTS
   17.91 ± 0.16 times faster than /Users/wen/Projects/wen.works/dist-newstyle/build/aarch64-osx/ghc-9.12.2/lets-list-all-programs-0.1.0.0/t/lets-list-all-programs/build/lets-list-all-programs/lets-list-all-programs count --system=STLC --parallel-conjunction-strategy=OF --depth=23 +RTS  -RTS
   34.85 ± 0.30 times faster than /Users/wen/Projects/wen.works/dist-newstyle/build/aarch64-osx/ghc-9.12.2/lets-list-all-programs-0.1.0.0/t/lets-list-all-programs/build/lets-list-all-programs/lets-list-all-programs count --system=STLC --parallel-conjunction-strategy=OF --depth=24 +RTS  -RTS
   77.53 ± 0.68 times faster than /Users/wen/Projects/wen.works/dist-newstyle/build/aarch64-osx/ghc-9.12.2/lets-list-all-programs-0.1.0.0/t/lets-list-all-programs/build/lets-list-all-programs/lets-list-all-programs count --system=STLC --parallel-conjunction-strategy=OF --depth=25 +RTS  -RTS
  199.94 times faster than /Users/wen/Projects/wen.works/dist-newstyle/build/aarch64-osx/ghc-9.12.2/lets-list-all-programs-0.1.0.0/t/lets-list-all-programs/build/lets-list-all-programs/lets-list-all-programs count --system=STLC --parallel-conjunction-strategy=OF --depth=26 +RTS  -RTS
  395.56 times faster than /Users/wen/Projects/wen.works/dist-newstyle/build/aarch64-osx/ghc-9.12.2/lets-list-all-programs-0.1.0.0/t/lets-list-all-programs/build/lets-list-all-programs/lets-list-all-programs count --system=STLC --parallel-conjunction-strategy=OF --depth=27 +RTS  -RTS
  810.26 times faster than /Users/wen/Projects/wen.works/dist-newstyle/build/aarch64-osx/ghc-9.12.2/lets-list-all-programs-0.1.0.0/t/lets-list-all-programs/build/lets-list-all-programs/lets-list-all-programs count --system=STLC --parallel-conjunction-strategy=OF --depth=28 +RTS  -RTS
 1913.90 times faster than /Users/wen/Projects/wen.works/dist-newstyle/build/aarch64-osx/ghc-9.12.2/lets-list-all-programs-0.1.0.0/t/lets-list-all-programs/build/lets-list-all-programs/lets-list-all-programs count --system=STLC --parallel-conjunction-strategy=OF --depth=29 +RTS  -RTS
 5104.14 times faster than /Users/wen/Projects/wen.works/dist-newstyle/build/aarch64-osx/ghc-9.12.2/lets-list-all-programs-0.1.0.0/t/lets-list-all-programs/build/lets-list-all-programs/lets-list-all-programs count --system=STLC --parallel-conjunction-strategy=OF --depth=30 +RTS  -RTS
