Benchmark 1: /Users/wen/Projects/wen.works/dist-newstyle/build/aarch64-osx/ghc-9.12.2/lets-list-all-programs-0.1.0.0/t/lets-list-all-programs/build/lets-list-all-programs/lets-list-all-programs count --system=Fw --parallel-conjunction-strategy=O --depth=1 +RTS -N -RTS
0
0
0
0
0
0
0
0
0
0
0
0
0
  Time (mean ± σ):      16.3 ms ±   0.1 ms    [User: 2.5 ms, System: 6.2 ms]
  Range (min … max):    16.2 ms …  16.5 ms    10 runs
 
Benchmark 2: /Users/wen/Projects/wen.works/dist-newstyle/build/aarch64-osx/ghc-9.12.2/lets-list-all-programs-0.1.0.0/t/lets-list-all-programs/build/lets-list-all-programs/lets-list-all-programs count --system=Fw --parallel-conjunction-strategy=O --depth=2 +RTS -N -RTS
1
1
1
1
1
1
1
1
1
1
1
1
1
  Time (mean ± σ):      16.6 ms ±   0.1 ms    [User: 2.6 ms, System: 7.1 ms]
  Range (min … max):    16.4 ms …  16.8 ms    10 runs
 
Benchmark 3: /Users/wen/Projects/wen.works/dist-newstyle/build/aarch64-osx/ghc-9.12.2/lets-list-all-programs-0.1.0.0/t/lets-list-all-programs/build/lets-list-all-programs/lets-list-all-programs count --system=Fw --parallel-conjunction-strategy=O --depth=3 +RTS -N -RTS
1
1
1
1
1
1
1
1
1
1
1
1
1
  Time (mean ± σ):      16.4 ms ±   0.4 ms    [User: 2.6 ms, System: 6.7 ms]
  Range (min … max):    15.4 ms …  17.1 ms    10 runs
 
Benchmark 4: /Users/wen/Projects/wen.works/dist-newstyle/build/aarch64-osx/ghc-9.12.2/lets-list-all-programs-0.1.0.0/t/lets-list-all-programs/build/lets-list-all-programs/lets-list-all-programs count --system=Fw --parallel-conjunction-strategy=O --depth=4 +RTS -N -RTS
1
1
1
1
1
1
1
1
1
1
1
1
1
  Time (mean ± σ):      16.5 ms ±   0.1 ms    [User: 2.6 ms, System: 6.6 ms]
  Range (min … max):    16.3 ms …  16.8 ms    10 runs
 
Benchmark 5: /Users/wen/Projects/wen.works/dist-newstyle/build/aarch64-osx/ghc-9.12.2/lets-list-all-programs-0.1.0.0/t/lets-list-all-programs/build/lets-list-all-programs/lets-list-all-programs count --system=Fw --parallel-conjunction-strategy=O --depth=5 +RTS -N -RTS
1
1
1
1
1
1
1
1
1
1
1
1
1
  Time (mean ± σ):      16.4 ms ±   0.2 ms    [User: 2.5 ms, System: 6.3 ms]
  Range (min … max):    16.2 ms …  16.7 ms    10 runs
 
Benchmark 6: /Users/wen/Projects/wen.works/dist-newstyle/build/aarch64-osx/ghc-9.12.2/lets-list-all-programs-0.1.0.0/t/lets-list-all-programs/build/lets-list-all-programs/lets-list-all-programs count --system=Fw --parallel-conjunction-strategy=O --depth=6 +RTS -N -RTS
3
3
3
3
3
3
3
3
3
3
3
3
3
  Time (mean ± σ):      16.5 ms ±   0.2 ms    [User: 2.6 ms, System: 6.7 ms]
  Range (min … max):    16.3 ms …  16.8 ms    10 runs
 
Benchmark 7: /Users/wen/Projects/wen.works/dist-newstyle/build/aarch64-osx/ghc-9.12.2/lets-list-all-programs-0.1.0.0/t/lets-list-all-programs/build/lets-list-all-programs/lets-list-all-programs count --system=Fw --parallel-conjunction-strategy=O --depth=7 +RTS -N -RTS
4
4
4
4
4
4
4
4
4
4
4
4
4
  Time (mean ± σ):      16.3 ms ±   0.3 ms    [User: 2.6 ms, System: 6.7 ms]
  Range (min … max):    15.5 ms …  16.8 ms    10 runs
 
Benchmark 8: /Users/wen/Projects/wen.works/dist-newstyle/build/aarch64-osx/ghc-9.12.2/lets-list-all-programs-0.1.0.0/t/lets-list-all-programs/build/lets-list-all-programs/lets-list-all-programs count --system=Fw --parallel-conjunction-strategy=O --depth=8 +RTS -N -RTS
5
5
5
5
5
5
5
5
5
5
5
5
5
  Time (mean ± σ):      16.4 ms ±   0.3 ms    [User: 2.7 ms, System: 6.4 ms]
  Range (min … max):    15.8 ms …  16.8 ms    10 runs
 
Benchmark 9: /Users/wen/Projects/wen.works/dist-newstyle/build/aarch64-osx/ghc-9.12.2/lets-list-all-programs-0.1.0.0/t/lets-list-all-programs/build/lets-list-all-programs/lets-list-all-programs count --system=Fw --parallel-conjunction-strategy=O --depth=9 +RTS -N -RTS
9
9
9
9
9
9
9
9
9
9
9
9
9
  Time (mean ± σ):      16.4 ms ±   0.2 ms    [User: 2.8 ms, System: 6.4 ms]
  Range (min … max):    16.1 ms …  16.8 ms    10 runs
 
Benchmark 10: /Users/wen/Projects/wen.works/dist-newstyle/build/aarch64-osx/ghc-9.12.2/lets-list-all-programs-0.1.0.0/t/lets-list-all-programs/build/lets-list-all-programs/lets-list-all-programs count --system=Fw --parallel-conjunction-strategy=O --depth=10 +RTS -N -RTS
27
27
27
27
27
27
27
27
27
27
27
27
27
  Time (mean ± σ):      16.4 ms ±   0.2 ms    [User: 3.7 ms, System: 6.6 ms]
  Range (min … max):    16.2 ms …  16.7 ms    10 runs
 
Benchmark 11: /Users/wen/Projects/wen.works/dist-newstyle/build/aarch64-osx/ghc-9.12.2/lets-list-all-programs-0.1.0.0/t/lets-list-all-programs/build/lets-list-all-programs/lets-list-all-programs count --system=Fw --parallel-conjunction-strategy=O --depth=11 +RTS -N -RTS
40
40
40
40
40
40
40
40
40
40
40
40
40
  Time (mean ± σ):      16.2 ms ±   0.1 ms    [User: 5.1 ms, System: 9.2 ms]
  Range (min … max):    16.1 ms …  16.3 ms    10 runs
 
Benchmark 12: /Users/wen/Projects/wen.works/dist-newstyle/build/aarch64-osx/ghc-9.12.2/lets-list-all-programs-0.1.0.0/t/lets-list-all-programs/build/lets-list-all-programs/lets-list-all-programs count --system=Fw --parallel-conjunction-strategy=O --depth=12 +RTS -N -RTS
72
72
72
72
72
72
72
72
72
72
72
72
72
  Time (mean ± σ):      18.4 ms ±   5.4 ms    [User: 9.0 ms, System: 15.1 ms]
  Range (min … max):    14.1 ms …  26.4 ms    10 runs
 
Benchmark 13: /Users/wen/Projects/wen.works/dist-newstyle/build/aarch64-osx/ghc-9.12.2/lets-list-all-programs-0.1.0.0/t/lets-list-all-programs/build/lets-list-all-programs/lets-list-all-programs count --system=Fw --parallel-conjunction-strategy=O --depth=13 +RTS -N -RTS
170
170
170
170
170
170
170
170
170
170
170
170
170
  Time (mean ± σ):      27.1 ms ±   1.6 ms    [User: 17.7 ms, System: 25.2 ms]
  Range (min … max):    24.3 ms …  28.4 ms    10 runs
 
Benchmark 14: /Users/wen/Projects/wen.works/dist-newstyle/build/aarch64-osx/ghc-9.12.2/lets-list-all-programs-0.1.0.0/t/lets-list-all-programs/build/lets-list-all-programs/lets-list-all-programs count --system=Fw --parallel-conjunction-strategy=O --depth=14 +RTS -N -RTS
464
464
464
464
464
464
464
464
464
464
464
464
464
  Time (mean ± σ):      72.1 ms ±   1.8 ms    [User: 55.4 ms, System: 71.0 ms]
  Range (min … max):    69.0 ms …  74.7 ms    10 runs
 
Benchmark 15: /Users/wen/Projects/wen.works/dist-newstyle/build/aarch64-osx/ghc-9.12.2/lets-list-all-programs-0.1.0.0/t/lets-list-all-programs/build/lets-list-all-programs/lets-list-all-programs count --system=Fw --parallel-conjunction-strategy=O --depth=15 +RTS -N -RTS
886
886
886
886
886
886
886
886
886
886
886
886
886
  Time (mean ± σ):     163.9 ms ±   3.5 ms    [User: 138.3 ms, System: 177.2 ms]
  Range (min … max):   159.2 ms … 170.6 ms    10 runs
 
Benchmark 16: /Users/wen/Projects/wen.works/dist-newstyle/build/aarch64-osx/ghc-9.12.2/lets-list-all-programs-0.1.0.0/t/lets-list-all-programs/build/lets-list-all-programs/lets-list-all-programs count --system=Fw --parallel-conjunction-strategy=O --depth=16 +RTS -N -RTS
2042
2042
2042
2042
2042
2042
2042
2042
  Time (mean ± σ):     588.8 ms ±   3.7 ms    [User: 517.6 ms, System: 667.5 ms]
  Range (min … max):   582.6 ms … 592.3 ms    5 runs
 
Benchmark 17: /Users/wen/Projects/wen.works/dist-newstyle/build/aarch64-osx/ghc-9.12.2/lets-list-all-programs-0.1.0.0/t/lets-list-all-programs/build/lets-list-all-programs/lets-list-all-programs count --system=Fw --parallel-conjunction-strategy=O --depth=17 +RTS -N -RTS
5198
5198
5198
5198
  Time (abs ≡):         1.542 s               [User: 1.372 s, System: 1.784 s]
 
Benchmark 18: /Users/wen/Projects/wen.works/dist-newstyle/build/aarch64-osx/ghc-9.12.2/lets-list-all-programs-0.1.0.0/t/lets-list-all-programs/build/lets-list-all-programs/lets-list-all-programs count --system=Fw --parallel-conjunction-strategy=O --depth=18 +RTS -N -RTS
14607
14607
14607
14607
  Time (abs ≡):         6.222 s               [User: 5.546 s, System: 7.355 s]
 
Benchmark 19: /Users/wen/Projects/wen.works/dist-newstyle/build/aarch64-osx/ghc-9.12.2/lets-list-all-programs-0.1.0.0/t/lets-list-all-programs/build/lets-list-all-programs/lets-list-all-programs count --system=Fw --parallel-conjunction-strategy=O --depth=19 +RTS -N -RTS
34295
34295
34295
34295
  Time (abs ≡):        17.029 s               [User: 15.178 s, System: 20.472 s]
 
Benchmark 20: /Users/wen/Projects/wen.works/dist-newstyle/build/aarch64-osx/ghc-9.12.2/lets-list-all-programs-0.1.0.0/t/lets-list-all-programs/build/lets-list-all-programs/lets-list-all-programs count --system=Fw --parallel-conjunction-strategy=O --depth=20 +RTS -N -RTS
100156
100156
100156
100156
  Time (abs ≡):        72.025 s               [User: 64.193 s, System: 86.678 s]
 
Benchmark 21: /Users/wen/Projects/wen.works/dist-newstyle/build/aarch64-osx/ghc-9.12.2/lets-list-all-programs-0.1.0.0/t/lets-list-all-programs/build/lets-list-all-programs/lets-list-all-programs count --system=Fw --parallel-conjunction-strategy=O --depth=21 +RTS -N -RTS
268452
268452
268452
268452
  Time (abs ≡):        204.182 s               [User: 181.768 s, System: 246.152 s]
 
Benchmark 22: /Users/wen/Projects/wen.works/dist-newstyle/build/aarch64-osx/ghc-9.12.2/lets-list-all-programs-0.1.0.0/t/lets-list-all-programs/build/lets-list-all-programs/lets-list-all-programs count --system=Fw --parallel-conjunction-strategy=O --depth=22 +RTS -N -RTS
895810
895810
895810
895810
  Time (abs ≡):        911.886 s               [User: 812.835 s, System: 1103.723 s]
 
Summary
  /Users/wen/Projects/wen.works/dist-newstyle/build/aarch64-osx/ghc-9.12.2/lets-list-all-programs-0.1.0.0/t/lets-list-all-programs/build/lets-list-all-programs/lets-list-all-programs count --system=Fw --parallel-conjunction-strategy=O --depth=11 +RTS -N -RTS ran
    1.01 ± 0.02 times faster than /Users/wen/Projects/wen.works/dist-newstyle/build/aarch64-osx/ghc-9.12.2/lets-list-all-programs-0.1.0.0/t/lets-list-all-programs/build/lets-list-all-programs/lets-list-all-programs count --system=Fw --parallel-conjunction-strategy=O --depth=7 +RTS -N -RTS
    1.01 ± 0.01 times faster than /Users/wen/Projects/wen.works/dist-newstyle/build/aarch64-osx/ghc-9.12.2/lets-list-all-programs-0.1.0.0/t/lets-list-all-programs/build/lets-list-all-programs/lets-list-all-programs count --system=Fw --parallel-conjunction-strategy=O --depth=1 +RTS -N -RTS
    1.01 ± 0.01 times faster than /Users/wen/Projects/wen.works/dist-newstyle/build/aarch64-osx/ghc-9.12.2/lets-list-all-programs-0.1.0.0/t/lets-list-all-programs/build/lets-list-all-programs/lets-list-all-programs count --system=Fw --parallel-conjunction-strategy=O --depth=10 +RTS -N -RTS
    1.01 ± 0.03 times faster than /Users/wen/Projects/wen.works/dist-newstyle/build/aarch64-osx/ghc-9.12.2/lets-list-all-programs-0.1.0.0/t/lets-list-all-programs/build/lets-list-all-programs/lets-list-all-programs count --system=Fw --parallel-conjunction-strategy=O --depth=3 +RTS -N -RTS
    1.01 ± 0.02 times faster than /Users/wen/Projects/wen.works/dist-newstyle/build/aarch64-osx/ghc-9.12.2/lets-list-all-programs-0.1.0.0/t/lets-list-all-programs/build/lets-list-all-programs/lets-list-all-programs count --system=Fw --parallel-conjunction-strategy=O --depth=8 +RTS -N -RTS
    1.01 ± 0.02 times faster than /Users/wen/Projects/wen.works/dist-newstyle/build/aarch64-osx/ghc-9.12.2/lets-list-all-programs-0.1.0.0/t/lets-list-all-programs/build/lets-list-all-programs/lets-list-all-programs count --system=Fw --parallel-conjunction-strategy=O --depth=9 +RTS -N -RTS
    1.01 ± 0.01 times faster than /Users/wen/Projects/wen.works/dist-newstyle/build/aarch64-osx/ghc-9.12.2/lets-list-all-programs-0.1.0.0/t/lets-list-all-programs/build/lets-list-all-programs/lets-list-all-programs count --system=Fw --parallel-conjunction-strategy=O --depth=5 +RTS -N -RTS
    1.02 ± 0.01 times faster than /Users/wen/Projects/wen.works/dist-newstyle/build/aarch64-osx/ghc-9.12.2/lets-list-all-programs-0.1.0.0/t/lets-list-all-programs/build/lets-list-all-programs/lets-list-all-programs count --system=Fw --parallel-conjunction-strategy=O --depth=4 +RTS -N -RTS
    1.02 ± 0.01 times faster than /Users/wen/Projects/wen.works/dist-newstyle/build/aarch64-osx/ghc-9.12.2/lets-list-all-programs-0.1.0.0/t/lets-list-all-programs/build/lets-list-all-programs/lets-list-all-programs count --system=Fw --parallel-conjunction-strategy=O --depth=6 +RTS -N -RTS
    1.03 ± 0.01 times faster than /Users/wen/Projects/wen.works/dist-newstyle/build/aarch64-osx/ghc-9.12.2/lets-list-all-programs-0.1.0.0/t/lets-list-all-programs/build/lets-list-all-programs/lets-list-all-programs count --system=Fw --parallel-conjunction-strategy=O --depth=2 +RTS -N -RTS
    1.13 ± 0.34 times faster than /Users/wen/Projects/wen.works/dist-newstyle/build/aarch64-osx/ghc-9.12.2/lets-list-all-programs-0.1.0.0/t/lets-list-all-programs/build/lets-list-all-programs/lets-list-all-programs count --system=Fw --parallel-conjunction-strategy=O --depth=12 +RTS -N -RTS
    1.68 ± 0.10 times faster than /Users/wen/Projects/wen.works/dist-newstyle/build/aarch64-osx/ghc-9.12.2/lets-list-all-programs-0.1.0.0/t/lets-list-all-programs/build/lets-list-all-programs/lets-list-all-programs count --system=Fw --parallel-conjunction-strategy=O --depth=13 +RTS -N -RTS
    4.46 ± 0.12 times faster than /Users/wen/Projects/wen.works/dist-newstyle/build/aarch64-osx/ghc-9.12.2/lets-list-all-programs-0.1.0.0/t/lets-list-all-programs/build/lets-list-all-programs/lets-list-all-programs count --system=Fw --parallel-conjunction-strategy=O --depth=14 +RTS -N -RTS
   10.13 ± 0.22 times faster than /Users/wen/Projects/wen.works/dist-newstyle/build/aarch64-osx/ghc-9.12.2/lets-list-all-programs-0.1.0.0/t/lets-list-all-programs/build/lets-list-all-programs/lets-list-all-programs count --system=Fw --parallel-conjunction-strategy=O --depth=15 +RTS -N -RTS
   36.41 ± 0.26 times faster than /Users/wen/Projects/wen.works/dist-newstyle/build/aarch64-osx/ghc-9.12.2/lets-list-all-programs-0.1.0.0/t/lets-list-all-programs/build/lets-list-all-programs/lets-list-all-programs count --system=Fw --parallel-conjunction-strategy=O --depth=16 +RTS -N -RTS
   95.36 times faster than /Users/wen/Projects/wen.works/dist-newstyle/build/aarch64-osx/ghc-9.12.2/lets-list-all-programs-0.1.0.0/t/lets-list-all-programs/build/lets-list-all-programs/lets-list-all-programs count --system=Fw --parallel-conjunction-strategy=O --depth=17 +RTS -N -RTS
  384.71 times faster than /Users/wen/Projects/wen.works/dist-newstyle/build/aarch64-osx/ghc-9.12.2/lets-list-all-programs-0.1.0.0/t/lets-list-all-programs/build/lets-list-all-programs/lets-list-all-programs count --system=Fw --parallel-conjunction-strategy=O --depth=18 +RTS -N -RTS
 1052.99 times faster than /Users/wen/Projects/wen.works/dist-newstyle/build/aarch64-osx/ghc-9.12.2/lets-list-all-programs-0.1.0.0/t/lets-list-all-programs/build/lets-list-all-programs/lets-list-all-programs count --system=Fw --parallel-conjunction-strategy=O --depth=19 +RTS -N -RTS
 4453.61 times faster than /Users/wen/Projects/wen.works/dist-newstyle/build/aarch64-osx/ghc-9.12.2/lets-list-all-programs-0.1.0.0/t/lets-list-all-programs/build/lets-list-all-programs/lets-list-all-programs count --system=Fw --parallel-conjunction-strategy=O --depth=20 +RTS -N -RTS
12625.56 times faster than /Users/wen/Projects/wen.works/dist-newstyle/build/aarch64-osx/ghc-9.12.2/lets-list-all-programs-0.1.0.0/t/lets-list-all-programs/build/lets-list-all-programs/lets-list-all-programs count --system=Fw --parallel-conjunction-strategy=O --depth=21 +RTS -N -RTS
56386.20 times faster than /Users/wen/Projects/wen.works/dist-newstyle/build/aarch64-osx/ghc-9.12.2/lets-list-all-programs-0.1.0.0/t/lets-list-all-programs/build/lets-list-all-programs/lets-list-all-programs count --system=Fw --parallel-conjunction-strategy=O --depth=22 +RTS -N -RTS
