Benchmark 1: /Users/wen/Projects/wen.works/dist-newstyle/build/aarch64-osx/ghc-9.12.2/lets-list-all-programs-0.1.0.0/t/lets-list-all-programs/build/lets-list-all-programs/lets-list-all-programs count --system=STLC --parallel-conjunction-strategy=OSF --depth=1 +RTS -N -RTS
0
0
0
0
0
0
0
0
0
0
0
0
0
0
0
0
0
0
0
0
0
0
0
  Time (mean ± σ):      16.5 ms ±   0.2 ms    [User: 2.5 ms, System: 6.7 ms]
  Range (min … max):    16.2 ms …  16.9 ms    20 runs
 
Benchmark 2: /Users/wen/Projects/wen.works/dist-newstyle/build/aarch64-osx/ghc-9.12.2/lets-list-all-programs-0.1.0.0/t/lets-list-all-programs/build/lets-list-all-programs/lets-list-all-programs count --system=STLC --parallel-conjunction-strategy=OSF --depth=2 +RTS -N -RTS
1
1
1
1
1
1
1
1
1
1
1
1
1
1
1
1
1
1
1
1
1
1
1
  Time (mean ± σ):      16.7 ms ±   0.1 ms    [User: 2.5 ms, System: 6.8 ms]
  Range (min … max):    16.4 ms …  17.0 ms    20 runs
 
Benchmark 3: /Users/wen/Projects/wen.works/dist-newstyle/build/aarch64-osx/ghc-9.12.2/lets-list-all-programs-0.1.0.0/t/lets-list-all-programs/build/lets-list-all-programs/lets-list-all-programs count --system=STLC --parallel-conjunction-strategy=OSF --depth=3 +RTS -N -RTS
1
1
1
1
1
1
1
1
1
1
1
1
1
1
1
1
1
1
1
1
1
1
1
  Time (mean ± σ):      16.6 ms ±   0.1 ms    [User: 2.5 ms, System: 6.6 ms]
  Range (min … max):    16.2 ms …  16.8 ms    20 runs
 
Benchmark 4: /Users/wen/Projects/wen.works/dist-newstyle/build/aarch64-osx/ghc-9.12.2/lets-list-all-programs-0.1.0.0/t/lets-list-all-programs/build/lets-list-all-programs/lets-list-all-programs count --system=STLC --parallel-conjunction-strategy=OSF --depth=4 +RTS -N -RTS
1
1
1
1
1
1
1
1
1
1
1
1
1
1
1
1
1
1
1
1
1
1
1
  Time (mean ± σ):      16.6 ms ±   0.2 ms    [User: 2.6 ms, System: 6.8 ms]
  Range (min … max):    16.2 ms …  17.1 ms    20 runs
 
Benchmark 5: /Users/wen/Projects/wen.works/dist-newstyle/build/aarch64-osx/ghc-9.12.2/lets-list-all-programs-0.1.0.0/t/lets-list-all-programs/build/lets-list-all-programs/lets-list-all-programs count --system=STLC --parallel-conjunction-strategy=OSF --depth=5 +RTS -N -RTS
1
1
1
1
1
1
1
1
1
1
1
1
1
1
1
1
1
1
1
1
1
1
1
  Time (mean ± σ):      16.5 ms ±   0.1 ms    [User: 2.5 ms, System: 6.7 ms]
  Range (min … max):    16.1 ms …  16.7 ms    20 runs
 
Benchmark 6: /Users/wen/Projects/wen.works/dist-newstyle/build/aarch64-osx/ghc-9.12.2/lets-list-all-programs-0.1.0.0/t/lets-list-all-programs/build/lets-list-all-programs/lets-list-all-programs count --system=STLC --parallel-conjunction-strategy=OSF --depth=6 +RTS -N -RTS
3
3
3
3
3
3
3
3
3
3
3
3
3
3
3
3
3
3
3
3
3
3
3
  Time (mean ± σ):      16.4 ms ±   0.1 ms    [User: 2.5 ms, System: 6.5 ms]
  Range (min … max):    16.2 ms …  16.6 ms    20 runs
 
Benchmark 7: /Users/wen/Projects/wen.works/dist-newstyle/build/aarch64-osx/ghc-9.12.2/lets-list-all-programs-0.1.0.0/t/lets-list-all-programs/build/lets-list-all-programs/lets-list-all-programs count --system=STLC --parallel-conjunction-strategy=OSF --depth=7 +RTS -N -RTS
3
3
3
3
3
3
3
3
3
3
3
3
3
3
3
3
3
3
3
3
3
3
3
  Time (mean ± σ):      16.5 ms ±   0.2 ms    [User: 2.5 ms, System: 6.8 ms]
  Range (min … max):    16.1 ms …  16.9 ms    20 runs
 
Benchmark 8: /Users/wen/Projects/wen.works/dist-newstyle/build/aarch64-osx/ghc-9.12.2/lets-list-all-programs-0.1.0.0/t/lets-list-all-programs/build/lets-list-all-programs/lets-list-all-programs count --system=STLC --parallel-conjunction-strategy=OSF --depth=8 +RTS -N -RTS
4
4
4
4
4
4
4
4
4
4
4
4
4
4
4
4
4
4
4
4
4
4
4
  Time (mean ± σ):      16.5 ms ±   0.2 ms    [User: 2.5 ms, System: 6.6 ms]
  Range (min … max):    16.1 ms …  16.9 ms    20 runs
 
Benchmark 9: /Users/wen/Projects/wen.works/dist-newstyle/build/aarch64-osx/ghc-9.12.2/lets-list-all-programs-0.1.0.0/t/lets-list-all-programs/build/lets-list-all-programs/lets-list-all-programs count --system=STLC --parallel-conjunction-strategy=OSF --depth=9 +RTS -N -RTS
7
7
7
7
7
7
7
7
7
7
7
7
7
7
7
7
7
7
7
7
7
7
7
  Time (mean ± σ):      16.4 ms ±   0.4 ms    [User: 2.6 ms, System: 6.9 ms]
  Range (min … max):    15.3 ms …  16.8 ms    20 runs
 
Benchmark 10: /Users/wen/Projects/wen.works/dist-newstyle/build/aarch64-osx/ghc-9.12.2/lets-list-all-programs-0.1.0.0/t/lets-list-all-programs/build/lets-list-all-programs/lets-list-all-programs count --system=STLC --parallel-conjunction-strategy=OSF --depth=10 +RTS -N -RTS
20
20
20
20
20
20
20
20
20
20
20
20
20
20
20
20
20
20
20
20
20
20
20
  Time (mean ± σ):      16.4 ms ±   0.2 ms    [User: 2.6 ms, System: 6.5 ms]
  Range (min … max):    16.1 ms …  16.8 ms    20 runs
 
Benchmark 11: /Users/wen/Projects/wen.works/dist-newstyle/build/aarch64-osx/ghc-9.12.2/lets-list-all-programs-0.1.0.0/t/lets-list-all-programs/build/lets-list-all-programs/lets-list-all-programs count --system=STLC --parallel-conjunction-strategy=OSF --depth=11 +RTS -N -RTS
20
20
20
20
20
20
20
20
20
20
20
20
20
20
20
20
20
20
20
20
20
20
20
  Time (mean ± σ):      16.5 ms ±   0.2 ms    [User: 2.7 ms, System: 6.2 ms]
  Range (min … max):    16.2 ms …  16.9 ms    20 runs
 
Benchmark 12: /Users/wen/Projects/wen.works/dist-newstyle/build/aarch64-osx/ghc-9.12.2/lets-list-all-programs-0.1.0.0/t/lets-list-all-programs/build/lets-list-all-programs/lets-list-all-programs count --system=STLC --parallel-conjunction-strategy=OSF --depth=12 +RTS -N -RTS
32
32
32
32
32
32
32
32
32
32
32
32
32
32
32
32
32
32
32
32
32
32
32
  Time (mean ± σ):      16.5 ms ±   0.3 ms    [User: 2.8 ms, System: 6.4 ms]
  Range (min … max):    16.1 ms …  17.0 ms    20 runs
 
Benchmark 13: /Users/wen/Projects/wen.works/dist-newstyle/build/aarch64-osx/ghc-9.12.2/lets-list-all-programs-0.1.0.0/t/lets-list-all-programs/build/lets-list-all-programs/lets-list-all-programs count --system=STLC --parallel-conjunction-strategy=OSF --depth=13 +RTS -N -RTS
69
69
69
69
69
69
69
69
69
69
69
69
69
69
69
69
69
69
69
69
69
69
69
  Time (mean ± σ):      16.2 ms ±   0.3 ms    [User: 2.8 ms, System: 6.3 ms]
  Range (min … max):    15.0 ms …  16.5 ms    20 runs
 
Benchmark 14: /Users/wen/Projects/wen.works/dist-newstyle/build/aarch64-osx/ghc-9.12.2/lets-list-all-programs-0.1.0.0/t/lets-list-all-programs/build/lets-list-all-programs/lets-list-all-programs count --system=STLC --parallel-conjunction-strategy=OSF --depth=14 +RTS -N -RTS
205
205
205
205
205
205
205
205
205
205
205
205
205
205
205
205
205
205
205
205
205
205
205
  Time (mean ± σ):      16.3 ms ±   0.1 ms    [User: 3.5 ms, System: 6.7 ms]
  Range (min … max):    16.2 ms …  16.5 ms    20 runs
 
Benchmark 15: /Users/wen/Projects/wen.works/dist-newstyle/build/aarch64-osx/ghc-9.12.2/lets-list-all-programs-0.1.0.0/t/lets-list-all-programs/build/lets-list-all-programs/lets-list-all-programs count --system=STLC --parallel-conjunction-strategy=OSF --depth=15 +RTS -N -RTS
229
229
229
229
229
229
229
229
229
229
229
229
229
229
229
229
229
229
229
229
229
229
229
  Time (mean ± σ):      16.2 ms ±   0.1 ms    [User: 4.4 ms, System: 8.2 ms]
  Range (min … max):    16.1 ms …  16.3 ms    20 runs
 
Benchmark 16: /Users/wen/Projects/wen.works/dist-newstyle/build/aarch64-osx/ghc-9.12.2/lets-list-all-programs-0.1.0.0/t/lets-list-all-programs/build/lets-list-all-programs/lets-list-all-programs count --system=STLC --parallel-conjunction-strategy=OSF --depth=16 +RTS -N -RTS
422
422
422
422
422
422
422
422
422
422
422
422
422
422
422
422
422
422
422
422
422
422
422
  Time (mean ± σ):      15.9 ms ±   0.6 ms    [User: 5.5 ms, System: 11.0 ms]
  Range (min … max):    13.6 ms …  16.2 ms    20 runs
 
Benchmark 17: /Users/wen/Projects/wen.works/dist-newstyle/build/aarch64-osx/ghc-9.12.2/lets-list-all-programs-0.1.0.0/t/lets-list-all-programs/build/lets-list-all-programs/lets-list-all-programs count --system=STLC --parallel-conjunction-strategy=OSF --depth=17 +RTS -N -RTS
982
982
982
982
982
982
982
982
982
982
982
982
982
982
982
982
982
982
982
982
982
982
982
  Time (mean ± σ):      15.6 ms ±   3.7 ms    [User: 8.0 ms, System: 14.9 ms]
  Range (min … max):    13.4 ms …  26.3 ms    20 runs
 
Benchmark 18: /Users/wen/Projects/wen.works/dist-newstyle/build/aarch64-osx/ghc-9.12.2/lets-list-all-programs-0.1.0.0/t/lets-list-all-programs/build/lets-list-all-programs/lets-list-all-programs count --system=STLC --parallel-conjunction-strategy=OSF --depth=18 +RTS -N -RTS
2890
2890
2890
2890
2890
2890
2890
2890
2890
2890
2890
2890
2890
2890
2890
2890
2890
2890
2890
2890
2890
2890
2890
  Time (mean ± σ):      27.2 ms ±   0.8 ms    [User: 14.9 ms, System: 24.1 ms]
  Range (min … max):    26.2 ms …  28.5 ms    20 runs
 
Benchmark 19: /Users/wen/Projects/wen.works/dist-newstyle/build/aarch64-osx/ghc-9.12.2/lets-list-all-programs-0.1.0.0/t/lets-list-all-programs/build/lets-list-all-programs/lets-list-all-programs count --system=STLC --parallel-conjunction-strategy=OSF --depth=19 +RTS -N -RTS
3487
3487
3487
3487
3487
3487
3487
3487
3487
3487
3487
3487
3487
3487
3487
3487
3487
3487
3487
3487
3487
3487
3487
  Time (mean ± σ):      39.2 ms ±   1.5 ms    [User: 26.4 ms, System: 39.4 ms]
  Range (min … max):    34.9 ms …  41.2 ms    20 runs
 
Benchmark 20: /Users/wen/Projects/wen.works/dist-newstyle/build/aarch64-osx/ghc-9.12.2/lets-list-all-programs-0.1.0.0/t/lets-list-all-programs/build/lets-list-all-programs/lets-list-all-programs count --system=STLC --parallel-conjunction-strategy=OSF --depth=20 +RTS -N -RTS
7072
7072
7072
7072
7072
7072
7072
7072
7072
7072
7072
7072
7072
7072
7072
7072
7072
7072
7072
7072
7072
7072
7072
  Time (mean ± σ):      61.3 ms ±   2.5 ms    [User: 47.0 ms, System: 66.9 ms]
  Range (min … max):    57.5 ms …  69.0 ms    20 runs
 
Benchmark 21: /Users/wen/Projects/wen.works/dist-newstyle/build/aarch64-osx/ghc-9.12.2/lets-list-all-programs-0.1.0.0/t/lets-list-all-programs/build/lets-list-all-programs/lets-list-all-programs count --system=STLC --parallel-conjunction-strategy=OSF --depth=21 +RTS -N -RTS
17325
17325
17325
17325
17325
17325
17325
17325
17325
17325
17325
17325
17325
17325
17325
17325
17325
17325
17325
17325
17325
17325
17325
  Time (mean ± σ):     120.1 ms ±   3.5 ms    [User: 97.8 ms, System: 136.8 ms]
  Range (min … max):   114.5 ms … 127.5 ms    20 runs
 
Benchmark 22: /Users/wen/Projects/wen.works/dist-newstyle/build/aarch64-osx/ghc-9.12.2/lets-list-all-programs-0.1.0.0/t/lets-list-all-programs/build/lets-list-all-programs/lets-list-all-programs count --system=STLC --parallel-conjunction-strategy=OSF --depth=22 +RTS -N -RTS
51176
51176
51176
51176
51176
51176
51176
51176
51176
51176
51176
51176
51176
  Time (mean ± σ):     276.8 ms ±   3.8 ms    [User: 235.6 ms, System: 327.6 ms]
  Range (min … max):   269.2 ms … 281.9 ms    10 runs
 
Benchmark 23: /Users/wen/Projects/wen.works/dist-newstyle/build/aarch64-osx/ghc-9.12.2/lets-list-all-programs-0.1.0.0/t/lets-list-all-programs/build/lets-list-all-programs/lets-list-all-programs count --system=STLC --parallel-conjunction-strategy=OSF --depth=23 +RTS -N -RTS
66071
66071
66071
66071
66071
66071
66071
66071
  Time (mean ± σ):     540.4 ms ±   5.3 ms    [User: 471.7 ms, System: 663.4 ms]
  Range (min … max):   536.0 ms … 549.0 ms    5 runs
 
Benchmark 24: /Users/wen/Projects/wen.works/dist-newstyle/build/aarch64-osx/ghc-9.12.2/lets-list-all-programs-0.1.0.0/t/lets-list-all-programs/build/lets-list-all-programs/lets-list-all-programs count --system=STLC --parallel-conjunction-strategy=OSF --depth=24 +RTS -N -RTS
142508
142508
142508
142508
142508
  Time (mean ± σ):      1.025 s ±  0.007 s    [User: 0.904 s, System: 1.277 s]
  Range (min … max):    1.020 s …  1.030 s    2 runs
 
Benchmark 25: /Users/wen/Projects/wen.works/dist-newstyle/build/aarch64-osx/ghc-9.12.2/lets-list-all-programs-0.1.0.0/t/lets-list-all-programs/build/lets-list-all-programs/lets-list-all-programs count --system=STLC --parallel-conjunction-strategy=OSF --depth=25 +RTS -N -RTS
362981
362981
362981
362981
  Time (abs ≡):         2.341 s               [User: 2.074 s, System: 2.874 s]
 
Benchmark 26: /Users/wen/Projects/wen.works/dist-newstyle/build/aarch64-osx/ghc-9.12.2/lets-list-all-programs-0.1.0.0/t/lets-list-all-programs/build/lets-list-all-programs/lets-list-all-programs count --system=STLC --parallel-conjunction-strategy=OSF --depth=26 +RTS -N -RTS
1086700
1086700
1086700
1086700
  Time (abs ≡):         6.036 s               [User: 5.360 s, System: 7.506 s]
 
Benchmark 27: /Users/wen/Projects/wen.works/dist-newstyle/build/aarch64-osx/ghc-9.12.2/lets-list-all-programs-0.1.0.0/t/lets-list-all-programs/build/lets-list-all-programs/lets-list-all-programs count --system=STLC --parallel-conjunction-strategy=OSF --depth=27 +RTS -N -RTS
1484328
1484328
1484328
1484328
  Time (abs ≡):        12.423 s               [User: 11.037 s, System: 15.670 s]
 
Benchmark 28: /Users/wen/Projects/wen.works/dist-newstyle/build/aarch64-osx/ghc-9.12.2/lets-list-all-programs-0.1.0.0/t/lets-list-all-programs/build/lets-list-all-programs/lets-list-all-programs count --system=STLC --parallel-conjunction-strategy=OSF --depth=28 +RTS -N -RTS
3353864
3353864
3353864
3353864
  Time (abs ≡):        24.527 s               [User: 21.807 s, System: 31.222 s]
 
Benchmark 29: /Users/wen/Projects/wen.works/dist-newstyle/build/aarch64-osx/ghc-9.12.2/lets-list-all-programs-0.1.0.0/t/lets-list-all-programs/build/lets-list-all-programs/lets-list-all-programs count --system=STLC --parallel-conjunction-strategy=OSF --depth=29 +RTS -N -RTS
8847484
8847484
8847484
8847484
  Time (abs ≡):        58.814 s               [User: 52.387 s, System: 74.424 s]
 
Benchmark 30: /Users/wen/Projects/wen.works/dist-newstyle/build/aarch64-osx/ghc-9.12.2/lets-list-all-programs-0.1.0.0/t/lets-list-all-programs/build/lets-list-all-programs/lets-list-all-programs count --system=STLC --parallel-conjunction-strategy=OSF --depth=30 +RTS -N -RTS
26982292
26982292
26982292
26982292
  Time (abs ≡):        161.902 s               [User: 144.154 s, System: 202.468 s]
 
Summary
  /Users/wen/Projects/wen.works/dist-newstyle/build/aarch64-osx/ghc-9.12.2/lets-list-all-programs-0.1.0.0/t/lets-list-all-programs/build/lets-list-all-programs/lets-list-all-programs count --system=STLC --parallel-conjunction-strategy=OSF --depth=17 +RTS -N -RTS ran
    1.02 ± 0.25 times faster than /Users/wen/Projects/wen.works/dist-newstyle/build/aarch64-osx/ghc-9.12.2/lets-list-all-programs-0.1.0.0/t/lets-list-all-programs/build/lets-list-all-programs/lets-list-all-programs count --system=STLC --parallel-conjunction-strategy=OSF --depth=16 +RTS -N -RTS
    1.04 ± 0.25 times faster than /Users/wen/Projects/wen.works/dist-newstyle/build/aarch64-osx/ghc-9.12.2/lets-list-all-programs-0.1.0.0/t/lets-list-all-programs/build/lets-list-all-programs/lets-list-all-programs count --system=STLC --parallel-conjunction-strategy=OSF --depth=15 +RTS -N -RTS
    1.04 ± 0.25 times faster than /Users/wen/Projects/wen.works/dist-newstyle/build/aarch64-osx/ghc-9.12.2/lets-list-all-programs-0.1.0.0/t/lets-list-all-programs/build/lets-list-all-programs/lets-list-all-programs count --system=STLC --parallel-conjunction-strategy=OSF --depth=13 +RTS -N -RTS
    1.05 ± 0.25 times faster than /Users/wen/Projects/wen.works/dist-newstyle/build/aarch64-osx/ghc-9.12.2/lets-list-all-programs-0.1.0.0/t/lets-list-all-programs/build/lets-list-all-programs/lets-list-all-programs count --system=STLC --parallel-conjunction-strategy=OSF --depth=14 +RTS -N -RTS
    1.05 ± 0.25 times faster than /Users/wen/Projects/wen.works/dist-newstyle/build/aarch64-osx/ghc-9.12.2/lets-list-all-programs-0.1.0.0/t/lets-list-all-programs/build/lets-list-all-programs/lets-list-all-programs count --system=STLC --parallel-conjunction-strategy=OSF --depth=6 +RTS -N -RTS
    1.05 ± 0.25 times faster than /Users/wen/Projects/wen.works/dist-newstyle/build/aarch64-osx/ghc-9.12.2/lets-list-all-programs-0.1.0.0/t/lets-list-all-programs/build/lets-list-all-programs/lets-list-all-programs count --system=STLC --parallel-conjunction-strategy=OSF --depth=9 +RTS -N -RTS
    1.05 ± 0.25 times faster than /Users/wen/Projects/wen.works/dist-newstyle/build/aarch64-osx/ghc-9.12.2/lets-list-all-programs-0.1.0.0/t/lets-list-all-programs/build/lets-list-all-programs/lets-list-all-programs count --system=STLC --parallel-conjunction-strategy=OSF --depth=10 +RTS -N -RTS
    1.06 ± 0.25 times faster than /Users/wen/Projects/wen.works/dist-newstyle/build/aarch64-osx/ghc-9.12.2/lets-list-all-programs-0.1.0.0/t/lets-list-all-programs/build/lets-list-all-programs/lets-list-all-programs count --system=STLC --parallel-conjunction-strategy=OSF --depth=12 +RTS -N -RTS
    1.06 ± 0.25 times faster than /Users/wen/Projects/wen.works/dist-newstyle/build/aarch64-osx/ghc-9.12.2/lets-list-all-programs-0.1.0.0/t/lets-list-all-programs/build/lets-list-all-programs/lets-list-all-programs count --system=STLC --parallel-conjunction-strategy=OSF --depth=11 +RTS -N -RTS
    1.06 ± 0.25 times faster than /Users/wen/Projects/wen.works/dist-newstyle/build/aarch64-osx/ghc-9.12.2/lets-list-all-programs-0.1.0.0/t/lets-list-all-programs/build/lets-list-all-programs/lets-list-all-programs count --system=STLC --parallel-conjunction-strategy=OSF --depth=8 +RTS -N -RTS
    1.06 ± 0.25 times faster than /Users/wen/Projects/wen.works/dist-newstyle/build/aarch64-osx/ghc-9.12.2/lets-list-all-programs-0.1.0.0/t/lets-list-all-programs/build/lets-list-all-programs/lets-list-all-programs count --system=STLC --parallel-conjunction-strategy=OSF --depth=1 +RTS -N -RTS
    1.06 ± 0.25 times faster than /Users/wen/Projects/wen.works/dist-newstyle/build/aarch64-osx/ghc-9.12.2/lets-list-all-programs-0.1.0.0/t/lets-list-all-programs/build/lets-list-all-programs/lets-list-all-programs count --system=STLC --parallel-conjunction-strategy=OSF --depth=7 +RTS -N -RTS
    1.06 ± 0.25 times faster than /Users/wen/Projects/wen.works/dist-newstyle/build/aarch64-osx/ghc-9.12.2/lets-list-all-programs-0.1.0.0/t/lets-list-all-programs/build/lets-list-all-programs/lets-list-all-programs count --system=STLC --parallel-conjunction-strategy=OSF --depth=5 +RTS -N -RTS
    1.06 ± 0.25 times faster than /Users/wen/Projects/wen.works/dist-newstyle/build/aarch64-osx/ghc-9.12.2/lets-list-all-programs-0.1.0.0/t/lets-list-all-programs/build/lets-list-all-programs/lets-list-all-programs count --system=STLC --parallel-conjunction-strategy=OSF --depth=3 +RTS -N -RTS
    1.06 ± 0.25 times faster than /Users/wen/Projects/wen.works/dist-newstyle/build/aarch64-osx/ghc-9.12.2/lets-list-all-programs-0.1.0.0/t/lets-list-all-programs/build/lets-list-all-programs/lets-list-all-programs count --system=STLC --parallel-conjunction-strategy=OSF --depth=4 +RTS -N -RTS
    1.07 ± 0.26 times faster than /Users/wen/Projects/wen.works/dist-newstyle/build/aarch64-osx/ghc-9.12.2/lets-list-all-programs-0.1.0.0/t/lets-list-all-programs/build/lets-list-all-programs/lets-list-all-programs count --system=STLC --parallel-conjunction-strategy=OSF --depth=2 +RTS -N -RTS
    1.75 ± 0.42 times faster than /Users/wen/Projects/wen.works/dist-newstyle/build/aarch64-osx/ghc-9.12.2/lets-list-all-programs-0.1.0.0/t/lets-list-all-programs/build/lets-list-all-programs/lets-list-all-programs count --system=STLC --parallel-conjunction-strategy=OSF --depth=18 +RTS -N -RTS
    2.51 ± 0.61 times faster than /Users/wen/Projects/wen.works/dist-newstyle/build/aarch64-osx/ghc-9.12.2/lets-list-all-programs-0.1.0.0/t/lets-list-all-programs/build/lets-list-all-programs/lets-list-all-programs count --system=STLC --parallel-conjunction-strategy=OSF --depth=19 +RTS -N -RTS
    3.93 ± 0.95 times faster than /Users/wen/Projects/wen.works/dist-newstyle/build/aarch64-osx/ghc-9.12.2/lets-list-all-programs-0.1.0.0/t/lets-list-all-programs/build/lets-list-all-programs/lets-list-all-programs count --system=STLC --parallel-conjunction-strategy=OSF --depth=20 +RTS -N -RTS
    7.71 ± 1.85 times faster than /Users/wen/Projects/wen.works/dist-newstyle/build/aarch64-osx/ghc-9.12.2/lets-list-all-programs-0.1.0.0/t/lets-list-all-programs/build/lets-list-all-programs/lets-list-all-programs count --system=STLC --parallel-conjunction-strategy=OSF --depth=21 +RTS -N -RTS
   17.76 ± 4.25 times faster than /Users/wen/Projects/wen.works/dist-newstyle/build/aarch64-osx/ghc-9.12.2/lets-list-all-programs-0.1.0.0/t/lets-list-all-programs/build/lets-list-all-programs/lets-list-all-programs count --system=STLC --parallel-conjunction-strategy=OSF --depth=22 +RTS -N -RTS
   34.67 ± 8.29 times faster than /Users/wen/Projects/wen.works/dist-newstyle/build/aarch64-osx/ghc-9.12.2/lets-list-all-programs-0.1.0.0/t/lets-list-all-programs/build/lets-list-all-programs/lets-list-all-programs count --system=STLC --parallel-conjunction-strategy=OSF --depth=23 +RTS -N -RTS
   65.76 ± 15.72 times faster than /Users/wen/Projects/wen.works/dist-newstyle/build/aarch64-osx/ghc-9.12.2/lets-list-all-programs-0.1.0.0/t/lets-list-all-programs/build/lets-list-all-programs/lets-list-all-programs count --system=STLC --parallel-conjunction-strategy=OSF --depth=24 +RTS -N -RTS
  150.18 times faster than /Users/wen/Projects/wen.works/dist-newstyle/build/aarch64-osx/ghc-9.12.2/lets-list-all-programs-0.1.0.0/t/lets-list-all-programs/build/lets-list-all-programs/lets-list-all-programs count --system=STLC --parallel-conjunction-strategy=OSF --depth=25 +RTS -N -RTS
  387.22 times faster than /Users/wen/Projects/wen.works/dist-newstyle/build/aarch64-osx/ghc-9.12.2/lets-list-all-programs-0.1.0.0/t/lets-list-all-programs/build/lets-list-all-programs/lets-list-all-programs count --system=STLC --parallel-conjunction-strategy=OSF --depth=26 +RTS -N -RTS
  796.90 times faster than /Users/wen/Projects/wen.works/dist-newstyle/build/aarch64-osx/ghc-9.12.2/lets-list-all-programs-0.1.0.0/t/lets-list-all-programs/build/lets-list-all-programs/lets-list-all-programs count --system=STLC --parallel-conjunction-strategy=OSF --depth=27 +RTS -N -RTS
 1573.38 times faster than /Users/wen/Projects/wen.works/dist-newstyle/build/aarch64-osx/ghc-9.12.2/lets-list-all-programs-0.1.0.0/t/lets-list-all-programs/build/lets-list-all-programs/lets-list-all-programs count --system=STLC --parallel-conjunction-strategy=OSF --depth=28 +RTS -N -RTS
 3772.86 times faster than /Users/wen/Projects/wen.works/dist-newstyle/build/aarch64-osx/ghc-9.12.2/lets-list-all-programs-0.1.0.0/t/lets-list-all-programs/build/lets-list-all-programs/lets-list-all-programs count --system=STLC --parallel-conjunction-strategy=OSF --depth=29 +RTS -N -RTS
10385.92 times faster than /Users/wen/Projects/wen.works/dist-newstyle/build/aarch64-osx/ghc-9.12.2/lets-list-all-programs-0.1.0.0/t/lets-list-all-programs/build/lets-list-all-programs/lets-list-all-programs count --system=STLC --parallel-conjunction-strategy=OSF --depth=30 +RTS -N -RTS
