Benchmark 1: /Users/wen/Projects/wen.works/dist-newstyle/build/aarch64-osx/ghc-9.12.2/lets-list-all-programs-0.1.0.0/t/lets-list-all-programs/build/lets-list-all-programs/lets-list-all-programs count --system=STRLC --parallel-conjunction-strategy=OF --depth=1 +RTS -N -RTS
0
0
0
0
0
0
0
0
0
0
0
0
0
0
0
0
0
0
0
0
0
0
0
  Time (mean ± σ):      16.5 ms ±   0.2 ms    [User: 2.5 ms, System: 6.6 ms]
  Range (min … max):    16.1 ms …  17.0 ms    20 runs
 
Benchmark 2: /Users/wen/Projects/wen.works/dist-newstyle/build/aarch64-osx/ghc-9.12.2/lets-list-all-programs-0.1.0.0/t/lets-list-all-programs/build/lets-list-all-programs/lets-list-all-programs count --system=STRLC --parallel-conjunction-strategy=OF --depth=2 +RTS -N -RTS
1
1
1
1
1
1
1
1
1
1
1
1
1
1
1
1
1
1
1
1
1
1
1
  Time (mean ± σ):      16.5 ms ±   0.2 ms    [User: 2.5 ms, System: 6.7 ms]
  Range (min … max):    16.2 ms …  16.9 ms    20 runs
 
Benchmark 3: /Users/wen/Projects/wen.works/dist-newstyle/build/aarch64-osx/ghc-9.12.2/lets-list-all-programs-0.1.0.0/t/lets-list-all-programs/build/lets-list-all-programs/lets-list-all-programs count --system=STRLC --parallel-conjunction-strategy=OF --depth=3 +RTS -N -RTS
1
1
1
1
1
1
1
1
1
1
1
1
1
1
1
1
1
1
1
1
1
1
1
  Time (mean ± σ):      16.4 ms ±   0.6 ms    [User: 2.5 ms, System: 6.9 ms]
  Range (min … max):    14.1 ms …  16.8 ms    20 runs
 
Benchmark 4: /Users/wen/Projects/wen.works/dist-newstyle/build/aarch64-osx/ghc-9.12.2/lets-list-all-programs-0.1.0.0/t/lets-list-all-programs/build/lets-list-all-programs/lets-list-all-programs count --system=STRLC --parallel-conjunction-strategy=OF --depth=4 +RTS -N -RTS
1
1
1
1
1
1
1
1
1
1
1
1
1
1
1
1
1
1
1
1
1
1
1
  Time (mean ± σ):      16.4 ms ±   0.2 ms    [User: 2.5 ms, System: 6.8 ms]
  Range (min … max):    15.6 ms …  16.7 ms    20 runs
 
Benchmark 5: /Users/wen/Projects/wen.works/dist-newstyle/build/aarch64-osx/ghc-9.12.2/lets-list-all-programs-0.1.0.0/t/lets-list-all-programs/build/lets-list-all-programs/lets-list-all-programs count --system=STRLC --parallel-conjunction-strategy=OF --depth=5 +RTS -N -RTS
1
1
1
1
1
1
1
1
1
1
1
1
1
1
1
1
1
1
1
1
1
1
1
  Time (mean ± σ):      16.5 ms ±   0.2 ms    [User: 2.6 ms, System: 7.0 ms]
  Range (min … max):    16.3 ms …  16.8 ms    20 runs
 
Benchmark 6: /Users/wen/Projects/wen.works/dist-newstyle/build/aarch64-osx/ghc-9.12.2/lets-list-all-programs-0.1.0.0/t/lets-list-all-programs/build/lets-list-all-programs/lets-list-all-programs count --system=STRLC --parallel-conjunction-strategy=OF --depth=6 +RTS -N -RTS
2
2
2
2
2
2
2
2
2
2
2
2
2
2
2
2
2
2
2
2
2
2
2
  Time (mean ± σ):      16.4 ms ±   0.2 ms    [User: 2.5 ms, System: 6.8 ms]
  Range (min … max):    15.8 ms …  16.7 ms    20 runs
 
Benchmark 7: /Users/wen/Projects/wen.works/dist-newstyle/build/aarch64-osx/ghc-9.12.2/lets-list-all-programs-0.1.0.0/t/lets-list-all-programs/build/lets-list-all-programs/lets-list-all-programs count --system=STRLC --parallel-conjunction-strategy=OF --depth=7 +RTS -N -RTS
2
2
2
2
2
2
2
2
2
2
2
2
2
2
2
2
2
2
2
2
2
2
2
  Time (mean ± σ):      16.5 ms ±   0.2 ms    [User: 2.5 ms, System: 6.6 ms]
  Range (min … max):    16.1 ms …  16.9 ms    20 runs
 
Benchmark 8: /Users/wen/Projects/wen.works/dist-newstyle/build/aarch64-osx/ghc-9.12.2/lets-list-all-programs-0.1.0.0/t/lets-list-all-programs/build/lets-list-all-programs/lets-list-all-programs count --system=STRLC --parallel-conjunction-strategy=OF --depth=8 +RTS -N -RTS
3
3
3
3
3
3
3
3
3
3
3
3
3
3
3
3
3
3
3
3
3
3
3
  Time (mean ± σ):      16.5 ms ±   0.2 ms    [User: 2.6 ms, System: 6.9 ms]
  Range (min … max):    16.1 ms …  16.9 ms    20 runs
 
Benchmark 9: /Users/wen/Projects/wen.works/dist-newstyle/build/aarch64-osx/ghc-9.12.2/lets-list-all-programs-0.1.0.0/t/lets-list-all-programs/build/lets-list-all-programs/lets-list-all-programs count --system=STRLC --parallel-conjunction-strategy=OF --depth=9 +RTS -N -RTS
3
3
3
3
3
3
3
3
3
3
3
3
3
3
3
3
3
3
3
3
3
3
3
  Time (mean ± σ):      16.6 ms ±   0.2 ms    [User: 2.6 ms, System: 7.0 ms]
  Range (min … max):    16.3 ms …  16.9 ms    20 runs
 
Benchmark 10: /Users/wen/Projects/wen.works/dist-newstyle/build/aarch64-osx/ghc-9.12.2/lets-list-all-programs-0.1.0.0/t/lets-list-all-programs/build/lets-list-all-programs/lets-list-all-programs count --system=STRLC --parallel-conjunction-strategy=OF --depth=10 +RTS -N -RTS
5
5
5
5
5
5
5
5
5
5
5
5
5
5
5
5
5
5
5
5
5
5
5
  Time (mean ± σ):      16.4 ms ±   0.1 ms    [User: 2.5 ms, System: 6.6 ms]
  Range (min … max):    16.1 ms …  16.7 ms    20 runs
 
Benchmark 11: /Users/wen/Projects/wen.works/dist-newstyle/build/aarch64-osx/ghc-9.12.2/lets-list-all-programs-0.1.0.0/t/lets-list-all-programs/build/lets-list-all-programs/lets-list-all-programs count --system=STRLC --parallel-conjunction-strategy=OF --depth=11 +RTS -N -RTS
5
5
5
5
5
5
5
5
5
5
5
5
5
5
5
5
5
5
5
5
5
5
5
  Time (mean ± σ):      16.4 ms ±   0.2 ms    [User: 2.6 ms, System: 6.6 ms]
  Range (min … max):    16.1 ms …  16.8 ms    20 runs
 
Benchmark 12: /Users/wen/Projects/wen.works/dist-newstyle/build/aarch64-osx/ghc-9.12.2/lets-list-all-programs-0.1.0.0/t/lets-list-all-programs/build/lets-list-all-programs/lets-list-all-programs count --system=STRLC --parallel-conjunction-strategy=OF --depth=12 +RTS -N -RTS
9
9
9
9
9
9
9
9
9
9
9
9
9
9
9
9
9
9
9
9
9
9
9
  Time (mean ± σ):      16.4 ms ±   0.2 ms    [User: 2.7 ms, System: 6.6 ms]
  Range (min … max):    16.2 ms …  16.8 ms    20 runs
 
Benchmark 13: /Users/wen/Projects/wen.works/dist-newstyle/build/aarch64-osx/ghc-9.12.2/lets-list-all-programs-0.1.0.0/t/lets-list-all-programs/build/lets-list-all-programs/lets-list-all-programs count --system=STRLC --parallel-conjunction-strategy=OF --depth=13 +RTS -N -RTS
9
9
9
9
9
9
9
9
9
9
9
9
9
9
9
9
9
9
9
9
9
9
9
  Time (mean ± σ):      16.3 ms ±   0.1 ms    [User: 2.8 ms, System: 6.4 ms]
  Range (min … max):    16.1 ms …  16.6 ms    20 runs
 
Benchmark 14: /Users/wen/Projects/wen.works/dist-newstyle/build/aarch64-osx/ghc-9.12.2/lets-list-all-programs-0.1.0.0/t/lets-list-all-programs/build/lets-list-all-programs/lets-list-all-programs count --system=STRLC --parallel-conjunction-strategy=OF --depth=14 +RTS -N -RTS
16
16
16
16
16
16
16
16
16
16
16
16
16
16
16
16
16
16
16
16
16
16
16
  Time (mean ± σ):      16.2 ms ±   0.2 ms    [User: 3.0 ms, System: 6.3 ms]
  Range (min … max):    15.7 ms …  16.5 ms    20 runs
 
Benchmark 15: /Users/wen/Projects/wen.works/dist-newstyle/build/aarch64-osx/ghc-9.12.2/lets-list-all-programs-0.1.0.0/t/lets-list-all-programs/build/lets-list-all-programs/lets-list-all-programs count --system=STRLC --parallel-conjunction-strategy=OF --depth=15 +RTS -N -RTS
18
18
18
18
18
18
18
18
18
18
18
18
18
18
18
18
18
18
18
18
18
18
18
  Time (mean ± σ):      16.3 ms ±   0.1 ms    [User: 3.6 ms, System: 6.5 ms]
  Range (min … max):    16.1 ms …  16.5 ms    20 runs
 
Benchmark 16: /Users/wen/Projects/wen.works/dist-newstyle/build/aarch64-osx/ghc-9.12.2/lets-list-all-programs-0.1.0.0/t/lets-list-all-programs/build/lets-list-all-programs/lets-list-all-programs count --system=STRLC --parallel-conjunction-strategy=OF --depth=16 +RTS -N -RTS
36
36
36
36
36
36
36
36
36
36
36
36
36
36
36
36
36
36
36
36
36
36
36
  Time (mean ± σ):      16.2 ms ±   0.1 ms    [User: 4.7 ms, System: 8.9 ms]
  Range (min … max):    16.0 ms …  16.3 ms    20 runs
 
Benchmark 17: /Users/wen/Projects/wen.works/dist-newstyle/build/aarch64-osx/ghc-9.12.2/lets-list-all-programs-0.1.0.0/t/lets-list-all-programs/build/lets-list-all-programs/lets-list-all-programs count --system=STRLC --parallel-conjunction-strategy=OF --depth=17 +RTS -N -RTS
36
36
36
36
36
36
36
36
36
36
36
36
36
36
36
36
36
36
36
36
36
36
36
  Time (mean ± σ):      15.8 ms ±   0.5 ms    [User: 6.3 ms, System: 11.6 ms]
  Range (min … max):    14.1 ms …  16.2 ms    20 runs
 
Benchmark 18: /Users/wen/Projects/wen.works/dist-newstyle/build/aarch64-osx/ghc-9.12.2/lets-list-all-programs-0.1.0.0/t/lets-list-all-programs/build/lets-list-all-programs/lets-list-all-programs count --system=STRLC --parallel-conjunction-strategy=OF --depth=18 +RTS -N -RTS
69
69
69
69
69
69
69
69
69
69
69
69
69
69
69
69
69
69
69
69
69
69
69
  Time (mean ± σ):      21.3 ms ±   5.6 ms    [User: 9.7 ms, System: 15.9 ms]
  Range (min … max):    15.3 ms …  27.9 ms    20 runs
 
Benchmark 19: /Users/wen/Projects/wen.works/dist-newstyle/build/aarch64-osx/ghc-9.12.2/lets-list-all-programs-0.1.0.0/t/lets-list-all-programs/build/lets-list-all-programs/lets-list-all-programs count --system=STRLC --parallel-conjunction-strategy=OF --depth=19 +RTS -N -RTS
87
87
87
87
87
87
87
87
87
87
87
87
87
87
87
87
87
87
87
87
87
87
87
  Time (mean ± σ):      27.8 ms ±   1.3 ms    [User: 16.4 ms, System: 24.9 ms]
  Range (min … max):    25.1 ms …  29.5 ms    20 runs
 
Benchmark 20: /Users/wen/Projects/wen.works/dist-newstyle/build/aarch64-osx/ghc-9.12.2/lets-list-all-programs-0.1.0.0/t/lets-list-all-programs/build/lets-list-all-programs/lets-list-all-programs count --system=STRLC --parallel-conjunction-strategy=OF --depth=20 +RTS -N -RTS
173
173
173
173
173
173
173
173
173
173
173
173
173
173
173
173
173
173
173
173
173
173
173
  Time (mean ± σ):      38.3 ms ±   1.2 ms    [User: 25.9 ms, System: 35.8 ms]
  Range (min … max):    36.4 ms …  40.6 ms    20 runs
 
Benchmark 21: /Users/wen/Projects/wen.works/dist-newstyle/build/aarch64-osx/ghc-9.12.2/lets-list-all-programs-0.1.0.0/t/lets-list-all-programs/build/lets-list-all-programs/lets-list-all-programs count --system=STRLC --parallel-conjunction-strategy=OF --depth=21 +RTS -N -RTS
195
195
195
195
195
195
195
195
195
195
195
195
195
195
195
195
195
195
195
195
195
195
195
  Time (mean ± σ):      64.7 ms ±   5.0 ms    [User: 49.0 ms, System: 68.7 ms]
  Range (min … max):    59.4 ms …  72.0 ms    20 runs
 
Benchmark 22: /Users/wen/Projects/wen.works/dist-newstyle/build/aarch64-osx/ghc-9.12.2/lets-list-all-programs-0.1.0.0/t/lets-list-all-programs/build/lets-list-all-programs/lets-list-all-programs count --system=STRLC --parallel-conjunction-strategy=OF --depth=22 +RTS -N -RTS
385
385
385
385
385
385
385
385
385
385
385
385
385
385
385
385
385
385
385
385
385
385
385
  Time (mean ± σ):     115.2 ms ±   4.1 ms    [User: 91.7 ms, System: 125.7 ms]
  Range (min … max):   106.6 ms … 119.2 ms    20 runs
 
Benchmark 23: /Users/wen/Projects/wen.works/dist-newstyle/build/aarch64-osx/ghc-9.12.2/lets-list-all-programs-0.1.0.0/t/lets-list-all-programs/build/lets-list-all-programs/lets-list-all-programs count --system=STRLC --parallel-conjunction-strategy=OF --depth=23 +RTS -N -RTS
505
505
505
505
505
505
505
505
505
505
505
505
505
505
505
505
505
505
  Time (mean ± σ):     200.0 ms ±   3.5 ms    [User: 168.3 ms, System: 232.9 ms]
  Range (min … max):   192.0 ms … 204.4 ms    15 runs
 
Benchmark 24: /Users/wen/Projects/wen.works/dist-newstyle/build/aarch64-osx/ghc-9.12.2/lets-list-all-programs-0.1.0.0/t/lets-list-all-programs/build/lets-list-all-programs/lets-list-all-programs count --system=STRLC --parallel-conjunction-strategy=OF --depth=24 +RTS -N -RTS
970
970
970
970
970
970
970
970
970
970
  Time (mean ± σ):     385.6 ms ±   3.7 ms    [User: 335.8 ms, System: 459.0 ms]
  Range (min … max):   380.9 ms … 390.5 ms    7 runs
 
Benchmark 25: /Users/wen/Projects/wen.works/dist-newstyle/build/aarch64-osx/ghc-9.12.2/lets-list-all-programs-0.1.0.0/t/lets-list-all-programs/build/lets-list-all-programs/lets-list-all-programs count --system=STRLC --parallel-conjunction-strategy=OF --depth=25 +RTS -N -RTS
1299
1299
1299
1299
1299
1299
1299
  Time (mean ± σ):     752.4 ms ±   4.0 ms    [User: 665.3 ms, System: 931.7 ms]
  Range (min … max):   748.1 ms … 757.8 ms    4 runs
 
Benchmark 26: /Users/wen/Projects/wen.works/dist-newstyle/build/aarch64-osx/ghc-9.12.2/lets-list-all-programs-0.1.0.0/t/lets-list-all-programs/build/lets-list-all-programs/lets-list-all-programs count --system=STRLC --parallel-conjunction-strategy=OF --depth=26 +RTS -N -RTS
2492
2492
2492
2492
2492
  Time (mean ± σ):      1.484 s ±  0.002 s    [User: 1.314 s, System: 1.855 s]
  Range (min … max):    1.483 s …  1.485 s    2 runs
 
Benchmark 27: /Users/wen/Projects/wen.works/dist-newstyle/build/aarch64-osx/ghc-9.12.2/lets-list-all-programs-0.1.0.0/t/lets-list-all-programs/build/lets-list-all-programs/lets-list-all-programs count --system=STRLC --parallel-conjunction-strategy=OF --depth=27 +RTS -N -RTS
3408
3408
3408
3408
  Time (abs ≡):         2.891 s               [User: 2.560 s, System: 3.624 s]
 
Benchmark 28: /Users/wen/Projects/wen.works/dist-newstyle/build/aarch64-osx/ghc-9.12.2/lets-list-all-programs-0.1.0.0/t/lets-list-all-programs/build/lets-list-all-programs/lets-list-all-programs count --system=STRLC --parallel-conjunction-strategy=OF --depth=28 +RTS -N -RTS
6518
6518
6518
6518
  Time (abs ≡):         5.751 s               [User: 5.127 s, System: 7.336 s]
 
Benchmark 29: /Users/wen/Projects/wen.works/dist-newstyle/build/aarch64-osx/ghc-9.12.2/lets-list-all-programs-0.1.0.0/t/lets-list-all-programs/build/lets-list-all-programs/lets-list-all-programs count --system=STRLC --parallel-conjunction-strategy=OF --depth=29 +RTS -N -RTS
9786
9786
9786
9786
  Time (abs ≡):        11.471 s               [User: 10.211 s, System: 14.697 s]
 
Benchmark 30: /Users/wen/Projects/wen.works/dist-newstyle/build/aarch64-osx/ghc-9.12.2/lets-list-all-programs-0.1.0.0/t/lets-list-all-programs/build/lets-list-all-programs/lets-list-all-programs count --system=STRLC --parallel-conjunction-strategy=OF --depth=30 +RTS -N -RTS
17850
17850
17850
17850
  Time (abs ≡):        22.974 s               [User: 20.447 s, System: 29.462 s]
 
Summary
  /Users/wen/Projects/wen.works/dist-newstyle/build/aarch64-osx/ghc-9.12.2/lets-list-all-programs-0.1.0.0/t/lets-list-all-programs/build/lets-list-all-programs/lets-list-all-programs count --system=STRLC --parallel-conjunction-strategy=OF --depth=17 +RTS -N -RTS ran
    1.02 ± 0.03 times faster than /Users/wen/Projects/wen.works/dist-newstyle/build/aarch64-osx/ghc-9.12.2/lets-list-all-programs-0.1.0.0/t/lets-list-all-programs/build/lets-list-all-programs/lets-list-all-programs count --system=STRLC --parallel-conjunction-strategy=OF --depth=16 +RTS -N -RTS
    1.03 ± 0.03 times faster than /Users/wen/Projects/wen.works/dist-newstyle/build/aarch64-osx/ghc-9.12.2/lets-list-all-programs-0.1.0.0/t/lets-list-all-programs/build/lets-list-all-programs/lets-list-all-programs count --system=STRLC --parallel-conjunction-strategy=OF --depth=14 +RTS -N -RTS
    1.03 ± 0.03 times faster than /Users/wen/Projects/wen.works/dist-newstyle/build/aarch64-osx/ghc-9.12.2/lets-list-all-programs-0.1.0.0/t/lets-list-all-programs/build/lets-list-all-programs/lets-list-all-programs count --system=STRLC --parallel-conjunction-strategy=OF --depth=15 +RTS -N -RTS
    1.03 ± 0.03 times faster than /Users/wen/Projects/wen.works/dist-newstyle/build/aarch64-osx/ghc-9.12.2/lets-list-all-programs-0.1.0.0/t/lets-list-all-programs/build/lets-list-all-programs/lets-list-all-programs count --system=STRLC --parallel-conjunction-strategy=OF --depth=13 +RTS -N -RTS
    1.03 ± 0.03 times faster than /Users/wen/Projects/wen.works/dist-newstyle/build/aarch64-osx/ghc-9.12.2/lets-list-all-programs-0.1.0.0/t/lets-list-all-programs/build/lets-list-all-programs/lets-list-all-programs count --system=STRLC --parallel-conjunction-strategy=OF --depth=11 +RTS -N -RTS
    1.04 ± 0.05 times faster than /Users/wen/Projects/wen.works/dist-newstyle/build/aarch64-osx/ghc-9.12.2/lets-list-all-programs-0.1.0.0/t/lets-list-all-programs/build/lets-list-all-programs/lets-list-all-programs count --system=STRLC --parallel-conjunction-strategy=OF --depth=3 +RTS -N -RTS
    1.04 ± 0.03 times faster than /Users/wen/Projects/wen.works/dist-newstyle/build/aarch64-osx/ghc-9.12.2/lets-list-all-programs-0.1.0.0/t/lets-list-all-programs/build/lets-list-all-programs/lets-list-all-programs count --system=STRLC --parallel-conjunction-strategy=OF --depth=10 +RTS -N -RTS
    1.04 ± 0.04 times faster than /Users/wen/Projects/wen.works/dist-newstyle/build/aarch64-osx/ghc-9.12.2/lets-list-all-programs-0.1.0.0/t/lets-list-all-programs/build/lets-list-all-programs/lets-list-all-programs count --system=STRLC --parallel-conjunction-strategy=OF --depth=4 +RTS -N -RTS
    1.04 ± 0.04 times faster than /Users/wen/Projects/wen.works/dist-newstyle/build/aarch64-osx/ghc-9.12.2/lets-list-all-programs-0.1.0.0/t/lets-list-all-programs/build/lets-list-all-programs/lets-list-all-programs count --system=STRLC --parallel-conjunction-strategy=OF --depth=6 +RTS -N -RTS
    1.04 ± 0.03 times faster than /Users/wen/Projects/wen.works/dist-newstyle/build/aarch64-osx/ghc-9.12.2/lets-list-all-programs-0.1.0.0/t/lets-list-all-programs/build/lets-list-all-programs/lets-list-all-programs count --system=STRLC --parallel-conjunction-strategy=OF --depth=12 +RTS -N -RTS
    1.04 ± 0.04 times faster than /Users/wen/Projects/wen.works/dist-newstyle/build/aarch64-osx/ghc-9.12.2/lets-list-all-programs-0.1.0.0/t/lets-list-all-programs/build/lets-list-all-programs/lets-list-all-programs count --system=STRLC --parallel-conjunction-strategy=OF --depth=2 +RTS -N -RTS
    1.04 ± 0.04 times faster than /Users/wen/Projects/wen.works/dist-newstyle/build/aarch64-osx/ghc-9.12.2/lets-list-all-programs-0.1.0.0/t/lets-list-all-programs/build/lets-list-all-programs/lets-list-all-programs count --system=STRLC --parallel-conjunction-strategy=OF --depth=7 +RTS -N -RTS
    1.04 ± 0.04 times faster than /Users/wen/Projects/wen.works/dist-newstyle/build/aarch64-osx/ghc-9.12.2/lets-list-all-programs-0.1.0.0/t/lets-list-all-programs/build/lets-list-all-programs/lets-list-all-programs count --system=STRLC --parallel-conjunction-strategy=OF --depth=1 +RTS -N -RTS
    1.05 ± 0.03 times faster than /Users/wen/Projects/wen.works/dist-newstyle/build/aarch64-osx/ghc-9.12.2/lets-list-all-programs-0.1.0.0/t/lets-list-all-programs/build/lets-list-all-programs/lets-list-all-programs count --system=STRLC --parallel-conjunction-strategy=OF --depth=5 +RTS -N -RTS
    1.05 ± 0.04 times faster than /Users/wen/Projects/wen.works/dist-newstyle/build/aarch64-osx/ghc-9.12.2/lets-list-all-programs-0.1.0.0/t/lets-list-all-programs/build/lets-list-all-programs/lets-list-all-programs count --system=STRLC --parallel-conjunction-strategy=OF --depth=8 +RTS -N -RTS
    1.05 ± 0.03 times faster than /Users/wen/Projects/wen.works/dist-newstyle/build/aarch64-osx/ghc-9.12.2/lets-list-all-programs-0.1.0.0/t/lets-list-all-programs/build/lets-list-all-programs/lets-list-all-programs count --system=STRLC --parallel-conjunction-strategy=OF --depth=9 +RTS -N -RTS
    1.35 ± 0.35 times faster than /Users/wen/Projects/wen.works/dist-newstyle/build/aarch64-osx/ghc-9.12.2/lets-list-all-programs-0.1.0.0/t/lets-list-all-programs/build/lets-list-all-programs/lets-list-all-programs count --system=STRLC --parallel-conjunction-strategy=OF --depth=18 +RTS -N -RTS
    1.75 ± 0.10 times faster than /Users/wen/Projects/wen.works/dist-newstyle/build/aarch64-osx/ghc-9.12.2/lets-list-all-programs-0.1.0.0/t/lets-list-all-programs/build/lets-list-all-programs/lets-list-all-programs count --system=STRLC --parallel-conjunction-strategy=OF --depth=19 +RTS -N -RTS
    2.42 ± 0.11 times faster than /Users/wen/Projects/wen.works/dist-newstyle/build/aarch64-osx/ghc-9.12.2/lets-list-all-programs-0.1.0.0/t/lets-list-all-programs/build/lets-list-all-programs/lets-list-all-programs count --system=STRLC --parallel-conjunction-strategy=OF --depth=20 +RTS -N -RTS
    4.09 ± 0.34 times faster than /Users/wen/Projects/wen.works/dist-newstyle/build/aarch64-osx/ghc-9.12.2/lets-list-all-programs-0.1.0.0/t/lets-list-all-programs/build/lets-list-all-programs/lets-list-all-programs count --system=STRLC --parallel-conjunction-strategy=OF --depth=21 +RTS -N -RTS
    7.28 ± 0.35 times faster than /Users/wen/Projects/wen.works/dist-newstyle/build/aarch64-osx/ghc-9.12.2/lets-list-all-programs-0.1.0.0/t/lets-list-all-programs/build/lets-list-all-programs/lets-list-all-programs count --system=STRLC --parallel-conjunction-strategy=OF --depth=22 +RTS -N -RTS
   12.64 ± 0.45 times faster than /Users/wen/Projects/wen.works/dist-newstyle/build/aarch64-osx/ghc-9.12.2/lets-list-all-programs-0.1.0.0/t/lets-list-all-programs/build/lets-list-all-programs/lets-list-all-programs count --system=STRLC --parallel-conjunction-strategy=OF --depth=23 +RTS -N -RTS
   24.36 ± 0.80 times faster than /Users/wen/Projects/wen.works/dist-newstyle/build/aarch64-osx/ghc-9.12.2/lets-list-all-programs-0.1.0.0/t/lets-list-all-programs/build/lets-list-all-programs/lets-list-all-programs count --system=STRLC --parallel-conjunction-strategy=OF --depth=24 +RTS -N -RTS
   47.54 ± 1.52 times faster than /Users/wen/Projects/wen.works/dist-newstyle/build/aarch64-osx/ghc-9.12.2/lets-list-all-programs-0.1.0.0/t/lets-list-all-programs/build/lets-list-all-programs/lets-list-all-programs count --system=STRLC --parallel-conjunction-strategy=OF --depth=25 +RTS -N -RTS
   93.76 ± 2.96 times faster than /Users/wen/Projects/wen.works/dist-newstyle/build/aarch64-osx/ghc-9.12.2/lets-list-all-programs-0.1.0.0/t/lets-list-all-programs/build/lets-list-all-programs/lets-list-all-programs count --system=STRLC --parallel-conjunction-strategy=OF --depth=26 +RTS -N -RTS
  182.66 times faster than /Users/wen/Projects/wen.works/dist-newstyle/build/aarch64-osx/ghc-9.12.2/lets-list-all-programs-0.1.0.0/t/lets-list-all-programs/build/lets-list-all-programs/lets-list-all-programs count --system=STRLC --parallel-conjunction-strategy=OF --depth=27 +RTS -N -RTS
  363.34 times faster than /Users/wen/Projects/wen.works/dist-newstyle/build/aarch64-osx/ghc-9.12.2/lets-list-all-programs-0.1.0.0/t/lets-list-all-programs/build/lets-list-all-programs/lets-list-all-programs count --system=STRLC --parallel-conjunction-strategy=OF --depth=28 +RTS -N -RTS
  724.76 times faster than /Users/wen/Projects/wen.works/dist-newstyle/build/aarch64-osx/ghc-9.12.2/lets-list-all-programs-0.1.0.0/t/lets-list-all-programs/build/lets-list-all-programs/lets-list-all-programs count --system=STRLC --parallel-conjunction-strategy=OF --depth=29 +RTS -N -RTS
 1451.53 times faster than /Users/wen/Projects/wen.works/dist-newstyle/build/aarch64-osx/ghc-9.12.2/lets-list-all-programs-0.1.0.0/t/lets-list-all-programs/build/lets-list-all-programs/lets-list-all-programs count --system=STRLC --parallel-conjunction-strategy=OF --depth=30 +RTS -N -RTS
